ARM Linker, RVCT4.0 [Build 524] for uVision [Professional]

==============================================================================

Section Cross References

    stm32f10x.o(STACK) refers (Special) to heapauxi.o(.text) for __use_two_region_memory
    stm32f10x.o(HEAP) refers (Special) to heapauxi.o(.text) for __use_two_region_memory
    stm32f10x.o(RESET) refers (Special) to heapauxi.o(.text) for __use_two_region_memory
    stm32f10x.o(RESET) refers to stm32f10x.o(STACK) for __initial_sp
    stm32f10x.o(RESET) refers to stm32f10x.o(.text) for Reset_Handler
    stm32f10x.o(RESET) refers to rtc.o(.text) for RTC_IRQHandler
    stm32f10x.o(RESET) refers to timer.o(.text) for TIM2_IRQHandler
    stm32f10x.o(RESET) refers to usart.o(.text) for USART1_IRQHandler
    stm32f10x.o(RESET) refers to gprs.o(.text) for USART2_IRQHandler
    stm32f10x.o(.text) refers (Special) to heapauxi.o(.text) for __use_two_region_memory
    stm32f10x.o(.text) refers to __main.o(!!!main) for __main
    stm32f10x.o(.text) refers to stm32f10x.o(HEAP) for Heap_Mem
    stm32f10x.o(.text) refers to stm32f10x.o(STACK) for Stack_Mem
    delay.o(.text) refers to delay.o(.data) for .data
    sys.o(.text) refers to sys.o(.emb_text) for WFI_SET
    usart.o(.text) refers (Special) to use_no_semi_2.o(.text) for __use_no_semihosting
    usart.o(.text) refers to fflt_clz.o(x$fpl$ffltu) for __aeabi_ui2f
    usart.o(.text) refers to fdiv.o(x$fpl$fdiv) for __aeabi_fdiv
    usart.o(.text) refers to ffixu.o(x$fpl$ffixu) for __aeabi_f2uiz
    usart.o(.text) refers to faddsub_clz.o(x$fpl$frsb) for __aeabi_frsub
    usart.o(.text) refers to fmul.o(x$fpl$fmul) for __aeabi_fmul
    usart.o(.text) refers to sys.o(.text) for MY_NVIC_Init
    usart.o(.text) refers to usart.o(.data) for USART_RX_STA
    usart.o(.text) refers to usart.o(.bss) for USART_RX_BUF
    usart.o(.bss) refers (Special) to use_no_semi_2.o(.text) for __use_no_semihosting
    usart.o(.data) refers (Special) to use_no_semi_2.o(.text) for __use_no_semihosting
    gprs.o(.text) refers (Special) to _printf_percent.o(.ARM.Collect$$_printf_percent$$00000000) for _printf_percent
    gprs.o(.text) refers (Special) to _printf_s.o(.ARM.Collect$$_printf_percent$$00000014) for _printf_s
    gprs.o(.text) refers (Special) to _printf_str.o(.text) for _printf_str
    gprs.o(.text) refers to fflt_clz.o(x$fpl$ffltu) for __aeabi_ui2f
    gprs.o(.text) refers to fdiv.o(x$fpl$fdiv) for __aeabi_fdiv
    gprs.o(.text) refers to ffixu.o(x$fpl$ffixu) for __aeabi_f2uiz
    gprs.o(.text) refers to faddsub_clz.o(x$fpl$frsb) for __aeabi_frsub
    gprs.o(.text) refers to fmul.o(x$fpl$fmul) for __aeabi_fmul
    gprs.o(.text) refers to sys.o(.text) for MY_NVIC_Init
    gprs.o(.text) refers to strlen.o(.text) for strlen
    gprs.o(.text) refers to delay.o(.text) for delay_ms
    gprs.o(.text) refers to usart1.o(.text) for Usart1_Send_String
    gprs.o(.text) refers to test.o(.bss) for USART2_RX_BUF
    gprs.o(.text) refers to test.o(.data) for U2_K
    gprs.o(.text) refers to spi.o(.text) for SPIx_ReadWriteByte
    gprs.o(.text) refers to noretval__2printf.o(.text) for __2printf
    gprs.o(.text) refers to gprs.o(.data) for rec_gprs_length
    gprs.o(.data) refers (Special) to _printf_percent.o(.ARM.Collect$$_printf_percent$$00000000) for _printf_percent
    gprs.o(.data) refers (Special) to _printf_s.o(.ARM.Collect$$_printf_percent$$00000014) for _printf_s
    gprs.o(.data) refers (Special) to _printf_str.o(.text) for _printf_str
    usart1.o(.text) refers to strlen.o(.text) for strlen
    led.o(.text) refers to delay.o(.text) for delay_ms
    timer.o(.text) refers to sys.o(.text) for MY_NVIC_Init
    timer.o(.text) refers to test.o(.data) for time3count
    spi.o(.text) refers (Special) to _printf_d.o(.ARM.Collect$$_printf_percent$$00000009) for _printf_d
    spi.o(.text) refers (Special) to _printf_dec.o(.text) for _printf_int_dec
    spi.o(.text) refers (Special) to _printf_hex_int.o(.text) for _printf_longlong_hex
    spi.o(.text) refers (Special) to _printf_percent.o(.ARM.Collect$$_printf_percent$$00000000) for _printf_percent
    spi.o(.text) refers (Special) to _printf_x.o(.ARM.Collect$$_printf_percent$$0000000C) for _printf_x
    spi.o(.text) refers to delay.o(.text) for delay_us
    spi.o(.text) refers to noretval__2printf.o(.text) for __2printf
    spi.o(.text) refers to spi.o(.data) for start3
    spi.o(.text) refers to test.o(.bss) for spirec3
    spi.o(.data) refers (Special) to _printf_d.o(.ARM.Collect$$_printf_percent$$00000009) for _printf_d
    spi.o(.data) refers (Special) to _printf_dec.o(.text) for _printf_int_dec
    spi.o(.data) refers (Special) to _printf_hex_int.o(.text) for _printf_longlong_hex
    spi.o(.data) refers (Special) to _printf_percent.o(.ARM.Collect$$_printf_percent$$00000000) for _printf_percent
    spi.o(.data) refers (Special) to _printf_x.o(.ARM.Collect$$_printf_percent$$0000000C) for _printf_x
    rtc.o(.text) refers to delay.o(.text) for delay_ms
    rtc.o(.text) refers to rtc.o(.constdata) for table_week
    rtc.o(.text) refers to rtc.o(.data) for .data
    rtc.o(.text) refers to rtc.o(.bss) for timer
    rtc.o(.text) refers to test.o(.data) for COMPILED_DATE
    rtc.o(.text) refers to sys.o(.text) for MY_NVIC_Init
    test.o(.text) refers to sys.o(.text) for Stm32_Clock_Init
    test.o(.text) refers to delay.o(.text) for delay_init
    test.o(.text) refers to led.o(.text) for LED_Init
    test.o(.text) refers to rtc.o(.text) for RTC_Init
    test.o(.text) refers to gprs.o(.text) for USART2_Init
    test.o(.text) refers to usart.o(.text) for uart_init
    test.o(.text) refers to spi.o(.text) for SPIx_Init
    test.o(.text) refers to timer.o(.text) for Timer3_Init
    test.o(.text) refers to usart1.o(.text) for Usart1_Send_String
    test.o(.text) refers to test.o(.data) for creg_ok
    test.o(.text) refers to test.o(.bss) for USART2_RX_BUF
    test.o(.data) refers to test.o(.conststring) for .conststring
    use_no_semi_2.o(.text) refers (Special) to use_no_semi.o(.text) for __use_no_semihosting_swi
    __2printf.o(.text) refers to _printf_char_common.o(.text) for _printf_char_common
    __2printf.o(.text) refers to ferror.o(.text) for ferror
    __2printf.o(.text) refers to usart.o(.data) for __stdout
    __2printf.o(.text) refers to usart.o(.text) for fputc
    noretval__2printf.o(.text) refers to _printf_char_common.o(.text) for _printf_char_common
    noretval__2printf.o(.text) refers to usart.o(.data) for __stdout
    noretval__2printf.o(.text) refers to usart.o(.text) for fputc
    __printf.o(.text) refers to _printf_percent.o(.ARM.Collect$$_printf_percent$$00000000) for _printf_percent
    _printf_str.o(.text) refers (Special) to _printf_char.o(.text) for _printf_cs_common
    _printf_dec.o(.text) refers to rtudiv10.o(.text) for __rt_udiv10
    _printf_dec.o(.text) refers to _printf_intcommon.o(.text) for _printf_int_common
    _printf_hex_ll.o(.text) refers to _printf_intcommon.o(.text) for _printf_int_common
    _printf_hex_ll.o(.text) refers to _printf_hex_ll.o(.constdata) for .constdata
    _printf_hex_int.o(.text) refers to _printf_intcommon.o(.text) for _printf_int_common
    _printf_hex_int.o(.text) refers to _printf_hex_int.o(.constdata) for .constdata
    _printf_hex_int_ll.o(.text) refers to _printf_intcommon.o(.text) for _printf_int_common
    _printf_hex_int_ll.o(.text) refers to _printf_hex_int_ll.o(.constdata) for .constdata
    _printf_hex_ptr.o(.text) refers to _printf_intcommon.o(.text) for _printf_int_common
    _printf_hex_ptr.o(.text) refers to _printf_hex_ptr.o(.constdata) for .constdata
    _printf_hex_int_ptr.o(.text) refers to _printf_intcommon.o(.text) for _printf_int_common
    _printf_hex_int_ptr.o(.text) refers to _printf_hex_int_ptr.o(.constdata) for .constdata
    _printf_hex_ll_ptr.o(.text) refers to _printf_intcommon.o(.text) for _printf_int_common
    _printf_hex_ll_ptr.o(.text) refers to _printf_hex_ll_ptr.o(.constdata) for .constdata
    _printf_hex_int_ll_ptr.o(.text) refers to _printf_intcommon.o(.text) for _printf_int_common
    _printf_hex_int_ll_ptr.o(.text) refers to _printf_hex_int_ll_ptr.o(.constdata) for .constdata
    __printf_flags.o(.text) refers to _printf_percent.o(.ARM.Collect$$_printf_percent$$00000000) for _printf_percent
    __printf_flags.o(.text) refers to __printf_flags.o(.constdata) for .constdata
    __printf_ss.o(.text) refers to _printf_percent.o(.ARM.Collect$$_printf_percent$$00000000) for _printf_percent
    __printf_flags_ss.o(.text) refers to _printf_percent.o(.ARM.Collect$$_printf_percent$$00000000) for _printf_percent
    __printf_flags_ss.o(.text) refers to __printf_flags_ss.o(.constdata) for .constdata
    __printf_wp.o(.text) refers to _printf_percent.o(.ARM.Collect$$_printf_percent$$00000000) for _printf_percent
    __printf_flags_wp.o(.text) refers to _printf_percent.o(.ARM.Collect$$_printf_percent$$00000000) for _printf_percent
    __printf_flags_wp.o(.text) refers to __printf_flags_wp.o(.constdata) for .constdata
    __printf_ss_wp.o(.text) refers to _printf_percent.o(.ARM.Collect$$_printf_percent$$00000000) for _printf_percent
    __printf_flags_ss_wp.o(.text) refers to _printf_percent.o(.ARM.Collect$$_printf_percent$$00000000) for _printf_percent
    __printf_flags_ss_wp.o(.text) refers to __printf_flags_ss_wp.o(.constdata) for .constdata
    _printf_s.o(.ARM.Collect$$_printf_percent$$00000014) refers (Weak) to _printf_char.o(.text) for _printf_string
    _printf_x.o(.ARM.Collect$$_printf_percent$$0000000C) refers (Weak) to _printf_hex_int.o(.text) for _printf_int_hex
    _printf_d.o(.ARM.Collect$$_printf_percent$$00000009) refers (Weak) to _printf_dec.o(.text) for _printf_int_dec
    _printf_percent.o(.ARM.Collect$$_printf_percent$$00000000) refers (Special) to _printf_percent_end.o(.ARM.Collect$$_printf_percent$$00000017) for _printf_percent_end
    __main.o(!!!main) refers to rtentry.o(.ARM.Collect$$rtentry$$00000000) for __rt_entry
    faddsub_clz.o(x$fpl$fadd) refers (Special) to usenofp.o(x$fpl$usenofp) for __I$use$fp
    faddsub_clz.o(x$fpl$fadd) refers (Special) to funder.o(x$fpl$funder) for __funder
    faddsub_clz.o(x$fpl$fadd) refers to faddsub_clz.o(x$fpl$fsub) for _fsub1
    faddsub_clz.o(x$fpl$fadd) refers to fcheck.o(x$fpl$fcheck) for __fpl_fcheck_NaN2
    faddsub_clz.o(x$fpl$frsb) refers (Special) to usenofp.o(x$fpl$usenofp) for __I$use$fp
    faddsub_clz.o(x$fpl$frsb) refers (Special) to funder.o(x$fpl$funder) for __funder
    faddsub_clz.o(x$fpl$frsb) refers to faddsub_clz.o(x$fpl$fadd) for _fadd1
    faddsub_clz.o(x$fpl$frsb) refers to faddsub_clz.o(x$fpl$fsub) for _fsub1
    faddsub_clz.o(x$fpl$fsub) refers (Special) to usenofp.o(x$fpl$usenofp) for __I$use$fp
    faddsub_clz.o(x$fpl$fsub) refers (Special) to funder.o(x$fpl$funder) for __funder
    faddsub_clz.o(x$fpl$fsub) refers to faddsub_clz.o(x$fpl$fadd) for _fadd1
    faddsub_clz.o(x$fpl$fsub) refers to fcheck.o(x$fpl$fcheck) for __fpl_fcheck_NaN2
    fdiv.o(x$fpl$frdiv) refers (Special) to usenofp.o(x$fpl$usenofp) for __I$use$fp
    fdiv.o(x$fpl$frdiv) refers (Special) to fnorm2_clz.o(x$fpl$fnorm2) for __fpl_normalise2
    fdiv.o(x$fpl$frdiv) refers (Special) to funder.o(x$fpl$funder) for __funder
    fdiv.o(x$fpl$frdiv) refers to fdiv.o(x$fpl$fdiv) for _fdiv1
    fdiv.o(x$fpl$fdiv) refers (Special) to usenofp.o(x$fpl$usenofp) for __I$use$fp
    fdiv.o(x$fpl$fdiv) refers (Special) to fnorm2_clz.o(x$fpl$fnorm2) for __fpl_normalise2
    fdiv.o(x$fpl$fdiv) refers (Special) to funder.o(x$fpl$funder) for __funder
    fdiv.o(x$fpl$fdiv) refers to fcheck.o(x$fpl$fcheck) for __fpl_fcheck_NaN2
    ffixu.o(x$fpl$ffixu) refers (Special) to usenofp.o(x$fpl$usenofp) for __I$use$fp
    ffixu.o(x$fpl$ffixu) refers to fcheck1.o(x$fpl$fcheck1) for __fpl_fcheck_NaN1
    ffixu.o(x$fpl$ffixur) refers (Special) to usenofp.o(x$fpl$usenofp) for __I$use$fp
    ffixu.o(x$fpl$ffixur) refers to fcheck1.o(x$fpl$fcheck1) for __fpl_fcheck_NaN1
    fflt_clz.o(x$fpl$ffltu) refers (Special) to usenofp.o(x$fpl$usenofp) for __I$use$fp
    fflt_clz.o(x$fpl$ffltu) refers to fflt_clz.o(x$fpl$fflt) for __fflt_normalise
    fflt_clz.o(x$fpl$fflt) refers (Special) to usenofp.o(x$fpl$usenofp) for __I$use$fp
    fmul.o(x$fpl$fmul) refers (Special) to usenofp.o(x$fpl$usenofp) for __I$use$fp
    fmul.o(x$fpl$fmul) refers (Special) to fnorm2_clz.o(x$fpl$fnorm2) for __fpl_normalise2
    fmul.o(x$fpl$fmul) refers (Special) to funder.o(x$fpl$funder) for __funder
    fmul.o(x$fpl$fmul) refers to fcheck.o(x$fpl$fcheck) for __fpl_fcheck_NaN2
    rtentry.o(.ARM.Collect$$rtentry$$00000000) refers (Special) to rtentry2.o(.ARM.Collect$$rtentry$$0000000A) for __rt_entry_li
    rtentry.o(.ARM.Collect$$rtentry$$00000000) refers (Special) to rtentry2.o(.ARM.Collect$$rtentry$$0000000D) for __rt_entry_main
    rtentry.o(.ARM.Collect$$rtentry$$00000000) refers (Special) to rtentry2.o(.ARM.Collect$$rtentry$$0000000C) for __rt_entry_postli_1
    rtentry.o(.ARM.Collect$$rtentry$$00000000) refers (Special) to rtentry2.o(.ARM.Collect$$rtentry$$00000009) for __rt_entry_postsh_1
    rtentry.o(.ARM.Collect$$rtentry$$00000000) refers (Special) to rtentry2.o(.ARM.Collect$$rtentry$$00000002) for __rt_entry_presh_1
    rtentry.o(.ARM.Collect$$rtentry$$00000000) refers (Special) to rtentry4.o(.ARM.Collect$$rtentry$$00000004) for __rt_entry_sh
    rtentry.o(.ARM.exidx) refers (Special) to rtentry2.o(.ARM.Collect$$rtentry$$0000000A) for __rt_entry_li
    rtentry.o(.ARM.exidx) refers (Special) to rtentry2.o(.ARM.Collect$$rtentry$$0000000D) for __rt_entry_main
    rtentry.o(.ARM.exidx) refers (Special) to rtentry2.o(.ARM.Collect$$rtentry$$0000000C) for __rt_entry_postli_1
    rtentry.o(.ARM.exidx) refers (Special) to rtentry2.o(.ARM.Collect$$rtentry$$00000009) for __rt_entry_postsh_1
    rtentry.o(.ARM.exidx) refers (Special) to rtentry2.o(.ARM.Collect$$rtentry$$00000002) for __rt_entry_presh_1
    rtentry.o(.ARM.exidx) refers (Special) to rtentry4.o(.ARM.Collect$$rtentry$$00000004) for __rt_entry_sh
    rtentry.o(.ARM.exidx) refers to rtentry.o(.ARM.Collect$$rtentry$$00000000) for .ARM.Collect$$rtentry$$00000000
    _printf_char_common.o(.text) refers to __printf.o(.text) for __printf
    _printf_char.o(.text) refers (Weak) to _printf_str.o(.text) for _printf_str
    fcheck.o(x$fpl$fcheck) refers (Special) to usenofp.o(x$fpl$usenofp) for __I$use$fp
    fcheck.o(x$fpl$fcheck) refers to retnan.o(x$fpl$retnan) for __fpl_return_NaN
    fcheck1.o(x$fpl$fcheck1) refers (Special) to usenofp.o(x$fpl$usenofp) for __I$use$fp
    fcheck1.o(x$fpl$fcheck1) refers to retnan.o(x$fpl$retnan) for __fpl_return_NaN
    fnorm2_clz.o(x$fpl$fnorm2) refers (Special) to usenofp.o(x$fpl$usenofp) for __I$use$fp
    funder.o(x$fpl$funder) refers (Special) to usenofp.o(x$fpl$usenofp) for __I$use$fp
    rtentry2.o(.ARM.Collect$$rtentry$$00000008) refers to boardinit2.o(.text) for _platform_post_stackheap_init
    rtentry2.o(.ARM.Collect$$rtentry$$0000000A) refers to libinit.o(.ARM.Collect$$libinit$$00000000) for __rt_lib_init
    rtentry2.o(.ARM.Collect$$rtentry$$0000000B) refers to boardinit3.o(.text) for _platform_post_lib_init
    rtentry2.o(.ARM.Collect$$rtentry$$0000000D) refers to test.o(.text) for main
    rtentry2.o(.ARM.Collect$$rtentry$$0000000D) refers to exit.o(.text) for exit
    rtentry2.o(.ARM.exidx) refers to rtentry2.o(.ARM.Collect$$rtentry$$00000001) for .ARM.Collect$$rtentry$$00000001
    rtentry2.o(.ARM.exidx) refers to rtentry2.o(.ARM.Collect$$rtentry$$00000002) for .ARM.Collect$$rtentry$$00000002
    rtentry2.o(.ARM.exidx) refers to rtentry2.o(.ARM.Collect$$rtentry$$00000008) for .ARM.Collect$$rtentry$$00000008
    rtentry2.o(.ARM.exidx) refers to rtentry2.o(.ARM.Collect$$rtentry$$00000009) for .ARM.Collect$$rtentry$$00000009
    rtentry2.o(.ARM.exidx) refers to rtentry2.o(.ARM.Collect$$rtentry$$0000000A) for .ARM.Collect$$rtentry$$0000000A
    rtentry2.o(.ARM.exidx) refers to rtentry2.o(.ARM.Collect$$rtentry$$0000000B) for .ARM.Collect$$rtentry$$0000000B
    rtentry2.o(.ARM.exidx) refers to rtentry2.o(.ARM.Collect$$rtentry$$0000000C) for .ARM.Collect$$rtentry$$0000000C
    rtentry2.o(.ARM.exidx) refers to rtentry2.o(.ARM.Collect$$rtentry$$0000000D) for .ARM.Collect$$rtentry$$0000000D
    rtentry4.o(.ARM.Collect$$rtentry$$00000004) refers to sys_stackheap_outer.o(.text) for __user_setup_stackheap
    rtentry4.o(.ARM.exidx) refers to rtentry4.o(.ARM.Collect$$rtentry$$00000004) for .ARM.Collect$$rtentry$$00000004
    retnan.o(x$fpl$retnan) refers (Special) to usenofp.o(x$fpl$usenofp) for __I$use$fp
    retnan.o(x$fpl$retnan) refers to trapv.o(x$fpl$trapveneer) for __fpl_cmpreturn
    sys_stackheap_outer.o(.text) refers to libspace.o(.text) for __user_perproc_libspace
    sys_stackheap_outer.o(.text) refers to stm32f10x.o(.text) for __user_initial_stackheap
    exit.o(.text) refers to rtexit.o(.ARM.Collect$$rtexit$$00000000) for __rt_exit
    libinit.o(.ARM.Collect$$libinit$$00000000) refers (Special) to libinit2.o(.ARM.Collect$$libinit$$0000002A) for __rt_lib_init_alloca_1
    libinit.o(.ARM.Collect$$libinit$$00000000) refers (Special) to libinit2.o(.ARM.Collect$$libinit$$00000028) for __rt_lib_init_argv_1
    libinit.o(.ARM.Collect$$libinit$$00000000) refers (Special) to libinit2.o(.ARM.Collect$$libinit$$00000017) for __rt_lib_init_atexit_1
    libinit.o(.ARM.Collect$$libinit$$00000000) refers (Special) to libinit2.o(.ARM.Collect$$libinit$$0000001D) for __rt_lib_init_clock_1
    libinit.o(.ARM.Collect$$libinit$$00000000) refers (Special) to libinit2.o(.ARM.Collect$$libinit$$0000002E) for __rt_lib_init_cpp_1
    libinit.o(.ARM.Collect$$libinit$$00000000) refers (Special) to libinit2.o(.ARM.Collect$$libinit$$0000002C) for __rt_lib_init_exceptions_1
    libinit.o(.ARM.Collect$$libinit$$00000000) refers (Special) to libinit2.o(.ARM.Collect$$libinit$$0000001B) for __rt_lib_init_fp_trap_1
    libinit.o(.ARM.Collect$$libinit$$00000000) refers (Special) to libinit2.o(.ARM.Collect$$libinit$$0000001F) for __rt_lib_init_getenv_1
    libinit.o(.ARM.Collect$$libinit$$00000000) refers (Special) to libinit2.o(.ARM.Collect$$libinit$$00000006) for __rt_lib_init_heap_1
    libinit.o(.ARM.Collect$$libinit$$00000000) refers (Special) to libinit2.o(.ARM.Collect$$libinit$$0000000D) for __rt_lib_init_lc_collate_1
    libinit.o(.ARM.Collect$$libinit$$00000000) refers (Special) to libinit2.o(.ARM.Collect$$libinit$$0000000F) for __rt_lib_init_lc_ctype_1
    libinit.o(.ARM.Collect$$libinit$$00000000) refers (Special) to libinit2.o(.ARM.Collect$$libinit$$00000011) for __rt_lib_init_lc_monetary_1
    libinit.o(.ARM.Collect$$libinit$$00000000) refers (Special) to libinit2.o(.ARM.Collect$$libinit$$00000013) for __rt_lib_init_lc_numeric_1
    libinit.o(.ARM.Collect$$libinit$$00000000) refers (Special) to libinit2.o(.ARM.Collect$$libinit$$00000015) for __rt_lib_init_lc_time_1
    libinit.o(.ARM.Collect$$libinit$$00000000) refers (Special) to libinit2.o(.ARM.Collect$$libinit$$0000000A) for __rt_lib_init_rand_1
    libinit.o(.ARM.Collect$$libinit$$00000000) refers (Special) to libinit2.o(.ARM.Collect$$libinit$$0000002F) for __rt_lib_init_return
    libinit.o(.ARM.Collect$$libinit$$00000000) refers (Special) to libinit2.o(.ARM.Collect$$libinit$$00000019) for __rt_lib_init_signal_1
    libinit.o(.ARM.Collect$$libinit$$00000000) refers (Special) to libinit2.o(.ARM.Collect$$libinit$$00000021) for __rt_lib_init_stdio_1
    libinit.o(.ARM.Collect$$libinit$$00000000) refers (Special) to libinit2.o(.ARM.Collect$$libinit$$00000008) for __rt_lib_init_user_alloc_1
    trapv.o(x$fpl$trapveneer) refers (Special) to usenofp.o(x$fpl$usenofp) for __I$use$fp
    libspace.o(.text) refers to libspace.o(.bss) for __libspace_start
    rtexit.o(.ARM.Collect$$rtexit$$00000000) refers (Special) to rtexit2.o(.ARM.Collect$$rtexit$$00000004) for __rt_exit_exit
    rtexit.o(.ARM.Collect$$rtexit$$00000000) refers (Special) to rtexit2.o(.ARM.Collect$$rtexit$$00000003) for __rt_exit_ls
    rtexit.o(.ARM.Collect$$rtexit$$00000000) refers (Special) to rtexit2.o(.ARM.Collect$$rtexit$$00000002) for __rt_exit_prels_1
    rtexit.o(.ARM.exidx) refers (Special) to rtexit2.o(.ARM.Collect$$rtexit$$00000004) for __rt_exit_exit
    rtexit.o(.ARM.exidx) refers (Special) to rtexit2.o(.ARM.Collect$$rtexit$$00000003) for __rt_exit_ls
    rtexit.o(.ARM.exidx) refers (Special) to rtexit2.o(.ARM.Collect$$rtexit$$00000002) for __rt_exit_prels_1
    rtexit.o(.ARM.exidx) refers to rtexit.o(.ARM.Collect$$rtexit$$00000000) for .ARM.Collect$$rtexit$$00000000
    libinit2.o(.ARM.Collect$$libinit$$0000000C) refers to libinit2.o(.ARM.Collect$$libinit$$0000000B) for .ARM.Collect$$libinit$$0000000B
    libinit2.o(.ARM.Collect$$libinit$$0000000E) refers to libinit2.o(.ARM.Collect$$libinit$$0000000B) for .ARM.Collect$$libinit$$0000000B
    libinit2.o(.ARM.Collect$$libinit$$00000010) refers to libinit2.o(.ARM.Collect$$libinit$$0000000B) for .ARM.Collect$$libinit$$0000000B
    libinit2.o(.ARM.Collect$$libinit$$00000012) refers to libinit2.o(.ARM.Collect$$libinit$$0000000B) for .ARM.Collect$$libinit$$0000000B
    libinit2.o(.ARM.Collect$$libinit$$00000014) refers to libinit2.o(.ARM.Collect$$libinit$$0000000B) for .ARM.Collect$$libinit$$0000000B
    libinit2.o(.ARM.Collect$$libinit$$00000022) refers to argv_veneer.o(.emb_text) for __ARM_argv_veneer
    libinit2.o(.ARM.Collect$$libinit$$00000023) refers to argv_veneer.o(.emb_text) for __ARM_argv_veneer
    rtexit2.o(.ARM.Collect$$rtexit$$00000003) refers to libshutdown.o(.ARM.Collect$$libshutdown$$00000000) for __rt_lib_shutdown
    rtexit2.o(.ARM.Collect$$rtexit$$00000004) refers to usart.o(.text) for _sys_exit
    rtexit2.o(.ARM.exidx) refers to rtexit2.o(.ARM.Collect$$rtexit$$00000001) for .ARM.Collect$$rtexit$$00000001
    rtexit2.o(.ARM.exidx) refers to rtexit2.o(.ARM.Collect$$rtexit$$00000002) for .ARM.Collect$$rtexit$$00000002
    rtexit2.o(.ARM.exidx) refers to rtexit2.o(.ARM.Collect$$rtexit$$00000003) for .ARM.Collect$$rtexit$$00000003
    rtexit2.o(.ARM.exidx) refers to rtexit2.o(.ARM.Collect$$rtexit$$00000004) for .ARM.Collect$$rtexit$$00000004
    argv_veneer.o(.emb_text) refers to no_argv.o(.text) for __ARM_get_argv
    _get_argv_nomalloc.o(.text) refers (Special) to hrguard.o(.text) for __heap_region$guard
    _get_argv_nomalloc.o(.text) refers to defsig_rtmem_outer.o(.text) for __rt_SIGRTMEM
    _get_argv_nomalloc.o(.text) refers to sys_command.o(.text) for _sys_command_string
    libshutdown.o(.ARM.Collect$$libshutdown$$00000000) refers (Special) to libshutdown2.o(.ARM.Collect$$libshutdown$$00000006) for __rt_lib_shutdown_fp_trap_1
    libshutdown.o(.ARM.Collect$$libshutdown$$00000000) refers (Special) to libshutdown2.o(.ARM.Collect$$libshutdown$$0000000E) for __rt_lib_shutdown_heap_1
    libshutdown.o(.ARM.Collect$$libshutdown$$00000000) refers (Special) to libshutdown2.o(.ARM.Collect$$libshutdown$$0000000F) for __rt_lib_shutdown_return
    libshutdown.o(.ARM.Collect$$libshutdown$$00000000) refers (Special) to libshutdown2.o(.ARM.Collect$$libshutdown$$00000009) for __rt_lib_shutdown_signal_1
    libshutdown.o(.ARM.Collect$$libshutdown$$00000000) refers (Special) to libshutdown2.o(.ARM.Collect$$libshutdown$$00000003) for __rt_lib_shutdown_stdio_1
    libshutdown.o(.ARM.Collect$$libshutdown$$00000000) refers (Special) to libshutdown2.o(.ARM.Collect$$libshutdown$$0000000B) for __rt_lib_shutdown_user_alloc_1
    sys_command.o(.text) refers (Special) to use_no_semi.o(.text) for __I$use$semihosting
    defsig_rtmem_outer.o(.text) refers to defsig_rtmem_inner.o(.text) for __rt_SIGRTMEM_inner
    defsig_rtmem_outer.o(.text) refers to defsig_exit.o(.text) for __sig_exit
    defsig_rtmem_formal.o(.text) refers to rt_raise.o(.text) for __rt_raise
    rt_raise.o(.text) refers to __raise.o(.text) for __raise
    rt_raise.o(.text) refers to usart.o(.text) for _sys_exit
    defsig_exit.o(.text) refers to usart.o(.text) for _sys_exit
    defsig_rtmem_inner.o(.text) refers to defsig_general.o(.text) for __default_signal_display
    __raise.o(.text) refers to defsig.o(CL$$defsig) for __default_signal_handler
    defsig_general.o(.text) refers to sys_wrch.o(.text) for _ttywrch
    sys_wrch.o(.text) refers (Special) to use_no_semi.o(.text) for __I$use$semihosting
    defsig.o(CL$$defsig) refers to defsig_rtmem_inner.o(.text) for __rt_SIGRTMEM_inner
    defsig_abrt_inner.o(.text) refers to defsig_general.o(.text) for __default_signal_display
    defsig_fpe_inner.o(.text) refers to defsig_general.o(.text) for __default_signal_display
    defsig_rtred_inner.o(.text) refers to defsig_general.o(.text) for __default_signal_display
    defsig_stak_inner.o(.text) refers to defsig_general.o(.text) for __default_signal_display
    defsig_pvfn_inner.o(.text) refers to defsig_general.o(.text) for __default_signal_display
    defsig_cppl_inner.o(.text) refers to defsig_general.o(.text) for __default_signal_display
    defsig_segv_inner.o(.text) refers to defsig_general.o(.text) for __default_signal_display
    defsig_other.o(.text) refers to defsig_general.o(.text) for __default_signal_display


==============================================================================

Image Symbol Table

    Local Symbols

    Symbol Name                              Value     Ov Type        Size  Object(Section)

    ../../angel/boardlib.s                   0x00000000   Number         0  boardinit2.o ABSOLUTE
    ../../angel/boardlib.s                   0x00000000   Number         0  boardinit3.o ABSOLUTE
    ../../angel/boardlib.s                   0x00000000   Number         0  boardinit1.o ABSOLUTE
    ../../angel/boardlib.s                   0x00000000   Number         0  boardshut.o ABSOLUTE
    ../../angel/handlers.s                   0x00000000   Number         0  __scatter_zi.o ABSOLUTE
    ../../angel/handlers.s                   0x00000000   Number         0  __scatter_copy.o ABSOLUTE
    ../../angel/kernel.s                     0x00000000   Number         0  rtentry4.o ABSOLUTE
    ../../angel/kernel.s                     0x00000000   Number         0  rtentry2.o ABSOLUTE
    ../../angel/kernel.s                     0x00000000   Number         0  rtentry.o ABSOLUTE
    ../../angel/kernel.s                     0x00000000   Number         0  rtexit.o ABSOLUTE
    ../../angel/kernel.s                     0x00000000   Number         0  rtexit2.o ABSOLUTE
    ../../angel/rt.s                         0x00000000   Number         0  rt_raise.o ABSOLUTE
    ../../angel/scatter.s                    0x00000000   Number         0  __scatter.o ABSOLUTE
    ../../angel/startup.s                    0x00000000   Number         0  __main.o ABSOLUTE
    ../../angel/sys.s                        0x00000000   Number         0  sys_stackheap_outer.o ABSOLUTE
    ../../angel/sys.s                        0x00000000   Number         0  use_no_semi.o ABSOLUTE
    ../../angel/sys.s                        0x00000000   Number         0  use_no_semi_2.o ABSOLUTE
    ../../angel/sys.s                        0x00000000   Number         0  libspace.o ABSOLUTE
    ../../angel/sysapp.c                     0x00000000   Number         0  sys_wrch.o ABSOLUTE
    ../../angel/sysapp.c                     0x00000000   Number         0  sys_command.o ABSOLUTE
    ../../armsys.c                           0x00000000   Number         0  _get_argv_nomalloc.o ABSOLUTE
    ../../armsys.c                           0x00000000   Number         0  argv_veneer.o ABSOLUTE
    ../../armsys.c                           0x00000000   Number         0  no_argv.o ABSOLUTE
    ../../armsys.c                           0x00000000   Number         0  argv_veneer.o ABSOLUTE
    ../../division_7m.s                      0x00000000   Number         0  rtudiv10.o ABSOLUTE
    ../../faddsub.s                          0x00000000   Number         0  faddsub_clz.o ABSOLUTE
    ../../fcheck.s                           0x00000000   Number         0  fcheck.o ABSOLUTE
    ../../fcheck1.s                          0x00000000   Number         0  fcheck1.o ABSOLUTE
    ../../fdiv.s                             0x00000000   Number         0  fdiv.o ABSOLUTE
    ../../ffixu.s                            0x00000000   Number         0  ffixu.o ABSOLUTE
    ../../fflt.s                             0x00000000   Number         0  fflt_clz.o ABSOLUTE
    ../../fmul.s                             0x00000000   Number         0  fmul.o ABSOLUTE
    ../../fnorm2.s                           0x00000000   Number         0  fnorm2_clz.o ABSOLUTE
    ../../fpinit.s                           0x00000000   Number         0  fpinit.o ABSOLUTE
    ../../funder.s                           0x00000000   Number         0  funder.o ABSOLUTE
    ../../heapalloc.c                        0x00000000   Number         0  hrguard.o ABSOLUTE
    ../../heapaux.c                          0x00000000   Number         0  heapauxi.o ABSOLUTE
    ../../libinit.s                          0x00000000   Number         0  libinit.o ABSOLUTE
    ../../libinit.s                          0x00000000   Number         0  libshutdown.o ABSOLUTE
    ../../libinit.s                          0x00000000   Number         0  libshutdown2.o ABSOLUTE
    ../../libinit.s                          0x00000000   Number         0  libinit2.o ABSOLUTE
    ../../printf.c                           0x00000000   Number         0  _printf_dec.o ABSOLUTE
    ../../printf.c                           0x00000000   Number         0  _printf_intcommon.o ABSOLUTE
    ../../printf.c                           0x00000000   Number         0  _printf_char.o ABSOLUTE
    ../../printf.c                           0x00000000   Number         0  _printf_char_common.o ABSOLUTE
    ../../printf.c                           0x00000000   Number         0  __2printf.o ABSOLUTE
    ../../printf.c                           0x00000000   Number         0  __printf_ss.o ABSOLUTE
    ../../printf.c                           0x00000000   Number         0  noretval__2printf.o ABSOLUTE
    ../../printf.c                           0x00000000   Number         0  __printf_flags_ss.o ABSOLUTE
    ../../printf.c                           0x00000000   Number         0  __printf_wp.o ABSOLUTE
    ../../printf.c                           0x00000000   Number         0  __printf_flags_wp.o ABSOLUTE
    ../../printf.c                           0x00000000   Number         0  __printf_ss_wp.o ABSOLUTE
    ../../printf.c                           0x00000000   Number         0  __printf_flags_ss_wp.o ABSOLUTE
    ../../printf.c                           0x00000000   Number         0  _printf_hex_ll.o ABSOLUTE
    ../../printf.c                           0x00000000   Number         0  _printf_str.o ABSOLUTE
    ../../printf.c                           0x00000000   Number         0  __printf.o ABSOLUTE
    ../../printf.c                           0x00000000   Number         0  _printf_hex_int.o ABSOLUTE
    ../../printf.c                           0x00000000   Number         0  _printf_hex_int_ll.o ABSOLUTE
    ../../printf.c                           0x00000000   Number         0  _printf_hex_ptr.o ABSOLUTE
    ../../printf.c                           0x00000000   Number         0  _printf_hex_int_ptr.o ABSOLUTE
    ../../printf.c                           0x00000000   Number         0  _printf_hex_ll_ptr.o ABSOLUTE
    ../../printf.c                           0x00000000   Number         0  _printf_hex_int_ll_ptr.o ABSOLUTE
    ../../printf.c                           0x00000000   Number         0  __printf_flags.o ABSOLUTE
    ../../printf.c                           0x00000000   Number         0  __printf_nopercent.o ABSOLUTE
    ../../printf_percent.s                   0x00000000   Number         0  _printf_percent.o ABSOLUTE
    ../../printf_percent.s                   0x00000000   Number         0  _printf_d.o ABSOLUTE
    ../../printf_percent.s                   0x00000000   Number         0  _printf_s.o ABSOLUTE
    ../../printf_percent.s                   0x00000000   Number         0  _printf_x.o ABSOLUTE
    ../../printf_percent.s                   0x00000000   Number         0  _printf_percent_end.o ABSOLUTE
    ../../retnan.s                           0x00000000   Number         0  retnan.o ABSOLUTE
    ../../signal.c                           0x00000000   Number         0  defsig_pvfn_inner.o ABSOLUTE
    ../../signal.c                           0x00000000   Number         0  defsig_stak_inner.o ABSOLUTE
    ../../signal.c                           0x00000000   Number         0  defsig_rtred_inner.o ABSOLUTE
    ../../signal.c                           0x00000000   Number         0  defsig_fpe_inner.o ABSOLUTE
    ../../signal.c                           0x00000000   Number         0  defsig_other.o ABSOLUTE
    ../../signal.c                           0x00000000   Number         0  defsig_rtmem_outer.o ABSOLUTE
    ../../signal.c                           0x00000000   Number         0  defsig_rtmem_formal.o ABSOLUTE
    ../../signal.c                           0x00000000   Number         0  defsig_exit.o ABSOLUTE
    ../../signal.c                           0x00000000   Number         0  defsig_segv_inner.o ABSOLUTE
    ../../signal.c                           0x00000000   Number         0  defsig_cppl_inner.o ABSOLUTE
    ../../signal.c                           0x00000000   Number         0  defsig_rtmem_inner.o ABSOLUTE
    ../../signal.c                           0x00000000   Number         0  __raise.o ABSOLUTE
    ../../signal.c                           0x00000000   Number         0  defsig_general.o ABSOLUTE
    ../../signal.c                           0x00000000   Number         0  defsig_abrt_inner.o ABSOLUTE
    ../../signal.s                           0x00000000   Number         0  defsig.o ABSOLUTE
    ../../stdio.c                            0x00000000   Number         0  ferror_locked.o ABSOLUTE
    ../../stdio.c                            0x00000000   Number         0  ferror.o ABSOLUTE
    ../../stdlib.c                           0x00000000   Number         0  exit.o ABSOLUTE
    ../../string.c                           0x00000000   Number         0  strlen.o ABSOLUTE
    ../../trapv.s                            0x00000000   Number         0  trapv.o ABSOLUTE
    ../../usenofp.s                          0x00000000   Number         0  usenofp.o ABSOLUTE
    ..\HARDWARE\gprs.c                       0x00000000   Number         0  gprs.o ABSOLUTE
    ..\HARDWARE\led.c                        0x00000000   Number         0  led.o ABSOLUTE
    ..\HARDWARE\rtc.c                        0x00000000   Number         0  rtc.o ABSOLUTE
    ..\HARDWARE\spi.c                        0x00000000   Number         0  spi.o ABSOLUTE
    ..\HARDWARE\timer.c                      0x00000000   Number         0  timer.o ABSOLUTE
    ..\HARDWARE\usart1.c                     0x00000000   Number         0  usart1.o ABSOLUTE
    ..\SYSTEM\delay.c                        0x00000000   Number         0  delay.o ABSOLUTE
    ..\SYSTEM\sys.c                          0x00000000   Number         0  sys.o ABSOLUTE
    ..\SYSTEM\usart.c                        0x00000000   Number         0  usart.o ABSOLUTE
    ..\\SYSTEM\\sys.c                        0x00000000   Number         0  sys.o ABSOLUTE
    STM32F10x.s                              0x00000000   Number         0  stm32f10x.o ABSOLUTE
    dc.s                                     0x00000000   Number         0  dc.o ABSOLUTE
    test.c                                   0x00000000   Number         0  test.o ABSOLUTE
    RESET                                    0x08000000   Section      236  stm32f10x.o(RESET)
    !!!main                                  0x080000ec   Section        8  __main.o(!!!main)
    !!!scatter                               0x080000f4   Section       52  __scatter.o(!!!scatter)
    !!handler_copy                           0x08000128   Section       26  __scatter_copy.o(!!handler_copy)
    !!handler_zi                             0x08000144   Section       28  __scatter_zi.o(!!handler_zi)
    .ARM.Collect$$_printf_percent$$00000000  0x08000160   Section        0  _printf_percent.o(.ARM.Collect$$_printf_percent$$00000000)
    .ARM.Collect$$_printf_percent$$00000009  0x08000160   Section        6  _printf_d.o(.ARM.Collect$$_printf_percent$$00000009)
    .ARM.Collect$$_printf_percent$$0000000C  0x08000166   Section        6  _printf_x.o(.ARM.Collect$$_printf_percent$$0000000C)
    .ARM.Collect$$_printf_percent$$00000014  0x0800016c   Section        6  _printf_s.o(.ARM.Collect$$_printf_percent$$00000014)
    .ARM.Collect$$_printf_percent$$00000017  0x08000172   Section        4  _printf_percent_end.o(.ARM.Collect$$_printf_percent$$00000017)
    .ARM.Collect$$libinit$$00000000          0x08000176   Section        6  libinit.o(.ARM.Collect$$libinit$$00000000)
    .ARM.Collect$$libinit$$00000006          0x0800017c   Section        0  libinit2.o(.ARM.Collect$$libinit$$00000006)
    .ARM.Collect$$libinit$$00000008          0x0800017c   Section        0  libinit2.o(.ARM.Collect$$libinit$$00000008)
    .ARM.Collect$$libinit$$0000000A          0x0800017c   Section        0  libinit2.o(.ARM.Collect$$libinit$$0000000A)
    .ARM.Collect$$libinit$$0000000D          0x0800017c   Section        0  libinit2.o(.ARM.Collect$$libinit$$0000000D)
    .ARM.Collect$$libinit$$0000000F          0x0800017c   Section        0  libinit2.o(.ARM.Collect$$libinit$$0000000F)
    .ARM.Collect$$libinit$$00000011          0x0800017c   Section        0  libinit2.o(.ARM.Collect$$libinit$$00000011)
    .ARM.Collect$$libinit$$00000013          0x0800017c   Section        0  libinit2.o(.ARM.Collect$$libinit$$00000013)
    .ARM.Collect$$libinit$$00000015          0x0800017c   Section        0  libinit2.o(.ARM.Collect$$libinit$$00000015)
    .ARM.Collect$$libinit$$00000017          0x0800017c   Section        0  libinit2.o(.ARM.Collect$$libinit$$00000017)
    .ARM.Collect$$libinit$$00000019          0x0800017c   Section        0  libinit2.o(.ARM.Collect$$libinit$$00000019)
    .ARM.Collect$$libinit$$0000001B          0x0800017c   Section        0  libinit2.o(.ARM.Collect$$libinit$$0000001B)
    .ARM.Collect$$libinit$$0000001D          0x0800017c   Section        0  libinit2.o(.ARM.Collect$$libinit$$0000001D)
    .ARM.Collect$$libinit$$0000001F          0x0800017c   Section        0  libinit2.o(.ARM.Collect$$libinit$$0000001F)
    .ARM.Collect$$libinit$$00000021          0x0800017c   Section        0  libinit2.o(.ARM.Collect$$libinit$$00000021)
    .ARM.Collect$$libinit$$00000028          0x0800017c   Section        0  libinit2.o(.ARM.Collect$$libinit$$00000028)
    .ARM.Collect$$libinit$$0000002A          0x0800017c   Section        0  libinit2.o(.ARM.Collect$$libinit$$0000002A)
    .ARM.Collect$$libinit$$0000002C          0x0800017c   Section        0  libinit2.o(.ARM.Collect$$libinit$$0000002C)
    .ARM.Collect$$libinit$$0000002E          0x0800017c   Section        0  libinit2.o(.ARM.Collect$$libinit$$0000002E)
    .ARM.Collect$$libinit$$0000002F          0x0800017c   Section        2  libinit2.o(.ARM.Collect$$libinit$$0000002F)
    .ARM.Collect$$libshutdown$$00000000      0x0800017e   Section        2  libshutdown.o(.ARM.Collect$$libshutdown$$00000000)
    .ARM.Collect$$libshutdown$$00000003      0x08000180   Section        0  libshutdown2.o(.ARM.Collect$$libshutdown$$00000003)
    .ARM.Collect$$libshutdown$$00000006      0x08000180   Section        0  libshutdown2.o(.ARM.Collect$$libshutdown$$00000006)
    .ARM.Collect$$libshutdown$$00000009      0x08000180   Section        0  libshutdown2.o(.ARM.Collect$$libshutdown$$00000009)
    .ARM.Collect$$libshutdown$$0000000B      0x08000180   Section        0  libshutdown2.o(.ARM.Collect$$libshutdown$$0000000B)
    .ARM.Collect$$libshutdown$$0000000E      0x08000180   Section        0  libshutdown2.o(.ARM.Collect$$libshutdown$$0000000E)
    .ARM.Collect$$libshutdown$$0000000F      0x08000180   Section        2  libshutdown2.o(.ARM.Collect$$libshutdown$$0000000F)
    .ARM.Collect$$rtentry$$00000000          0x08000182   Section        0  rtentry.o(.ARM.Collect$$rtentry$$00000000)
    .ARM.Collect$$rtentry$$00000002          0x08000182   Section        0  rtentry2.o(.ARM.Collect$$rtentry$$00000002)
    .ARM.Collect$$rtentry$$00000004          0x08000182   Section        6  rtentry4.o(.ARM.Collect$$rtentry$$00000004)
    .ARM.Collect$$rtentry$$00000009          0x08000188   Section        0  rtentry2.o(.ARM.Collect$$rtentry$$00000009)
    .ARM.Collect$$rtentry$$0000000A          0x08000188   Section        4  rtentry2.o(.ARM.Collect$$rtentry$$0000000A)
    .ARM.Collect$$rtentry$$0000000C          0x0800018c   Section        0  rtentry2.o(.ARM.Collect$$rtentry$$0000000C)
    .ARM.Collect$$rtentry$$0000000D          0x0800018c   Section        8  rtentry2.o(.ARM.Collect$$rtentry$$0000000D)
    .ARM.Collect$$rtexit$$00000000           0x08000194   Section        0  rtexit.o(.ARM.Collect$$rtexit$$00000000)
    .ARM.Collect$$rtexit$$00000002           0x08000194   Section        0  rtexit2.o(.ARM.Collect$$rtexit$$00000002)
    .ARM.Collect$$rtexit$$00000003           0x08000194   Section        4  rtexit2.o(.ARM.Collect$$rtexit$$00000003)
    .ARM.Collect$$rtexit$$00000004           0x08000198   Section        4  rtexit2.o(.ARM.Collect$$rtexit$$00000004)
    .emb_text                                0x0800019c   Section        2  sys.o(.emb_text)
    .text                                    0x080001a0   Section       52  stm32f10x.o(.text)
    .text                                    0x080001d4   Section      156  delay.o(.text)
    .text                                    0x08000270   Section      740  sys.o(.text)
    .text                                    0x08000554   Section      404  usart.o(.text)
    .text                                    0x080006e8   Section     3048  gprs.o(.text)
    .text                                    0x080012d0   Section       88  usart1.o(.text)
    .text                                    0x08001328   Section      220  led.o(.text)
    .text                                    0x08001404   Section      340  timer.o(.text)
    .text                                    0x08001558   Section      672  spi.o(.text)
    .text                                    0x080017f8   Section     1452  rtc.o(.text)
    .text                                    0x08001da4   Section      336  test.o(.text)
    .text                                    0x08001ef4   Section        2  use_no_semi_2.o(.text)
    .text                                    0x08001ef8   Section       32  noretval__2printf.o(.text)
    .text                                    0x08001f18   Section      110  __printf.o(.text)
    .text                                    0x08001f86   Section       82  _printf_str.o(.text)
    .text                                    0x08001fd8   Section      112  _printf_dec.o(.text)
    .text                                    0x08002048   Section       92  _printf_hex_int.o(.text)
    .text                                    0x080020a4   Section       62  strlen.o(.text)
    .text                                    0x080020e2   Section        6  heapauxi.o(.text)
    .text                                    0x080020e8   Section        2  use_no_semi.o(.text)
    .text                                    0x080020ea   Section      174  _printf_intcommon.o(.text)
    .text                                    0x08002198   Section       48  _printf_char_common.o(.text)
    _printf_input_char                       0x08002199   Thumb Code    10  _printf_char_common.o(.text)
    .text                                    0x080021c8   Section       44  _printf_char.o(.text)
    .text                                    0x080021f4   Section       16  rtudiv10.o(.text)
    .text                                    0x08002204   Section       74  sys_stackheap_outer.o(.text)
    .text                                    0x0800224e   Section       12  exit.o(.text)
    .text                                    0x0800225c   Section        8  libspace.o(.text)
    x$fpl$fadd                               0x08002264   Section      256  faddsub_clz.o(x$fpl$fadd)
    _fadd1                                   0x08002273   Thumb Code     0  faddsub_clz.o(x$fpl$fadd)
    x$fpl$fcheck                             0x08002364   Section       12  fcheck.o(x$fpl$fcheck)
    x$fpl$fcheck1                            0x08002370   Section       12  fcheck1.o(x$fpl$fcheck1)
    x$fpl$fdiv                               0x0800237c   Section      484  fdiv.o(x$fpl$fdiv)
    _fdiv1                                   0x0800237d   Thumb Code     0  fdiv.o(x$fpl$fdiv)
    x$fpl$ffixu                              0x08002560   Section       88  ffixu.o(x$fpl$ffixu)
    x$fpl$fflt                               0x080025b8   Section       50  fflt_clz.o(x$fpl$fflt)
    x$fpl$ffltu                              0x080025ea   Section        8  fflt_clz.o(x$fpl$ffltu)
    x$fpl$fmul                               0x080025f4   Section      264  fmul.o(x$fpl$fmul)
    x$fpl$fnorm2                             0x080026fc   Section       74  fnorm2_clz.o(x$fpl$fnorm2)
    x$fpl$frsb                               0x08002746   Section       20  faddsub_clz.o(x$fpl$frsb)
    x$fpl$fsub                               0x0800275c   Section      292  faddsub_clz.o(x$fpl$fsub)
    _fsub1                                   0x0800276b   Thumb Code     0  faddsub_clz.o(x$fpl$fsub)
    x$fpl$funder                             0x08002880   Section      134  funder.o(x$fpl$funder)
    x$fpl$retnan                             0x08002906   Section      100  retnan.o(x$fpl$retnan)
    x$fpl$trapveneer                         0x0800296a   Section       48  trapv.o(x$fpl$trapveneer)
    .constdata                               0x0800299a   Section       60  rtc.o(.constdata)
    x$fpl$usenofp                            0x0800299a   Section        0  usenofp.o(x$fpl$usenofp)
    .constdata                               0x080029d6   Section       40  _printf_hex_int.o(.constdata)
    uc_hextab                                0x080029d6   Data          20  _printf_hex_int.o(.constdata)
    lc_hextab                                0x080029ea   Data          20  _printf_hex_int.o(.constdata)
    .conststring                             0x080029fe   Section       21  test.o(.conststring)
    .data                                    0x20000000   Section        4  delay.o(.data)
    fac_us                                   0x20000000   Data           1  delay.o(.data)
    fac_ms                                   0x20000002   Data           2  delay.o(.data)
    .data                                    0x20000004   Section        8  usart.o(.data)
    .data                                    0x2000000c   Section        4  gprs.o(.data)
    .data                                    0x20000010   Section        2  spi.o(.data)
    .data                                    0x20000012   Section        2  rtc.o(.data)
    daycnt                                   0x20000012   Data           2  rtc.o(.data)
    .data                                    0x20000014   Section       60  test.o(.data)
    .bss                                     0x20000050   Section       64  usart.o(.bss)
    .bss                                     0x20000090   Section       10  rtc.o(.bss)
    .bss                                     0x2000009a   Section      384  test.o(.bss)
    .bss                                     0x2000021c   Section       96  libspace.o(.bss)
    HEAP                                     0x20000280   Section        0  stm32f10x.o(HEAP)
    STACK                                    0x20000280   Section      512  stm32f10x.o(STACK)
    Heap_Mem                                 0x20000280   Data           0  stm32f10x.o(HEAP)
    Stack_Mem                                0x20000280   Data         512  stm32f10x.o(STACK)
    __initial_sp                             0x20000480   Data           0  stm32f10x.o(STACK)

    Global Symbols

    Symbol Name                              Value     Ov Type        Size  Object(Section)

    BuildAttributes$$THM_ISAv4$P$D$K$B$S$PE$A:L22UL41UL21$X:L11$S22US41US21$IEEE1$IW$USESV6$~STKCKD$USESV7$~SHL$OSPACE$ROPI$EBA8$UX$STANDARDLIB$REQ8$PRES8$EABIv2 0x00000000   Number         0  anon$$obj.o ABSOLUTE
    __ARM_use_no_argv                        0x00000000   Number         0  test.o ABSOLUTE
    __ARM_exceptions_init                     - Undefined Weak Reference
    __alloca_initialize                       - Undefined Weak Reference
    __cpp_initialize__aeabi_                  - Undefined Weak Reference
    __cxa_finalize                            - Undefined Weak Reference
    __fpl_infinity                            - Undefined Weak Reference
    __rt_locale                               - Undefined Weak Reference
    __sigvec_lookup                           - Undefined Weak Reference
    _atexit_init                              - Undefined Weak Reference
    _call_atexit_fns                          - Undefined Weak Reference
    _clock_init                               - Undefined Weak Reference
    _fp_trap_init                             - Undefined Weak Reference
    _fp_trap_shutdown                         - Undefined Weak Reference
    _get_lc_collate                           - Undefined Weak Reference
    _get_lc_ctype                             - Undefined Weak Reference
    _get_lc_monetary                          - Undefined Weak Reference
    _get_lc_numeric                           - Undefined Weak Reference
    _get_lc_time                              - Undefined Weak Reference
    _getenv_init                              - Undefined Weak Reference
    _handle_redirection                       - Undefined Weak Reference
    _init_alloc                               - Undefined Weak Reference
    _init_user_alloc                          - Undefined Weak Reference
    _initio                                   - Undefined Weak Reference
    _mutex_acquire                            - Undefined Weak Reference
    _mutex_release                            - Undefined Weak Reference
    _printf_mbtowc                            - Undefined Weak Reference
    _printf_post_padding                      - Undefined Weak Reference
    _printf_pre_padding                       - Undefined Weak Reference
    _printf_truncate_signed                   - Undefined Weak Reference
    _printf_truncate_unsigned                 - Undefined Weak Reference
    _rand_init                                - Undefined Weak Reference
    _signal_finish                            - Undefined Weak Reference
    _signal_init                              - Undefined Weak Reference
    _terminate_alloc                          - Undefined Weak Reference
    _terminate_user_alloc                     - Undefined Weak Reference
    _terminateio                              - Undefined Weak Reference
    __Vectors                                0x08000000   Data           4  stm32f10x.o(RESET)
    __main                                   0x080000ed   Thumb Code     8  __main.o(!!!main)
    __scatterload                            0x080000f5   Thumb Code     0  __scatter.o(!!!scatter)
    __scatterload_rt2                        0x080000f5   Thumb Code    44  __scatter.o(!!!scatter)
    __scatterload_rt2_thumb_only             0x080000f5   Thumb Code     0  __scatter.o(!!!scatter)
    __scatterload_null                       0x08000103   Thumb Code     0  __scatter.o(!!!scatter)
    __scatterload_copy                       0x08000129   Thumb Code    26  __scatter_copy.o(!!handler_copy)
    __scatterload_zeroinit                   0x08000145   Thumb Code    28  __scatter_zi.o(!!handler_zi)
    _printf_d                                0x08000161   Thumb Code     0  _printf_d.o(.ARM.Collect$$_printf_percent$$00000009)
    _printf_percent                          0x08000161   Thumb Code     0  _printf_percent.o(.ARM.Collect$$_printf_percent$$00000000)
    _printf_x                                0x08000167   Thumb Code     0  _printf_x.o(.ARM.Collect$$_printf_percent$$0000000C)
    _printf_s                                0x0800016d   Thumb Code     0  _printf_s.o(.ARM.Collect$$_printf_percent$$00000014)
    _printf_percent_end                      0x08000173   Thumb Code     0  _printf_percent_end.o(.ARM.Collect$$_printf_percent$$00000017)
    __rt_lib_init                            0x08000177   Thumb Code     0  libinit.o(.ARM.Collect$$libinit$$00000000)
    __rt_lib_init_alloca_1                   0x0800017d   Thumb Code     0  libinit2.o(.ARM.Collect$$libinit$$0000002A)
    __rt_lib_init_argv_1                     0x0800017d   Thumb Code     0  libinit2.o(.ARM.Collect$$libinit$$00000028)
    __rt_lib_init_atexit_1                   0x0800017d   Thumb Code     0  libinit2.o(.ARM.Collect$$libinit$$00000017)
    __rt_lib_init_clock_1                    0x0800017d   Thumb Code     0  libinit2.o(.ARM.Collect$$libinit$$0000001D)
    __rt_lib_init_cpp_1                      0x0800017d   Thumb Code     0  libinit2.o(.ARM.Collect$$libinit$$0000002E)
    __rt_lib_init_exceptions_1               0x0800017d   Thumb Code     0  libinit2.o(.ARM.Collect$$libinit$$0000002C)
    __rt_lib_init_fp_trap_1                  0x0800017d   Thumb Code     0  libinit2.o(.ARM.Collect$$libinit$$0000001B)
    __rt_lib_init_getenv_1                   0x0800017d   Thumb Code     0  libinit2.o(.ARM.Collect$$libinit$$0000001F)
    __rt_lib_init_heap_1                     0x0800017d   Thumb Code     0  libinit2.o(.ARM.Collect$$libinit$$00000006)
    __rt_lib_init_lc_collate_1               0x0800017d   Thumb Code     0  libinit2.o(.ARM.Collect$$libinit$$0000000D)
    __rt_lib_init_lc_ctype_1                 0x0800017d   Thumb Code     0  libinit2.o(.ARM.Collect$$libinit$$0000000F)
    __rt_lib_init_lc_monetary_1              0x0800017d   Thumb Code     0  libinit2.o(.ARM.Collect$$libinit$$00000011)
    __rt_lib_init_lc_numeric_1               0x0800017d   Thumb Code     0  libinit2.o(.ARM.Collect$$libinit$$00000013)
    __rt_lib_init_lc_time_1                  0x0800017d   Thumb Code     0  libinit2.o(.ARM.Collect$$libinit$$00000015)
    __rt_lib_init_rand_1                     0x0800017d   Thumb Code     0  libinit2.o(.ARM.Collect$$libinit$$0000000A)
    __rt_lib_init_return                     0x0800017d   Thumb Code     0  libinit2.o(.ARM.Collect$$libinit$$0000002F)
    __rt_lib_init_signal_1                   0x0800017d   Thumb Code     0  libinit2.o(.ARM.Collect$$libinit$$00000019)
    __rt_lib_init_stdio_1                    0x0800017d   Thumb Code     0  libinit2.o(.ARM.Collect$$libinit$$00000021)
    __rt_lib_init_user_alloc_1               0x0800017d   Thumb Code     0  libinit2.o(.ARM.Collect$$libinit$$00000008)
    __rt_lib_shutdown                        0x0800017f   Thumb Code     0  libshutdown.o(.ARM.Collect$$libshutdown$$00000000)
    __rt_lib_shutdown_fp_trap_1              0x08000181   Thumb Code     0  libshutdown2.o(.ARM.Collect$$libshutdown$$00000006)
    __rt_lib_shutdown_heap_1                 0x08000181   Thumb Code     0  libshutdown2.o(.ARM.Collect$$libshutdown$$0000000E)
    __rt_lib_shutdown_return                 0x08000181   Thumb Code     0  libshutdown2.o(.ARM.Collect$$libshutdown$$0000000F)
    __rt_lib_shutdown_signal_1               0x08000181   Thumb Code     0  libshutdown2.o(.ARM.Collect$$libshutdown$$00000009)
    __rt_lib_shutdown_stdio_1                0x08000181   Thumb Code     0  libshutdown2.o(.ARM.Collect$$libshutdown$$00000003)
    __rt_lib_shutdown_user_alloc_1           0x08000181   Thumb Code     0  libshutdown2.o(.ARM.Collect$$libshutdown$$0000000B)
    __rt_entry                               0x08000183   Thumb Code     0  rtentry.o(.ARM.Collect$$rtentry$$00000000)
    __rt_entry_presh_1                       0x08000183   Thumb Code     0  rtentry2.o(.ARM.Collect$$rtentry$$00000002)
    __rt_entry_sh                            0x08000183   Thumb Code     0  rtentry4.o(.ARM.Collect$$rtentry$$00000004)
    __rt_entry_li                            0x08000189   Thumb Code     0  rtentry2.o(.ARM.Collect$$rtentry$$0000000A)
    __rt_entry_postsh_1                      0x08000189   Thumb Code     0  rtentry2.o(.ARM.Collect$$rtentry$$00000009)
    __rt_entry_main                          0x0800018d   Thumb Code     0  rtentry2.o(.ARM.Collect$$rtentry$$0000000D)
    __rt_entry_postli_1                      0x0800018d   Thumb Code     0  rtentry2.o(.ARM.Collect$$rtentry$$0000000C)
    __rt_exit                                0x08000195   Thumb Code     0  rtexit.o(.ARM.Collect$$rtexit$$00000000)
    __rt_exit_ls                             0x08000195   Thumb Code     0  rtexit2.o(.ARM.Collect$$rtexit$$00000003)
    __rt_exit_prels_1                        0x08000195   Thumb Code     0  rtexit2.o(.ARM.Collect$$rtexit$$00000002)
    __rt_exit_exit                           0x08000199   Thumb Code     0  rtexit2.o(.ARM.Collect$$rtexit$$00000004)
    WFI_SET                                  0x0800019d   Thumb Code     2  sys.o(.emb_text)
    Reset_Handler                            0x080001a1   Thumb Code     4  stm32f10x.o(.text)
    NMI_Handler                              0x080001a5   Thumb Code     2  stm32f10x.o(.text)
    HardFault_Handler                        0x080001a7   Thumb Code     2  stm32f10x.o(.text)
    MemManage_Handler                        0x080001a9   Thumb Code     2  stm32f10x.o(.text)
    BusFault_Handler                         0x080001ab   Thumb Code     2  stm32f10x.o(.text)
    UsageFault_Handler                       0x080001ad   Thumb Code     2  stm32f10x.o(.text)
    SVC_Handler                              0x080001af   Thumb Code     2  stm32f10x.o(.text)
    DebugMon_Handler                         0x080001b1   Thumb Code     2  stm32f10x.o(.text)
    PendSV_Handler                           0x080001b3   Thumb Code     2  stm32f10x.o(.text)
    SysTick_Handler                          0x080001b5   Thumb Code     2  stm32f10x.o(.text)
    ADC_IRQHandler                           0x080001b7   Thumb Code     0  stm32f10x.o(.text)
    CAN_RX1_IRQHandler                       0x080001b7   Thumb Code     0  stm32f10x.o(.text)
    CAN_SCE_IRQHandler                       0x080001b7   Thumb Code     0  stm32f10x.o(.text)
    DMAChannel1_IRQHandler                   0x080001b7   Thumb Code     0  stm32f10x.o(.text)
    DMAChannel2_IRQHandler                   0x080001b7   Thumb Code     0  stm32f10x.o(.text)
    DMAChannel3_IRQHandler                   0x080001b7   Thumb Code     0  stm32f10x.o(.text)
    DMAChannel4_IRQHandler                   0x080001b7   Thumb Code     0  stm32f10x.o(.text)
    DMAChannel5_IRQHandler                   0x080001b7   Thumb Code     0  stm32f10x.o(.text)
    DMAChannel6_IRQHandler                   0x080001b7   Thumb Code     0  stm32f10x.o(.text)
    DMAChannel7_IRQHandler                   0x080001b7   Thumb Code     0  stm32f10x.o(.text)
    EXTI0_IRQHandler                         0x080001b7   Thumb Code     0  stm32f10x.o(.text)
    EXTI15_10_IRQHandler                     0x080001b7   Thumb Code     0  stm32f10x.o(.text)
    EXTI1_IRQHandler                         0x080001b7   Thumb Code     0  stm32f10x.o(.text)
    EXTI2_IRQHandler                         0x080001b7   Thumb Code     0  stm32f10x.o(.text)
    EXTI3_IRQHandler                         0x080001b7   Thumb Code     0  stm32f10x.o(.text)
    EXTI4_IRQHandler                         0x080001b7   Thumb Code     0  stm32f10x.o(.text)
    EXTI9_5_IRQHandler                       0x080001b7   Thumb Code     0  stm32f10x.o(.text)
    FLASH_IRQHandler                         0x080001b7   Thumb Code     0  stm32f10x.o(.text)
    I2C1_ER_IRQHandler                       0x080001b7   Thumb Code     0  stm32f10x.o(.text)
    I2C1_EV_IRQHandler                       0x080001b7   Thumb Code     0  stm32f10x.o(.text)
    I2C2_ER_IRQHandler                       0x080001b7   Thumb Code     0  stm32f10x.o(.text)
    I2C2_EV_IRQHandler                       0x080001b7   Thumb Code     0  stm32f10x.o(.text)
    PVD_IRQHandler                           0x080001b7   Thumb Code     0  stm32f10x.o(.text)
    RCC_IRQHandler                           0x080001b7   Thumb Code     0  stm32f10x.o(.text)
    RTCAlarm_IRQHandler                      0x080001b7   Thumb Code     0  stm32f10x.o(.text)
    SPI1_IRQHandler                          0x080001b7   Thumb Code     0  stm32f10x.o(.text)
    SPI2_IRQHandler                          0x080001b7   Thumb Code     0  stm32f10x.o(.text)
    TAMPER_IRQHandler                        0x080001b7   Thumb Code     0  stm32f10x.o(.text)
    TIM1_BRK_IRQHandler                      0x080001b7   Thumb Code     0  stm32f10x.o(.text)
    TIM1_CC_IRQHandler                       0x080001b7   Thumb Code     0  stm32f10x.o(.text)
    TIM1_TRG_COM_IRQHandler                  0x080001b7   Thumb Code     0  stm32f10x.o(.text)
    TIM1_UP_IRQHandler                       0x080001b7   Thumb Code     0  stm32f10x.o(.text)
    TIM4_IRQHandler                          0x080001b7   Thumb Code     0  stm32f10x.o(.text)
    USART3_IRQHandler                        0x080001b7   Thumb Code     0  stm32f10x.o(.text)
    USBWakeUp_IRQHandler                     0x080001b7   Thumb Code     0  stm32f10x.o(.text)
    USB_HP_CAN_TX_IRQHandler                 0x080001b7   Thumb Code     0  stm32f10x.o(.text)
    USB_LP_CAN_RX0_IRQHandler                0x080001b7   Thumb Code     0  stm32f10x.o(.text)
    WWDG_IRQHandler                          0x080001b7   Thumb Code     0  stm32f10x.o(.text)
    __user_initial_stackheap                 0x080001b9   Thumb Code     0  stm32f10x.o(.text)
    delay_init                               0x080001d5   Thumb Code    46  delay.o(.text)
    delay_ms                                 0x08000203   Thumb Code    54  delay.o(.text)
    delay_us                                 0x08000239   Thumb Code    52  delay.o(.text)
    MY_NVIC_SetVectorTable                   0x08000271   Thumb Code    12  sys.o(.text)
    MY_NVIC_PriorityGroupConfig              0x0800027d   Thumb Code    36  sys.o(.text)
    MY_NVIC_Init                             0x080002a1   Thumb Code   148  sys.o(.text)
    Ex_NVIC_Config                           0x08000335   Thumb Code   148  sys.o(.text)
    MYRCC_DeInit                             0x080003c9   Thumb Code    90  sys.o(.text)
    Sys_Standby                              0x08000423   Thumb Code    70  sys.o(.text)
    Sys_Soft_Reset                           0x08000469   Thumb Code    12  sys.o(.text)
    JTAG_Set                                 0x08000475   Thumb Code    44  sys.o(.text)
    Stm32_Clock_Init                         0x080004a1   Thumb Code   130  sys.o(.text)
    _sys_exit                                0x08000555   Thumb Code     6  usart.o(.text)
    fputc                                    0x0800055b   Thumb Code    22  usart.o(.text)
    USART1_IRQHandler                        0x08000571   Thumb Code   118  usart.o(.text)
    uart_init                                0x080005e7   Thumb Code   226  usart.o(.text)
    USART2_Init                              0x080006e9   Thumb Code   226  gprs.o(.text)
    USART2_IRQHandler                        0x080007cb   Thumb Code   106  gprs.o(.text)
    Clear_U2_Rbuf                            0x08000835   Thumb Code    28  gprs.o(.text)
    Usart2_Send_Byte                         0x08000851   Thumb Code    22  gprs.o(.text)
    Ctrl_Z                                   0x08000867   Thumb Code    10  gprs.o(.text)
    AT_Command                               0x08000871   Thumb Code    32  gprs.o(.text)
    Check_OK                                 0x08000891   Thumb Code    94  gprs.o(.text)
    Check_SISW                               0x080008ef   Thumb Code    56  gprs.o(.text)
    Check_Creg                               0x08000927   Thumb Code    80  gprs.o(.text)
    Gprs_Command                             0x08000977   Thumb Code   108  gprs.o(.text)
    Mc52i_Init                               0x080009e3   Thumb Code   460  gprs.o(.text)
    Csq_Detec                                0x08000baf   Thumb Code   100  gprs.o(.text)
    Gprs_Open                                0x08000c13   Thumb Code   112  gprs.o(.text)
    Gprs_Init                                0x08000c83   Thumb Code   206  gprs.o(.text)
    Gprs_Send                                0x08000d51   Thumb Code   242  gprs.o(.text)
    HeartBeat                                0x08000e43   Thumb Code   484  gprs.o(.text)
    Gprs_Close                               0x08001027   Thumb Code    26  gprs.o(.text)
    Gprs_ReceiveDataState                    0x08001041   Thumb Code    72  gprs.o(.text)
    Gprs_ReceiveDataPoint                    0x08001089   Thumb Code   176  gprs.o(.text)
    Gprs_ReceiveDataID                       0x08001139   Thumb Code    74  gprs.o(.text)
    Gprs_Rec                                 0x08001183   Thumb Code   220  gprs.o(.text)
    Usart1_Send_Byte                         0x080012d1   Thumb Code    20  usart1.o(.text)
    Usart1_Send_String                       0x080012e5   Thumb Code    32  usart1.o(.text)
    Usart1_Send_String1                      0x08001305   Thumb Code    30  usart1.o(.text)
    LED_Init                                 0x08001329   Thumb Code   124  led.o(.text)
    LED_A8                                   0x080013a5   Thumb Code    30  led.o(.text)
    LED_A9                                   0x080013c3   Thumb Code    36  led.o(.text)
    TIM3_IRQHandler                          0x08001405   Thumb Code   148  timer.o(.text)
    Timer3_Init                              0x08001499   Thumb Code    72  timer.o(.text)
    TIM2_IRQHandler                          0x080014e1   Thumb Code    40  timer.o(.text)
    Timer2_Init                              0x08001509   Thumb Code    58  timer.o(.text)
    SPIx_ReadWriteByte                       0x08001559   Thumb Code    74  spi.o(.text)
    SPIx_Init                                0x080015a3   Thumb Code   186  spi.o(.text)
    SPIx_SetSpeed                            0x0800165d   Thumb Code    86  spi.o(.text)
    Board_Communicate                        0x080016b3   Thumb Code   220  spi.o(.text)
    Zigbee_ReceiveData                       0x0800178f   Thumb Code     2  spi.o(.text)
    RTC_Get_Week                             0x080017f9   Thumb Code   110  rtc.o(.text)
    Is_Leap_Year                             0x08001867   Thumb Code    58  rtc.o(.text)
    RTC_Get                                  0x080018a1   Thumb Code   244  rtc.o(.text)
    RTC_Set                                  0x08001995   Thumb Code   266  rtc.o(.text)
    str_cmpx                                 0x08001a9f   Thumb Code    36  rtc.o(.text)
    Auto_Time_Set                            0x08001ac3   Thumb Code   256  rtc.o(.text)
    RTC_Init                                 0x08001bc3   Thumb Code   398  rtc.o(.text)
    RTC_IRQHandler                           0x08001d51   Thumb Code    70  rtc.o(.text)
    main                                     0x08001da5   Thumb Code   294  test.o(.text)
    __use_no_semihosting                     0x08001ef5   Thumb Code     2  use_no_semi_2.o(.text)
    __2printf                                0x08001ef9   Thumb Code    24  noretval__2printf.o(.text)
    __printf                                 0x08001f19   Thumb Code   110  __printf.o(.text)
    _printf_str                              0x08001f87   Thumb Code    82  _printf_str.o(.text)
    _printf_int_dec                          0x08001fd9   Thumb Code    96  _printf_dec.o(.text)
    _printf_int_hex                          0x08002049   Thumb Code    86  _printf_hex_int.o(.text)
    _printf_longlong_hex                     0x08002049   Thumb Code     0  _printf_hex_int.o(.text)
    strlen                                   0x080020a5   Thumb Code    62  strlen.o(.text)
    __use_two_region_memory                  0x080020e3   Thumb Code     2  heapauxi.o(.text)
    __rt_heap_escrow$2region                 0x080020e5   Thumb Code     2  heapauxi.o(.text)
    __rt_heap_expand$2region                 0x080020e7   Thumb Code     2  heapauxi.o(.text)
    __I$use$semihosting                      0x080020e9   Thumb Code     0  use_no_semi.o(.text)
    __use_no_semihosting_swi                 0x080020e9   Thumb Code     2  use_no_semi.o(.text)
    _printf_int_common                       0x080020eb   Thumb Code   174  _printf_intcommon.o(.text)
    _printf_char_common                      0x080021a3   Thumb Code    34  _printf_char_common.o(.text)
    _printf_cs_common                        0x080021c9   Thumb Code    20  _printf_char.o(.text)
    _printf_char                             0x080021dd   Thumb Code    16  _printf_char.o(.text)
    _printf_string                           0x080021ed   Thumb Code     8  _printf_char.o(.text)
    __rt_udiv10                              0x080021f5   Thumb Code    16  rtudiv10.o(.text)
    __user_setup_stackheap                   0x08002205   Thumb Code    74  sys_stackheap_outer.o(.text)
    exit                                     0x0800224f   Thumb Code    12  exit.o(.text)
    __user_libspace                          0x0800225d   Thumb Code     8  libspace.o(.text)
    __user_perproc_libspace                  0x0800225d   Thumb Code     0  libspace.o(.text)
    __user_perthread_libspace                0x0800225d   Thumb Code     0  libspace.o(.text)
    __aeabi_fadd                             0x08002265   Thumb Code     0  faddsub_clz.o(x$fpl$fadd)
    _fadd                                    0x08002265   Thumb Code   248  faddsub_clz.o(x$fpl$fadd)
    __fpl_inf_fadd                           0x0800233f   Thumb Code     0  faddsub_clz.o(x$fpl$fadd)
    __fpl_fcheck_NaN2                        0x08002365   Thumb Code     6  fcheck.o(x$fpl$fcheck)
    __fpl_fcheck_NaN1                        0x08002371   Thumb Code     6  fcheck1.o(x$fpl$fcheck1)
    __aeabi_fdiv                             0x0800237d   Thumb Code     0  fdiv.o(x$fpl$fdiv)
    _fdiv                                    0x0800237d   Thumb Code   476  fdiv.o(x$fpl$fdiv)
    __fpl_inf_fdiv                           0x08002521   Thumb Code     0  fdiv.o(x$fpl$fdiv)
    __aeabi_f2uiz                            0x08002561   Thumb Code     0  ffixu.o(x$fpl$ffixu)
    _ffixu                                   0x08002561   Thumb Code    82  ffixu.o(x$fpl$ffixu)
    __fpl_inf_ffixu                          0x080025ad   Thumb Code     0  ffixu.o(x$fpl$ffixu)
    __aeabi_i2f                              0x080025b9   Thumb Code     0  fflt_clz.o(x$fpl$fflt)
    _fflt                                    0x080025b9   Thumb Code    50  fflt_clz.o(x$fpl$fflt)
    __fflt_normalise                         0x080025c5   Thumb Code     0  fflt_clz.o(x$fpl$fflt)
    __aeabi_ui2f                             0x080025eb   Thumb Code     0  fflt_clz.o(x$fpl$ffltu)
    _ffltu                                   0x080025eb   Thumb Code     8  fflt_clz.o(x$fpl$ffltu)
    __aeabi_fmul                             0x080025f5   Thumb Code     0  fmul.o(x$fpl$fmul)
    _fmul                                    0x080025f5   Thumb Code   258  fmul.o(x$fpl$fmul)
    __fpl_inf_fmul                           0x080026e1   Thumb Code     0  fmul.o(x$fpl$fmul)
    __fpl_normalise2                         0x080026fd   Thumb Code    74  fnorm2_clz.o(x$fpl$fnorm2)
    __aeabi_frsub                            0x08002747   Thumb Code     0  faddsub_clz.o(x$fpl$frsb)
    _frsb                                    0x08002747   Thumb Code    20  faddsub_clz.o(x$fpl$frsb)
    __aeabi_fsub                             0x0800275d   Thumb Code     0  faddsub_clz.o(x$fpl$fsub)
    _fsub                                    0x0800275d   Thumb Code   282  faddsub_clz.o(x$fpl$fsub)
    __fpl_inf_fsub                           0x08002857   Thumb Code     0  faddsub_clz.o(x$fpl$fsub)
    __funder                                 0x08002881   Thumb Code   132  funder.o(x$fpl$funder)
    __funder_d                               0x08002905   Thumb Code     2  funder.o(x$fpl$funder)
    __fpl_return_NaN                         0x08002907   Thumb Code   100  retnan.o(x$fpl$retnan)
    __fpl_cmpreturn                          0x0800296b   Thumb Code    48  trapv.o(x$fpl$trapveneer)
    __I$use$fp                               0x0800299b   Thumb Code     0  usenofp.o(x$fpl$usenofp)
    table_week                               0x0800299a   Data          12  rtc.o(.constdata)
    mon_table                                0x080029a6   Data          12  rtc.o(.constdata)
    Month_Tab                                0x080029b2   Data          36  rtc.o(.constdata)
    Region$$Table$$Base                      0x08002a14   Number         0  anon$$obj.o(Region$$Table)
    Region$$Table$$Limit                     0x08002a34   Number         0  anon$$obj.o(Region$$Table)
    USART_RX_STA                             0x20000004   Data           1  usart.o(.data)
    __stdout                                 0x20000008   Data           4  usart.o(.data)
    rec_gprs_length                          0x2000000c   Data           4  gprs.o(.data)
    start3                                   0x20000010   Data           1  spi.o(.data)
    s3                                       0x20000011   Data           1  spi.o(.data)
    COMPILED_DATE                            0x20000014   Data           4  test.o(.data)
    COMPILED_TIME                            0x20000018   Data           4  test.o(.data)
    IP                                       0x2000001c   Data          20  test.o(.data)
    ID                                       0x20000030   Data           2  test.o(.data)
    U2_K                                     0x20000032   Data           1  test.o(.data)
    time3count                               0x20000034   Data           2  test.o(.data)
    mc52i_ok                                 0x20000036   Data           1  test.o(.data)
    gprs_sisr                                0x20000037   Data           1  test.o(.data)
    creg_ok                                  0x20000038   Data           1  test.o(.data)
    time3_flag                               0x20000039   Data           1  test.o(.data)
    gprs_send                                0x2000003a   Data           1  test.o(.data)
    gprs_rec                                 0x2000003b   Data           1  test.o(.data)
    GPRS_FIRSTMESSAGE                        0x2000003c   Data          11  test.o(.data)
    GPRS_NORMALMESSAGE                       0x20000047   Data           6  test.o(.data)
    time2count                               0x2000004e   Data           2  test.o(.data)
    USART_RX_BUF                             0x20000050   Data          64  usart.o(.bss)
    timer                                    0x20000090   Data          10  rtc.o(.bss)
    USART2_RX_BUF                            0x2000009a   Data         128  test.o(.bss)
    GPRS_RDATA                               0x2000011a   Data         128  test.o(.bss)
    spirec3                                  0x2000019a   Data         128  test.o(.bss)
    __libspace_start                         0x2000021c   Data          96  libspace.o(.bss)
    __temporary_stack_top$libspace           0x2000027c   Data           0  libspace.o(.bss)



==============================================================================

Memory Map of the image

  Image Entry point : 0x080000ed

  Load Region LR_IROM1 (Base: 0x08000000, Size: 0x00002a84, Max: 0x00040000, ABSOLUTE)

    Execution Region ER_IROM1 (Base: 0x08000000, Size: 0x00002a34, Max: 0x00040000, ABSOLUTE)

    Base Addr    Size         Type   Attr      Idx    E Section Name        Object

    0x08000000   0x000000ec   Data   RO            3    RESET               stm32f10x.o
    0x080000ec   0x00000008   Code   RO          358  * !!!main             __main.o(c_w.l)
    0x080000f4   0x00000034   Code   RO          561    !!!scatter          __scatter.o(c_w.l)
    0x08000128   0x0000001a   Code   RO          563    !!handler_copy      __scatter_copy.o(c_w.l)
    0x08000142   0x00000002   PAD
    0x08000144   0x0000001c   Code   RO          565    !!handler_zi        __scatter_zi.o(c_w.l)
    0x08000160   0x00000000   Code   RO          353    .ARM.Collect$$_printf_percent$$00000000  _printf_percent.o(c_w.l)
    0x08000160   0x00000006   Code   RO          352    .ARM.Collect$$_printf_percent$$00000009  _printf_d.o(c_w.l)
    0x08000166   0x00000006   Code   RO          351    .ARM.Collect$$_printf_percent$$0000000C  _printf_x.o(c_w.l)
    0x0800016c   0x00000006   Code   RO          350    .ARM.Collect$$_printf_percent$$00000014  _printf_s.o(c_w.l)
    0x08000172   0x00000004   Code   RO          390    .ARM.Collect$$_printf_percent$$00000017  _printf_percent_end.o(c_w.l)
    0x08000176   0x00000006   Code   RO          438    .ARM.Collect$$libinit$$00000000  libinit.o(c_w.l)
    0x0800017c   0x00000000   Code   RO          448    .ARM.Collect$$libinit$$00000006  libinit2.o(c_w.l)
    0x0800017c   0x00000000   Code   RO          450    .ARM.Collect$$libinit$$00000008  libinit2.o(c_w.l)
    0x0800017c   0x00000000   Code   RO          452    .ARM.Collect$$libinit$$0000000A  libinit2.o(c_w.l)
    0x0800017c   0x00000000   Code   RO          455    .ARM.Collect$$libinit$$0000000D  libinit2.o(c_w.l)
    0x0800017c   0x00000000   Code   RO          457    .ARM.Collect$$libinit$$0000000F  libinit2.o(c_w.l)
    0x0800017c   0x00000000   Code   RO          459    .ARM.Collect$$libinit$$00000011  libinit2.o(c_w.l)
    0x0800017c   0x00000000   Code   RO          461    .ARM.Collect$$libinit$$00000013  libinit2.o(c_w.l)
    0x0800017c   0x00000000   Code   RO          463    .ARM.Collect$$libinit$$00000015  libinit2.o(c_w.l)
    0x0800017c   0x00000000   Code   RO          465    .ARM.Collect$$libinit$$00000017  libinit2.o(c_w.l)
    0x0800017c   0x00000000   Code   RO          467    .ARM.Collect$$libinit$$00000019  libinit2.o(c_w.l)
    0x0800017c   0x00000000   Code   RO          469    .ARM.Collect$$libinit$$0000001B  libinit2.o(c_w.l)
    0x0800017c   0x00000000   Code   RO          471    .ARM.Collect$$libinit$$0000001D  libinit2.o(c_w.l)
    0x0800017c   0x00000000   Code   RO          473    .ARM.Collect$$libinit$$0000001F  libinit2.o(c_w.l)
    0x0800017c   0x00000000   Code   RO          475    .ARM.Collect$$libinit$$00000021  libinit2.o(c_w.l)
    0x0800017c   0x00000000   Code   RO          479    .ARM.Collect$$libinit$$00000028  libinit2.o(c_w.l)
    0x0800017c   0x00000000   Code   RO          481    .ARM.Collect$$libinit$$0000002A  libinit2.o(c_w.l)
    0x0800017c   0x00000000   Code   RO          483    .ARM.Collect$$libinit$$0000002C  libinit2.o(c_w.l)
    0x0800017c   0x00000000   Code   RO          485    .ARM.Collect$$libinit$$0000002E  libinit2.o(c_w.l)
    0x0800017c   0x00000002   Code   RO          486    .ARM.Collect$$libinit$$0000002F  libinit2.o(c_w.l)
    0x0800017e   0x00000002   Code   RO          505    .ARM.Collect$$libshutdown$$00000000  libshutdown.o(c_w.l)
    0x08000180   0x00000000   Code   RO          516    .ARM.Collect$$libshutdown$$00000003  libshutdown2.o(c_w.l)
    0x08000180   0x00000000   Code   RO          519    .ARM.Collect$$libshutdown$$00000006  libshutdown2.o(c_w.l)
    0x08000180   0x00000000   Code   RO          522    .ARM.Collect$$libshutdown$$00000009  libshutdown2.o(c_w.l)
    0x08000180   0x00000000   Code   RO          524    .ARM.Collect$$libshutdown$$0000000B  libshutdown2.o(c_w.l)
    0x08000180   0x00000000   Code   RO          527    .ARM.Collect$$libshutdown$$0000000E  libshutdown2.o(c_w.l)
    0x08000180   0x00000002   Code   RO          528    .ARM.Collect$$libshutdown$$0000000F  libshutdown2.o(c_w.l)
    0x08000182   0x00000000   Code   RO          382    .ARM.Collect$$rtentry$$00000000  rtentry.o(c_w.l)
    0x08000182   0x00000000   Code   RO          407    .ARM.Collect$$rtentry$$00000002  rtentry2.o(c_w.l)
    0x08000182   0x00000006   Code   RO          422    .ARM.Collect$$rtentry$$00000004  rtentry4.o(c_w.l)
    0x08000188   0x00000000   Code   RO          409    .ARM.Collect$$rtentry$$00000009  rtentry2.o(c_w.l)
    0x08000188   0x00000004   Code   RO          410    .ARM.Collect$$rtentry$$0000000A  rtentry2.o(c_w.l)
    0x0800018c   0x00000000   Code   RO          412    .ARM.Collect$$rtentry$$0000000C  rtentry2.o(c_w.l)
    0x0800018c   0x00000008   Code   RO          413    .ARM.Collect$$rtentry$$0000000D  rtentry2.o(c_w.l)
    0x08000194   0x00000000   Code   RO          444    .ARM.Collect$$rtexit$$00000000  rtexit.o(c_w.l)
    0x08000194   0x00000000   Code   RO          490    .ARM.Collect$$rtexit$$00000002  rtexit2.o(c_w.l)
    0x08000194   0x00000004   Code   RO          491    .ARM.Collect$$rtexit$$00000003  rtexit2.o(c_w.l)
    0x08000198   0x00000004   Code   RO          492    .ARM.Collect$$rtexit$$00000004  rtexit2.o(c_w.l)
    0x0800019c   0x00000002   Code   RO          109    .emb_text           sys.o
    0x0800019e   0x00000002   PAD
    0x080001a0   0x00000034   Code   RO            4    .text               stm32f10x.o
    0x080001d4   0x0000009c   Code   RO           10    .text               delay.o
    0x08000270   0x000002e4   Code   RO          110    .text               sys.o
    0x08000554   0x00000194   Code   RO          128    .text               usart.o
    0x080006e8   0x00000be8   Code   RO          151    .text               gprs.o
    0x080012d0   0x00000058   Code   RO          196    .text               usart1.o
    0x08001328   0x000000dc   Code   RO          208    .text               led.o
    0x08001404   0x00000154   Code   RO          220    .text               timer.o
    0x08001558   0x000002a0   Code   RO          236    .text               spi.o
    0x080017f8   0x000005ac   Code   RO          252    .text               rtc.o
    0x08001da4   0x00000150   Code   RO          273    .text               test.o
    0x08001ef4   0x00000002   Code   RO          299    .text               use_no_semi_2.o(c_w.l)
    0x08001ef6   0x00000002   PAD
    0x08001ef8   0x00000020   Code   RO          303    .text               noretval__2printf.o(c_w.l)
    0x08001f18   0x0000006e   Code   RO          305    .text               __printf.o(c_w.l)
    0x08001f86   0x00000052   Code   RO          307    .text               _printf_str.o(c_w.l)
    0x08001fd8   0x00000070   Code   RO          309    .text               _printf_dec.o(c_w.l)
    0x08002048   0x0000005c   Code   RO          314    .text               _printf_hex_int.o(c_w.l)
    0x080020a4   0x0000003e   Code   RO          354    .text               strlen.o(c_w.l)
    0x080020e2   0x00000006   Code   RO          356    .text               heapauxi.o(c_w.l)
    0x080020e8   0x00000002   Code   RO          380    .text               use_no_semi.o(c_w.l)
    0x080020ea   0x000000ae   Code   RO          384    .text               _printf_intcommon.o(c_w.l)
    0x08002198   0x00000030   Code   RO          386    .text               _printf_char_common.o(c_w.l)
    0x080021c8   0x0000002c   Code   RO          388    .text               _printf_char.o(c_w.l)
    0x080021f4   0x00000010   Code   RO          395    .text               rtudiv10.o(c_w.l)
    0x08002204   0x0000004a   Code   RO          428    .text               sys_stackheap_outer.o(c_w.l)
    0x0800224e   0x0000000c   Code   RO          430    .text               exit.o(c_w.l)
    0x0800225a   0x00000002   PAD
    0x0800225c   0x00000008   Code   RO          441    .text               libspace.o(c_w.l)
    0x08002264   0x00000100   Code   RO          360    x$fpl$fadd          faddsub_clz.o(fz_ws.l)
    0x08002364   0x0000000c   Code   RO          397    x$fpl$fcheck        fcheck.o(fz_ws.l)
    0x08002370   0x0000000c   Code   RO          399    x$fpl$fcheck1       fcheck1.o(fz_ws.l)
    0x0800237c   0x000001e4   Code   RO          367    x$fpl$fdiv          fdiv.o(fz_ws.l)
    0x08002560   0x00000058   Code   RO          370    x$fpl$ffixu         ffixu.o(fz_ws.l)
    0x080025b8   0x00000032   Code   RO          375    x$fpl$fflt          fflt_clz.o(fz_ws.l)
    0x080025ea   0x00000008   Code   RO          374    x$fpl$ffltu         fflt_clz.o(fz_ws.l)
    0x080025f2   0x00000002   PAD
    0x080025f4   0x00000108   Code   RO          378    x$fpl$fmul          fmul.o(fz_ws.l)
    0x080026fc   0x0000004a   Code   RO          401    x$fpl$fnorm2        fnorm2_clz.o(fz_ws.l)
    0x08002746   0x00000014   Code   RO          361    x$fpl$frsb          faddsub_clz.o(fz_ws.l)
    0x0800275a   0x00000002   PAD
    0x0800275c   0x00000124   Code   RO          362    x$fpl$fsub          faddsub_clz.o(fz_ws.l)
    0x08002880   0x00000086   Code   RO          403    x$fpl$funder        funder.o(fz_ws.l)
    0x08002906   0x00000064   Code   RO          426    x$fpl$retnan        retnan.o(fz_ws.l)
    0x0800296a   0x00000030   Code   RO          439    x$fpl$trapveneer    trapv.o(fz_ws.l)
    0x0800299a   0x00000000   Code   RO          405    x$fpl$usenofp       usenofp.o(fz_ws.l)
    0x0800299a   0x0000003c   Data   RO          254    .constdata          rtc.o
    0x080029d6   0x00000028   Data   RO          315    .constdata          _printf_hex_int.o(c_w.l)
    0x080029fe   0x00000015   Data   RO          275    .conststring        test.o
    0x08002a13   0x00000001   PAD
    0x08002a14   0x00000020   Data   RO          559    Region$$Table       anon$$obj.o


    Execution Region RW_IRAM1 (Base: 0x20000000, Size: 0x00000480, Max: 0x0000c000, ABSOLUTE)

    Base Addr    Size         Type   Attr      Idx    E Section Name        Object

    0x20000000   0x00000004   Data   RW           11    .data               delay.o
    0x20000004   0x00000008   Data   RW          130    .data               usart.o
    0x2000000c   0x00000004   Data   RW          152    .data               gprs.o
    0x20000010   0x00000002   Data   RW          237    .data               spi.o
    0x20000012   0x00000002   Data   RW          255    .data               rtc.o
    0x20000014   0x0000003c   Data   RW          276    .data               test.o
    0x20000050   0x00000040   Zero   RW          129    .bss                usart.o
    0x20000090   0x0000000a   Zero   RW          253    .bss                rtc.o
    0x2000009a   0x00000180   Zero   RW          274    .bss                test.o
    0x2000021a   0x00000002   PAD
    0x2000021c   0x00000060   Zero   RW          442    .bss                libspace.o(c_w.l)
    0x2000027c   0x00000004   PAD
    0x20000280   0x00000000   Zero   RW            2    HEAP                stm32f10x.o
    0x20000280   0x00000200   Zero   RW            1    STACK               stm32f10x.o


==============================================================================

Image component sizes


      Code (inc. data)   RO Data    RW Data    ZI Data      Debug   Object Name

       156          4          0          4          0       3559   delay.o
      3048        446          0          4          0       6275   gprs.o
       220         30          0          0          0        693   led.o
      1452         76         60          2         10       4188   rtc.o
       672        104          0          2          0       1698   spi.o
        52         18        236          0        512        452   stm32f10x.o
       742         50          0          0          0       2643   sys.o
       336         42         21         60        384       1865   test.o
       340         22          0          0          0       1110   timer.o
       404         32          0          8         64       2970   usart.o
        88          6          0          0          0       1250   usart1.o

    ----------------------------------------------------------------------
      7512        830        350         80        972      26703   Object Totals
         0          0         32          0          0          0   (incl. Generated)
         2          0          1          0          2          3   (incl. Padding)

    ----------------------------------------------------------------------

      Code (inc. data)   RO Data    RW Data    ZI Data      Debug   Library Member Name

         8          0          0          0          0         68   __main.o
       110          0          0          0          0         84   __printf.o
        52          8          0          0          0          0   __scatter.o
        26          0          0          0          0          0   __scatter_copy.o
        28          0          0          0          0          0   __scatter_zi.o
        44          0          0          0          0        108   _printf_char.o
        48          4          0          0          0         96   _printf_char_common.o
         6          0          0          0          0          0   _printf_d.o
       112         16          0          0          0         92   _printf_dec.o
        92          6         40          0          0         84   _printf_hex_int.o
       174          0          0          0          0         88   _printf_intcommon.o
         0          0          0          0          0          0   _printf_percent.o
         4          0          0          0          0          0   _printf_percent_end.o
         6          0          0          0          0          0   _printf_s.o
        82          0          0          0          0         80   _printf_str.o
         6          0          0          0          0          0   _printf_x.o
        12          0          0          0          0         68   exit.o
       568         18          0          0          0        204   faddsub_clz.o
        12          6          0          0          0         68   fcheck.o
        12          6          0          0          0         68   fcheck1.o
       484         76          0          0          0         76   fdiv.o
        88          6          0          0          0         68   ffixu.o
        58          0          0          0          0        136   fflt_clz.o
       264          6          0          0          0         68   fmul.o
        74          0          0          0          0         84   fnorm2_clz.o
       134          0          0          0          0         84   funder.o
         6          0          0          0          0        148   heapauxi.o
         6          0          0          0          0          0   libinit.o
         2          0          0          0          0          0   libinit2.o
         2          0          0          0          0          0   libshutdown.o
         2          0          0          0          0          0   libshutdown2.o
         8          4          0          0         96         68   libspace.o
        32          8          0          0          0         80   noretval__2printf.o
       100          0          0          0          0         68   retnan.o
         0          0          0          0          0          0   rtentry.o
        12          0          0          0          0          0   rtentry2.o
         6          0          0          0          0          0   rtentry4.o
         0          0          0          0          0          0   rtexit.o
         8          0          0          0          0          0   rtexit2.o
        16          0          0          0          0         68   rtudiv10.o
        62          0          0          0          0         76   strlen.o
        74          0          0          0          0         80   sys_stackheap_outer.o
        48          0          0          0          0         68   trapv.o
         2          0          0          0          0         68   use_no_semi.o
         2          0          0          0          0         68   use_no_semi_2.o
         0          0          0          0          0          0   usenofp.o

    ----------------------------------------------------------------------
      2902        164         40          0        100       2416   Library Totals
        10          0          0          0          4          0   (incl. Padding)

    ----------------------------------------------------------------------

      Code (inc. data)   RO Data    RW Data    ZI Data      Debug   Library Name

      1050         46         40          0         96       1424   c_w.l
      1842        118          0          0          0        992   fz_ws.l

    ----------------------------------------------------------------------
      2902        164         40          0        100       2416   Library Totals

    ----------------------------------------------------------------------

==============================================================================


      Code (inc. data)   RO Data    RW Data    ZI Data      Debug   

     10414        994        390         80       1072      26672   Grand Totals
     10414        994        390         80       1072      26672   ELF Image Totals
     10414        994        390         80          0          0   ROM Totals

==============================================================================

    Total RO  Size (Code + RO Data)                10804 (  10.55kB)
    Total RW  Size (RW Data + ZI Data)              1152 (   1.13kB)
    Total ROM Size (Code + RO Data + RW Data)      10884 (  10.63kB)

==============================================================================

