<html>
<body>
<pre>
<h1>礦ision3 Build Log</h1>
<h2>Project:</h2>
E:\HDU\智能照明集中控制系统\Demo程序12月\USER\test.uv2
Project File Date:  11/23/2011

<h2>Output:</h2>
Build target 'Target 1'
assembling STM32F10x.s...
compiling delay.c...
compiling sys.c...
compiling usart.c...
compiling gprs.c...
..\HARDWARE\gprs.c(130): warning:  #167-D: argument of type "u8 *" is incompatible with parameter of type "const char *"
compiling usart1.c...
..\HARDWARE\usart1.c(23): warning:  #167-D: argument of type "u8 *" is incompatible with parameter of type "const char *"
compiling led.c...
compiling timer.c...
compiling spi.c...
compiling rtc.c...
compiling test.c...
linking...
Program Size: Code=10638 RO-data=390 RW-data=80 ZI-data=1072  
FromELF: creating hex file...
"test.axf" - 0 Error(s), 2 Warning(s).
Build target 'Target 1'
assembling STM32F10x.s...
compiling delay.c...
compiling sys.c...
compiling usart.c...
compiling gprs.c...
..\HARDWARE\gprs.c(130): warning:  #167-D: argument of type "u8 *" is incompatible with parameter of type "const char *"
..\HARDWARE\gprs.c(625): warning:  #223-D: function "Gprs_ReceiveData" declared implicitly
..\HARDWARE\gprs.c(673): error:  #29: expected an expression
..\HARDWARE\gprs.c(704): error:  #84: invalid combination of type specifiers
compiling usart1.c...
..\HARDWARE\usart1.c(23): warning:  #167-D: argument of type "u8 *" is incompatible with parameter of type "const char *"
compiling led.c...
compiling timer.c...
compiling spi.c...
compiling rtc.c...
compiling test.c...
Target not created
Build target 'Target 1'
assembling STM32F10x.s...
compiling delay.c...
compiling sys.c...
compiling usart.c...
compiling gprs.c...
..\HARDWARE\gprs.c(130): warning:  #167-D: argument of type "u8 *" is incompatible with parameter of type "const char *"
..\HARDWARE\gprs.c(625): warning:  #223-D: function "Gprs_ReceiveData" declared implicitly
..\HARDWARE\gprs.c(648): warning:  #223-D: function "Light_Control" declared implicitly
..\HARDWARE\gprs.c(673): error:  #29: expected an expression
compiling usart1.c...
..\HARDWARE\usart1.c(23): warning:  #167-D: argument of type "u8 *" is incompatible with parameter of type "const char *"
compiling led.c...
compiling timer.c...
compiling spi.c...
compiling rtc.c...
compiling test.c...
Target not created
Build target 'Target 1'
assembling STM32F10x.s...
compiling delay.c...
compiling sys.c...
compiling usart.c...
compiling gprs.c...
..\HARDWARE\gprs.c(130): warning:  #167-D: argument of type "u8 *" is incompatible with parameter of type "const char *"
..\HARDWARE\gprs.c(625): warning:  #223-D: function "Gprs_ReceiveData" declared implicitly
..\HARDWARE\gprs.c(648): warning:  #223-D: function "Light_Control" declared implicitly
..\HARDWARE\gprs.c(673): error:  #140: too many arguments in function call
..\HARDWARE\gprs.c(677): error:  #140: too many arguments in function call
..\HARDWARE\gprs.c(683): error:  #140: too many arguments in function call
..\HARDWARE\gprs.c(687): error:  #140: too many arguments in function call
..\HARDWARE\gprs.c(693): error:  #140: too many arguments in function call
..\HARDWARE\gprs.c(697): error:  #140: too many arguments in function call
..\HARDWARE\gprs.c(703): error:  #140: too many arguments in function call
..\HARDWARE\gprs.c(707): error:  #140: too many arguments in function call
..\HARDWARE\gprs.c(724): error:  #147-D: declaration is incompatible with "void Gprs_ReceiveDataState(void)" (declared at line 27 of "..\HARDWARE\gprs.h")
compiling usart1.c...
..\HARDWARE\usart1.c(23): warning:  #167-D: argument of type "u8 *" is incompatible with parameter of type "const char *"
compiling led.c...
compiling timer.c...
compiling spi.c...
compiling rtc.c...
compiling test.c...
Target not created
Build target 'Target 1'
assembling STM32F10x.s...
compiling delay.c...
compiling sys.c...
compiling usart.c...
compiling gprs.c...
..\HARDWARE\gprs.c(130): warning:  #167-D: argument of type "u8 *" is incompatible with parameter of type "const char *"
..\HARDWARE\gprs.c(625): warning:  #223-D: function "Gprs_ReceiveData" declared implicitly
..\HARDWARE\gprs.c(673): error:  #140: too many arguments in function call
..\HARDWARE\gprs.c(677): error:  #140: too many arguments in function call
..\HARDWARE\gprs.c(683): error:  #140: too many arguments in function call
..\HARDWARE\gprs.c(687): error:  #140: too many arguments in function call
..\HARDWARE\gprs.c(693): error:  #140: too many arguments in function call
..\HARDWARE\gprs.c(697): error:  #140: too many arguments in function call
..\HARDWARE\gprs.c(703): error:  #140: too many arguments in function call
..\HARDWARE\gprs.c(707): error:  #140: too many arguments in function call
..\HARDWARE\gprs.c(724): error:  #147-D: declaration is incompatible with "void Gprs_ReceiveDataState(void)" (declared at line 27 of "..\HARDWARE\gprs.h")
compiling usart1.c...
..\HARDWARE\usart1.c(23): warning:  #167-D: argument of type "u8 *" is incompatible with parameter of type "const char *"
compiling led.c...
compiling timer.c...
compiling spi.c...
compiling rtc.c...
compiling test.c...
Target not created
Build target 'Target 1'
assembling STM32F10x.s...
compiling delay.c...
compiling sys.c...
compiling usart.c...
compiling gprs.c...
..\HARDWARE\gprs.c(130): warning:  #167-D: argument of type "u8 *" is incompatible with parameter of type "const char *"
..\HARDWARE\gprs.c(625): warning:  #223-D: function "Gprs_ReceiveData" declared implicitly
..\HARDWARE\gprs.c(673): error:  #140: too many arguments in function call
..\HARDWARE\gprs.c(677): error:  #140: too many arguments in function call
..\HARDWARE\gprs.c(683): error:  #140: too many arguments in function call
..\HARDWARE\gprs.c(687): error:  #140: too many arguments in function call
..\HARDWARE\gprs.c(693): error:  #140: too many arguments in function call
..\HARDWARE\gprs.c(697): error:  #140: too many arguments in function call
..\HARDWARE\gprs.c(703): error:  #140: too many arguments in function call
..\HARDWARE\gprs.c(707): error:  #140: too many arguments in function call
..\HARDWARE\gprs.c(724): error:  #147-D: declaration is incompatible with "void Gprs_ReceiveDataState(void)" (declared at line 27 of "..\HARDWARE\gprs.h")
compiling usart1.c...
..\HARDWARE\usart1.c(23): warning:  #167-D: argument of type "u8 *" is incompatible with parameter of type "const char *"
compiling led.c...
compiling timer.c...
compiling spi.c...
compiling rtc.c...
compiling test.c...
Target not created
Build target 'Target 1'
assembling STM32F10x.s...
compiling delay.c...
compiling sys.c...
compiling usart.c...
compiling gprs.c...
..\HARDWARE\gprs.c(130): warning:  #167-D: argument of type "u8 *" is incompatible with parameter of type "const char *"
..\HARDWARE\gprs.c(625): warning:  #223-D: function "Gprs_ReceiveData" declared implicitly
compiling usart1.c...
..\HARDWARE\usart1.c(23): warning:  #167-D: argument of type "u8 *" is incompatible with parameter of type "const char *"
compiling led.c...
compiling timer.c...
compiling spi.c...
compiling rtc.c...
compiling test.c...
linking...
test.axf: Error: L6218E: Undefined symbol Gprs_ReceiveData (referred from gprs.o).
Target not created
Build target 'Target 1'
assembling STM32F10x.s...
compiling delay.c...
compiling sys.c...
compiling usart.c...
compiling gprs.c...
..\HARDWARE\gprs.c(130): warning:  #167-D: argument of type "u8 *" is incompatible with parameter of type "const char *"
compiling usart1.c...
..\HARDWARE\usart1.c(23): warning:  #167-D: argument of type "u8 *" is incompatible with parameter of type "const char *"
compiling led.c...
compiling timer.c...
compiling spi.c...
compiling rtc.c...
compiling test.c...
linking...
Program Size: Code=10842 RO-data=390 RW-data=80 ZI-data=1072  
FromELF: creating hex file...
"test.axf" - 0 Error(s), 2 Warning(s).
Build target 'Target 1'
assembling STM32F10x.s...
compiling delay.c...
compiling sys.c...
compiling usart.c...
compiling gprs.c...
..\HARDWARE\gprs.c(130): warning:  #167-D: argument of type "u8 *" is incompatible with parameter of type "const char *"
compiling usart1.c...
..\HARDWARE\usart1.c(23): warning:  #167-D: argument of type "u8 *" is incompatible with parameter of type "const char *"
compiling led.c...
compiling timer.c...
compiling spi.c...
compiling rtc.c...
compiling test.c...
linking...
Program Size: Code=10842 RO-data=390 RW-data=80 ZI-data=1072  
FromELF: creating hex file...
"test.axf" - 0 Error(s), 2 Warning(s).
Build target 'Target 1'
assembling STM32F10x.s...
compiling delay.c...
compiling sys.c...
compiling usart.c...
compiling gprs.c...
..\HARDWARE\gprs.c(130): warning:  #167-D: argument of type "u8 *" is incompatible with parameter of type "const char *"
compiling usart1.c...
..\HARDWARE\usart1.c(23): warning:  #167-D: argument of type "u8 *" is incompatible with parameter of type "const char *"
compiling led.c...
compiling timer.c...
compiling spi.c...
compiling rtc.c...
compiling test.c...
linking...
Program Size: Code=10842 RO-data=390 RW-data=80 ZI-data=1072  
FromELF: creating hex file...
"test.axf" - 0 Error(s), 2 Warning(s).
Build target 'Target 1'
assembling STM32F10x.s...
compiling delay.c...
compiling sys.c...
compiling usart.c...
compiling gprs.c...
..\HARDWARE\gprs.c(130): warning:  #167-D: argument of type "u8 *" is incompatible with parameter of type "const char *"
..\HARDWARE\gprs.c(738): warning:  #9-D: nested comment is not allowed
compiling usart1.c...
..\HARDWARE\usart1.c(23): warning:  #167-D: argument of type "u8 *" is incompatible with parameter of type "const char *"
compiling led.c...
compiling timer.c...
compiling spi.c...
compiling rtc.c...
compiling test.c...
linking...
Program Size: Code=10382 RO-data=390 RW-data=80 ZI-data=1072  
FromELF: creating hex file...
"test.axf" - 0 Error(s), 3 Warning(s).
Build target 'Target 1'
assembling STM32F10x.s...
compiling delay.c...
compiling sys.c...
compiling usart.c...
compiling gprs.c...
..\HARDWARE\gprs.c(130): warning:  #167-D: argument of type "u8 *" is incompatible with parameter of type "const char *"
..\HARDWARE\gprs.c(738): warning:  #9-D: nested comment is not allowed
compiling usart1.c...
..\HARDWARE\usart1.c(23): warning:  #167-D: argument of type "u8 *" is incompatible with parameter of type "const char *"
compiling led.c...
compiling timer.c...
compiling spi.c...
compiling rtc.c...
compiling test.c...
linking...
Program Size: Code=10382 RO-data=390 RW-data=80 ZI-data=1072  
FromELF: creating hex file...
"test.axf" - 0 Error(s), 3 Warning(s).
Build target 'Target 1'
assembling STM32F10x.s...
compiling delay.c...
compiling sys.c...
compiling usart.c...
compiling gprs.c...
..\HARDWARE\gprs.c(130): warning:  #167-D: argument of type "u8 *" is incompatible with parameter of type "const char *"
..\HARDWARE\gprs.c(738): warning:  #9-D: nested comment is not allowed
compiling usart1.c...
..\HARDWARE\usart1.c(23): warning:  #167-D: argument of type "u8 *" is incompatible with parameter of type "const char *"
compiling led.c...
compiling timer.c...
compiling spi.c...
compiling rtc.c...
compiling test.c...
linking...
Program Size: Code=10358 RO-data=390 RW-data=80 ZI-data=1072  
FromELF: creating hex file...
"test.axf" - 0 Error(s), 3 Warning(s).
Build target 'Target 1'
assembling STM32F10x.s...
compiling delay.c...
compiling sys.c...
compiling usart.c...
compiling gprs.c...
..\HARDWARE\gprs.c(130): warning:  #167-D: argument of type "u8 *" is incompatible with parameter of type "const char *"
compiling usart1.c...
..\HARDWARE\usart1.c(23): warning:  #167-D: argument of type "u8 *" is incompatible with parameter of type "const char *"
compiling led.c...
compiling timer.c...
compiling spi.c...
compiling rtc.c...
compiling test.c...
linking...
Program Size: Code=10358 RO-data=390 RW-data=80 ZI-data=1072  
FromELF: creating hex file...
"test.axf" - 0 Error(s), 2 Warning(s).
Build target 'Target 1'
assembling STM32F10x.s...
compiling delay.c...
compiling sys.c...
compiling usart.c...
compiling gprs.c...
..\HARDWARE\gprs.c(130): warning:  #167-D: argument of type "u8 *" is incompatible with parameter of type "const char *"
compiling usart1.c...
..\HARDWARE\usart1.c(23): warning:  #167-D: argument of type "u8 *" is incompatible with parameter of type "const char *"
compiling led.c...
compiling timer.c...
compiling spi.c...
compiling rtc.c...
compiling test.c...
linking...
Program Size: Code=10342 RO-data=390 RW-data=80 ZI-data=1072  
FromELF: creating hex file...
"test.axf" - 0 Error(s), 2 Warning(s).
Build target 'Target 1'
assembling STM32F10x.s...
compiling delay.c...
compiling sys.c...
compiling usart.c...
compiling gprs.c...
..\HARDWARE\gprs.c(130): warning:  #167-D: argument of type "u8 *" is incompatible with parameter of type "const char *"
compiling usart1.c...
..\HARDWARE\usart1.c(23): warning:  #167-D: argument of type "u8 *" is incompatible with parameter of type "const char *"
compiling led.c...
compiling timer.c...
compiling spi.c...
compiling rtc.c...
compiling test.c...
test.c(14): error:  #7: unrecognized token
test.c(14): error:  #169: expected a declaration
test.c(14): error:  #7: unrecognized token
test.c(14): error:  #7: unrecognized token
test.c(14): error:  #7: unrecognized token
Target not created
Build target 'Target 1'
assembling STM32F10x.s...
compiling delay.c...
compiling sys.c...
compiling usart.c...
compiling gprs.c...
..\HARDWARE\gprs.c(130): warning:  #167-D: argument of type "u8 *" is incompatible with parameter of type "const char *"
compiling usart1.c...
..\HARDWARE\usart1.c(23): warning:  #167-D: argument of type "u8 *" is incompatible with parameter of type "const char *"
compiling led.c...
compiling timer.c...
compiling spi.c...
compiling rtc.c...
compiling test.c...
linking...
Program Size: Code=10342 RO-data=390 RW-data=80 ZI-data=1072  
FromELF: creating hex file...
"test.axf" - 0 Error(s), 2 Warning(s).
Build target 'Target 1'
assembling STM32F10x.s...
compiling delay.c...
compiling sys.c...
compiling usart.c...
compiling gprs.c...
..\HARDWARE\gprs.c(130): warning:  #167-D: argument of type "u8 *" is incompatible with parameter of type "const char *"
compiling usart1.c...
..\HARDWARE\usart1.c(23): warning:  #167-D: argument of type "u8 *" is incompatible with parameter of type "const char *"
compiling led.c...
compiling timer.c...
compiling spi.c...
compiling rtc.c...
compiling test.c...
linking...
Program Size: Code=10342 RO-data=390 RW-data=80 ZI-data=1072  
FromELF: creating hex file...
"test.axf" - 0 Error(s), 2 Warning(s).
Build target 'Target 1'
assembling STM32F10x.s...
compiling delay.c...
compiling sys.c...
compiling usart.c...
compiling gprs.c...
..\HARDWARE\gprs.c(130): warning:  #167-D: argument of type "u8 *" is incompatible with parameter of type "const char *"
compiling usart1.c...
..\HARDWARE\usart1.c(23): warning:  #167-D: argument of type "u8 *" is incompatible with parameter of type "const char *"
compiling led.c...
compiling timer.c...
compiling spi.c...
compiling rtc.c...
compiling test.c...
linking...
Program Size: Code=10358 RO-data=390 RW-data=80 ZI-data=1072  
FromELF: creating hex file...
"test.axf" - 0 Error(s), 2 Warning(s).
Build target 'Target 1'
assembling STM32F10x.s...
compiling delay.c...
compiling sys.c...
compiling usart.c...
compiling gprs.c...
..\HARDWARE\gprs.c(130): warning:  #167-D: argument of type "u8 *" is incompatible with parameter of type "const char *"
compiling usart1.c...
..\HARDWARE\usart1.c(23): warning:  #167-D: argument of type "u8 *" is incompatible with parameter of type "const char *"
compiling led.c...
compiling timer.c...
compiling spi.c...
compiling rtc.c...
compiling test.c...
linking...
Program Size: Code=10386 RO-data=390 RW-data=80 ZI-data=1072  
FromELF: creating hex file...
"test.axf" - 0 Error(s), 2 Warning(s).
Build target 'Target 1'
assembling STM32F10x.s...
compiling delay.c...
compiling sys.c...
compiling usart.c...
compiling gprs.c...
..\HARDWARE\gprs.c(130): warning:  #167-D: argument of type "u8 *" is incompatible with parameter of type "const char *"
compiling usart1.c...
..\HARDWARE\usart1.c(23): warning:  #167-D: argument of type "u8 *" is incompatible with parameter of type "const char *"
compiling led.c...
compiling timer.c...
compiling spi.c...
compiling rtc.c...
compiling test.c...
linking...
Program Size: Code=10386 RO-data=390 RW-data=80 ZI-data=1072  
FromELF: creating hex file...
"test.axf" - 0 Error(s), 2 Warning(s).
Build target 'Target 1'
assembling STM32F10x.s...
compiling delay.c...
compiling sys.c...
compiling usart.c...
compiling gprs.c...
..\HARDWARE\gprs.c(130): warning:  #167-D: argument of type "u8 *" is incompatible with parameter of type "const char *"
compiling usart1.c...
..\HARDWARE\usart1.c(23): warning:  #167-D: argument of type "u8 *" is incompatible with parameter of type "const char *"
compiling led.c...
compiling timer.c...
compiling spi.c...
compiling rtc.c...
compiling test.c...
linking...
Program Size: Code=10386 RO-data=390 RW-data=80 ZI-data=1072  
FromELF: creating hex file...
"test.axf" - 0 Error(s), 2 Warning(s).
Load "E:\\HDU\\智能照明集中控制系统\\Demo程序12月\\USER\\test.AXF" 

JLink info:
-----------
DLL: V4.08b, compiled Jun 30 2009 19:10:31
Firmware: J-Link ARM V8 compiled Apr 27 2011 20:42:35
Hardware: V8.00
S/N : 20100214 
Feature(s) : RDI,FlashDL,FlashBP,JFlash,GDBFull 
---
* JLink Info: Found SWD-DP with ID 0x1BA01477
* JLink Info: TPIU fitted.
* JLink Info: ETM fitted.
* JLink Info:   FPUnit: 6 code (BP) slots and 2 literal slots

Target info:
------------
Device: STM32F103RC
VTarget = 3.325V
State of Pins: 
TCK: 0, TDI: 1, TDO: 1, TMS: 0, TRES: 1, TRST: 1
* JLink Info: Found SWD-DP with ID 0x1BA01477
* JLink Info: TPIU fitted.
* JLink Info: ETM fitted.
* JLink Info:   FPUnit: 6 code (BP) slots and 2 literal slots
Hardware-Breakpoints: 6
Software-Breakpoints: 2048
Watchpoints:          4
JTAG speed: 9600 kHz
---
* JLink Info: Found SWD-DP with ID 0x1BA01477
* JLink Info: TPIU fitted.
* JLink Info: ETM fitted.
* JLink Info:   FPUnit: 6 code (BP) slots and 2 literal slots
Erase Done.
Programming Done.
Verify OK.
* JLink Info: Found SWD-DP with ID 0x1BA01477
* JLink Info: TPIU fitted.
* JLink Info: ETM fitted.
* JLink Info:   FPUnit: 6 code (BP) slots and 2 literal slots
Application running ...
Build target 'Target 1'
assembling STM32F10x.s...
compiling delay.c...
compiling sys.c...
compiling usart.c...
compiling gprs.c...
..\HARDWARE\gprs.c(130): warning:  #167-D: argument of type "u8 *" is incompatible with parameter of type "const char *"
..\HARDWARE\gprs.c(589): warning:  #177-D: variable "j" was declared but never referenced
compiling usart1.c...
..\HARDWARE\usart1.c(23): warning:  #167-D: argument of type "u8 *" is incompatible with parameter of type "const char *"
compiling led.c...
compiling timer.c...
compiling spi.c...
compiling rtc.c...
compiling test.c...
linking...
Program Size: Code=10386 RO-data=390 RW-data=80 ZI-data=1072  
FromELF: creating hex file...
"test.axf" - 0 Error(s), 3 Warning(s).
Load "E:\\HDU\\智能照明集中控制系统\\Demo程序12月\\USER\\test.AXF" 

JLink info:
-----------
DLL: V4.08b, compiled Jun 30 2009 19:10:31
Firmware: J-Link ARM V8 compiled Apr 27 2011 20:42:35
Hardware: V8.00
S/N : 20100214 
Feature(s) : RDI,FlashDL,FlashBP,JFlash,GDBFull 
---
* JLink Info: Found SWD-DP with ID 0x1BA01477
* JLink Info: TPIU fitted.
* JLink Info: ETM fitted.
* JLink Info:   FPUnit: 6 code (BP) slots and 2 literal slots

Target info:
------------
Device: STM32F103RC
VTarget = 3.325V
State of Pins: 
TCK: 0, TDI: 1, TDO: 1, TMS: 0, TRES: 1, TRST: 1
* JLink Info: Found SWD-DP with ID 0x1BA01477
* JLink Info: TPIU fitted.
* JLink Info: ETM fitted.
* JLink Info:   FPUnit: 6 code (BP) slots and 2 literal slots
Hardware-Breakpoints: 6
Software-Breakpoints: 2048
Watchpoints:          4
JTAG speed: 9600 kHz
---
* JLink Info: Found SWD-DP with ID 0x1BA01477
* JLink Info: TPIU fitted.
* JLink Info: ETM fitted.
* JLink Info:   FPUnit: 6 code (BP) slots and 2 literal slots
Erase Done.
Programming Done.
Verify OK.
* JLink Info: Found SWD-DP with ID 0x1BA01477
* JLink Info: TPIU fitted.
* JLink Info: ETM fitted.
* JLink Info:   FPUnit: 6 code (BP) slots and 2 literal slots
Application running ...
Build target 'Target 1'
assembling STM32F10x.s...
compiling delay.c...
compiling sys.c...
compiling usart.c...
compiling gprs.c...
..\HARDWARE\gprs.c(130): warning:  #167-D: argument of type "u8 *" is incompatible with parameter of type "const char *"
..\HARDWARE\gprs.c(624): warning:  #174-D: expression has no effect
compiling usart1.c...
..\HARDWARE\usart1.c(23): warning:  #167-D: argument of type "u8 *" is incompatible with parameter of type "const char *"
compiling led.c...
compiling timer.c...
compiling spi.c...
compiling rtc.c...
compiling test.c...
linking...
Program Size: Code=10414 RO-data=390 RW-data=80 ZI-data=1072  
FromELF: creating hex file...
"test.axf" - 0 Error(s), 3 Warning(s).
Build target 'Target 1'
assembling STM32F10x.s...
compiling delay.c...
compiling sys.c...
compiling usart.c...
compiling gprs.c...
..\HARDWARE\gprs.c(130): warning:  #167-D: argument of type "u8 *" is incompatible with parameter of type "const char *"
compiling usart1.c...
..\HARDWARE\usart1.c(23): warning:  #167-D: argument of type "u8 *" is incompatible with parameter of type "const char *"
compiling led.c...
compiling timer.c...
compiling spi.c...
compiling rtc.c...
compiling test.c...
linking...
Program Size: Code=10438 RO-data=390 RW-data=80 ZI-data=1072  
FromELF: creating hex file...
"test.axf" - 0 Error(s), 2 Warning(s).
Build target 'Target 1'
assembling STM32F10x.s...
compiling delay.c...
compiling sys.c...
compiling usart.c...
compiling gprs.c...
..\HARDWARE\gprs.c(130): warning:  #167-D: argument of type "u8 *" is incompatible with parameter of type "const char *"
compiling usart1.c...
..\HARDWARE\usart1.c(23): warning:  #167-D: argument of type "u8 *" is incompatible with parameter of type "const char *"
compiling led.c...
compiling timer.c...
compiling spi.c...
compiling rtc.c...
compiling test.c...
linking...
Program Size: Code=10438 RO-data=390 RW-data=80 ZI-data=1072  
FromELF: creating hex file...
"test.axf" - 0 Error(s), 2 Warning(s).
Build target 'Target 1'
assembling STM32F10x.s...
compiling delay.c...
compiling sys.c...
compiling usart.c...
compiling gprs.c...
..\HARDWARE\gprs.c(130): warning:  #167-D: argument of type "u8 *" is incompatible with parameter of type "const char *"
compiling usart1.c...
..\HARDWARE\usart1.c(23): warning:  #167-D: argument of type "u8 *" is incompatible with parameter of type "const char *"
compiling led.c...
compiling timer.c...
compiling spi.c...
compiling rtc.c...
compiling test.c...
linking...
Program Size: Code=10438 RO-data=390 RW-data=80 ZI-data=1072  
FromELF: creating hex file...
"test.axf" - 0 Error(s), 2 Warning(s).
Build target 'Target 1'
assembling STM32F10x.s...
compiling delay.c...
compiling sys.c...
compiling usart.c...
compiling gprs.c...
..\HARDWARE\gprs.c(130): warning:  #167-D: argument of type "u8 *" is incompatible with parameter of type "const char *"
compiling usart1.c...
..\HARDWARE\usart1.c(23): warning:  #167-D: argument of type "u8 *" is incompatible with parameter of type "const char *"
compiling led.c...
compiling timer.c...
compiling spi.c...
compiling rtc.c...
compiling test.c...
linking...
Program Size: Code=10414 RO-data=390 RW-data=80 ZI-data=1072  
FromELF: creating hex file...
"test.axf" - 0 Error(s), 2 Warning(s).
Build target 'Target 1'
assembling STM32F10x.s...
compiling delay.c...
compiling sys.c...
compiling usart.c...
compiling gprs.c...
..\HARDWARE\gprs.c(130): warning:  #167-D: argument of type "u8 *" is incompatible with parameter of type "const char *"
compiling usart1.c...
..\HARDWARE\usart1.c(23): warning:  #167-D: argument of type "u8 *" is incompatible with parameter of type "const char *"
compiling led.c...
compiling timer.c...
compiling spi.c...
compiling rtc.c...
compiling test.c...
linking...
Program Size: Code=10414 RO-data=390 RW-data=80 ZI-data=1072  
FromELF: creating hex file...
"test.axf" - 0 Error(s), 2 Warning(s).
Build target 'Target 1'
assembling STM32F10x.s...
compiling delay.c...
compiling sys.c...
compiling usart.c...
compiling gprs.c...
..\HARDWARE\gprs.c(130): warning:  #167-D: argument of type "u8 *" is incompatible with parameter of type "const char *"
compiling usart1.c...
..\HARDWARE\usart1.c(23): warning:  #167-D: argument of type "u8 *" is incompatible with parameter of type "const char *"
compiling led.c...
compiling timer.c...
compiling spi.c...
compiling rtc.c...
compiling test.c...
linking...
Program Size: Code=10414 RO-data=390 RW-data=80 ZI-data=1072  
FromELF: creating hex file...
"test.axf" - 0 Error(s), 2 Warning(s).
Build target 'Target 1'
assembling STM32F10x.s...
compiling delay.c...
compiling sys.c...
compiling usart.c...
compiling gprs.c...
..\HARDWARE\gprs.c(130): warning:  #167-D: argument of type "u8 *" is incompatible with parameter of type "const char *"
compiling usart1.c...
..\HARDWARE\usart1.c(23): warning:  #167-D: argument of type "u8 *" is incompatible with parameter of type "const char *"
compiling led.c...
compiling timer.c...
compiling spi.c...
compiling rtc.c...
compiling test.c...
linking...
Program Size: Code=10414 RO-data=390 RW-data=80 ZI-data=1072  
FromELF: creating hex file...
"test.axf" - 0 Error(s), 2 Warning(s).
Build target 'Target 1'
assembling STM32F10x.s...
compiling delay.c...
compiling sys.c...
compiling usart.c...
compiling gprs.c...
..\HARDWARE\gprs.c(130): warning:  #167-D: argument of type "u8 *" is incompatible with parameter of type "const char *"
compiling usart1.c...
..\HARDWARE\usart1.c(23): warning:  #167-D: argument of type "u8 *" is incompatible with parameter of type "const char *"
compiling led.c...
compiling timer.c...
compiling spi.c...
compiling rtc.c...
compiling test.c...
linking...
Program Size: Code=10414 RO-data=390 RW-data=80 ZI-data=1072  
FromELF: creating hex file...
"test.axf" - 0 Error(s), 2 Warning(s).
Build target 'Target 1'
assembling STM32F10x.s...
compiling delay.c...
compiling sys.c...
compiling usart.c...
compiling gprs.c...
..\HARDWARE\gprs.c(130): warning:  #167-D: argument of type "u8 *" is incompatible with parameter of type "const char *"
compiling usart1.c...
..\HARDWARE\usart1.c(23): warning:  #167-D: argument of type "u8 *" is incompatible with parameter of type "const char *"
compiling led.c...
compiling timer.c...
compiling spi.c...
compiling rtc.c...
compiling test.c...
linking...
Program Size: Code=10414 RO-data=390 RW-data=80 ZI-data=1072  
FromELF: creating hex file...
"test.axf" - 0 Error(s), 2 Warning(s).
Build target 'Target 1'
assembling STM32F10x.s...
compiling delay.c...
compiling sys.c...
compiling usart.c...
compiling gprs.c...
..\HARDWARE\gprs.c(130): warning:  #167-D: argument of type "u8 *" is incompatible with parameter of type "const char *"
compiling usart1.c...
..\HARDWARE\usart1.c(23): warning:  #167-D: argument of type "u8 *" is incompatible with parameter of type "const char *"
compiling led.c...
compiling timer.c...
compiling spi.c...
compiling rtc.c...
compiling test.c...
linking...
Program Size: Code=10414 RO-data=390 RW-data=80 ZI-data=1072  
FromELF: creating hex file...
"test.axf" - 0 Error(s), 2 Warning(s).
Build target 'Target 1'
assembling STM32F10x.s...
compiling delay.c...
compiling sys.c...
compiling usart.c...
compiling gprs.c...
..\HARDWARE\gprs.c(130): warning:  #167-D: argument of type "u8 *" is incompatible with parameter of type "const char *"
compiling usart1.c...
..\HARDWARE\usart1.c(23): warning:  #167-D: argument of type "u8 *" is incompatible with parameter of type "const char *"
compiling led.c...
compiling timer.c...
compiling spi.c...
compiling rtc.c...
compiling test.c...
linking...
Program Size: Code=10414 RO-data=390 RW-data=80 ZI-data=1072  
FromELF: creating hex file...
"test.axf" - 0 Error(s), 2 Warning(s).
Build target 'Target 1'
assembling STM32F10x.s...
compiling delay.c...
compiling sys.c...
compiling usart.c...
compiling gprs.c...
..\HARDWARE\gprs.c(130): warning:  #167-D: argument of type "u8 *" is incompatible with parameter of type "const char *"
compiling usart1.c...
..\HARDWARE\usart1.c(23): warning:  #167-D: argument of type "u8 *" is incompatible with parameter of type "const char *"
compiling led.c...
compiling timer.c...
compiling spi.c...
compiling rtc.c...
compiling test.c...
linking...
Program Size: Code=10414 RO-data=390 RW-data=80 ZI-data=1072  
FromELF: creating hex file...
"test.axf" - 0 Error(s), 2 Warning(s).
Build target 'Target 1'
assembling STM32F10x.s...
compiling delay.c...
compiling sys.c...
compiling usart.c...
compiling gprs.c...
..\HARDWARE\gprs.c(130): warning:  #167-D: argument of type "u8 *" is incompatible with parameter of type "const char *"
compiling usart1.c...
..\HARDWARE\usart1.c(23): warning:  #167-D: argument of type "u8 *" is incompatible with parameter of type "const char *"
compiling led.c...
compiling timer.c...
compiling spi.c...
compiling rtc.c...
compiling test.c...
linking...
Program Size: Code=10414 RO-data=390 RW-data=80 ZI-data=1072  
FromELF: creating hex file...
"test.axf" - 0 Error(s), 2 Warning(s).
Build target 'Target 1'
assembling STM32F10x.s...
compiling delay.c...
compiling sys.c...
compiling usart.c...
compiling gprs.c...
..\HARDWARE\gprs.c(130): warning:  #167-D: argument of type "u8 *" is incompatible with parameter of type "const char *"
compiling usart1.c...
..\HARDWARE\usart1.c(23): warning:  #167-D: argument of type "u8 *" is incompatible with parameter of type "const char *"
compiling led.c...
compiling timer.c...
compiling spi.c...
compiling rtc.c...
compiling test.c...
linking...
Program Size: Code=10414 RO-data=390 RW-data=80 ZI-data=1072  
FromELF: creating hex file...
"test.axf" - 0 Error(s), 2 Warning(s).
Build target 'Target 1'
assembling STM32F10x.s...
compiling delay.c...
compiling sys.c...
compiling usart.c...
compiling gprs.c...
..\HARDWARE\gprs.c(130): warning:  #167-D: argument of type "u8 *" is incompatible with parameter of type "const char *"
compiling usart1.c...
..\HARDWARE\usart1.c(23): warning:  #167-D: argument of type "u8 *" is incompatible with parameter of type "const char *"
compiling led.c...
compiling timer.c...
compiling spi.c...
compiling rtc.c...
compiling test.c...
linking...
Program Size: Code=10414 RO-data=390 RW-data=80 ZI-data=1072  
FromELF: creating hex file...
"test.axf" - 0 Error(s), 2 Warning(s).
Build target 'Target 1'
assembling STM32F10x.s...
compiling delay.c...
compiling sys.c...
compiling usart.c...
compiling gprs.c...
..\HARDWARE\gprs.c(130): warning:  #167-D: argument of type "u8 *" is incompatible with parameter of type "const char *"
compiling usart1.c...
..\HARDWARE\usart1.c(23): warning:  #167-D: argument of type "u8 *" is incompatible with parameter of type "const char *"
compiling led.c...
compiling timer.c...
compiling spi.c...
compiling rtc.c...
compiling test.c...
linking...
Program Size: Code=10414 RO-data=390 RW-data=80 ZI-data=1072  
FromELF: creating hex file...
"test.axf" - 0 Error(s), 2 Warning(s).
