<html>
<body>
<pre>
<h1>礦ision Build Log</h1>
<h2>Project:</h2>
E:\HDU\智能照明集中控制系统\照明系统程序\2011.12.27\USER\test.uvproj
Project File Date:  01/03/2012

<h2>Output:</h2>
Build target 'Target 1'
assembling STM32F10x.s...
compiling test.c...
compiling delay.c...
compiling sys.c...
compiling usart.c...
compiling 12864.c...
..\HARDWARE\12864.c(138): warning:  #167-D: argument of type "u8 *" is incompatible with parameter of type "const char *"
..\HARDWARE\12864.c:    for(i=0;i<strlen(bString);i++)             
..\HARDWARE\12864.c:                     ^
..\HARDWARE\12864.c: ..\HARDWARE\12864.c: 1 warning, 0 errors
compiling checkdisp.c...
compiling checkfunc.c...
compiling disp.c...
compiling eeprom.c...
compiling func.c...
compiling gprs.c...
..\HARDWARE\gprs.c(136): warning:  #167-D: argument of type "u8 *" is incompatible with parameter of type "const char *"
..\HARDWARE\gprs.c:     for(i=0;i<strlen(utstring);i++)                  //发送字符串
..\HARDWARE\gprs.c:                      ^
..\HARDWARE\gprs.c: ..\HARDWARE\gprs.c: 1 warning, 0 errors
compiling key.c...
compiling rtc.c...
compiling setdisp.c...
compiling setfunc.c...
compiling timer.c...
compiling usartx.c...
..\HARDWARE\usartx.c(29): warning:  #167-D: argument of type "u8 *" is incompatible with parameter of type "const char *"
..\HARDWARE\usartx.c:           for(i=0;i<strlen(utstring);i++)
..\HARDWARE\usartx.c:                            ^
..\HARDWARE\usartx.c: ..\HARDWARE\usartx.c: 1 warning, 0 errors
compiling beep.c...
compiling led.c...
compiling zigbeefunc.c...
compiling gprsfunc.c...
linking...
Program Size: Code=19746 RO-data=350 RW-data=72 ZI-data=912  
FromELF: creating hex file...
"..\OUTPUT\test.axf" - 0 Error(s), 3 Warning(s).
Build target 'Target 1'
assembling STM32F10x.s...
STM32F10x.s: error: A1023E: File "STM32F10x.s" could not be opened: No such file or directory
STM32F10x.s: 1 Error, 0 Warnings
Target not created
Build target 'Target 1'
assembling STM32F10x.s...
compiling test.c...
test.c: Error:  #5: cannot open source input file "test.c": No such file or directory
test.c: test.c: 0 warnings, 1 error
Target not created
Build target 'Target 1'
assembling STM32F10x.s...
compiling test.c...
compiling delay.c...
compiling sys.c...
compiling usart.c...
compiling 12864.c...
..\HARDWARE\12864.c(138): warning:  #167-D: argument of type "u8 *" is incompatible with parameter of type "const char *"
..\HARDWARE\12864.c:    for(i=0;i<strlen(bString);i++)             
..\HARDWARE\12864.c:                     ^
..\HARDWARE\12864.c: ..\HARDWARE\12864.c: 1 warning, 0 errors
compiling checkdisp.c...
compiling checkfunc.c...
compiling disp.c...
compiling eeprom.c...
compiling func.c...
compiling gprs.c...
..\HARDWARE\gprs.c(136): warning:  #167-D: argument of type "u8 *" is incompatible with parameter of type "const char *"
..\HARDWARE\gprs.c:     for(i=0;i<strlen(utstring);i++)                  //发送字符串
..\HARDWARE\gprs.c:                      ^
..\HARDWARE\gprs.c: ..\HARDWARE\gprs.c: 1 warning, 0 errors
compiling key.c...
compiling rtc.c...
compiling setdisp.c...
compiling setfunc.c...
compiling timer.c...
compiling usartx.c...
..\HARDWARE\usartx.c(29): warning:  #167-D: argument of type "u8 *" is incompatible with parameter of type "const char *"
..\HARDWARE\usartx.c:           for(i=0;i<strlen(utstring);i++)
..\HARDWARE\usartx.c:                            ^
..\HARDWARE\usartx.c: ..\HARDWARE\usartx.c: 1 warning, 0 errors
compiling beep.c...
compiling led.c...
compiling zigbeefunc.c...
compiling gprsfunc.c...
linking...
Program Size: Code=19746 RO-data=350 RW-data=72 ZI-data=912  
FromELF: creating hex file...
"..\OUTPUT\test.axf" - 0 Error(s), 3 Warning(s).
Build target 'Target 1'
assembling STM32F10x.s...
compiling test.c...
compiling delay.c...
compiling sys.c...
compiling usart.c...
compiling 12864.c...
..\HARDWARE\12864.c(138): warning:  #167-D: argument of type "u8 *" is incompatible with parameter of type "const char *"
..\HARDWARE\12864.c:    for(i=0;i<strlen(bString);i++)             
..\HARDWARE\12864.c:                     ^
..\HARDWARE\12864.c: ..\HARDWARE\12864.c: 1 warning, 0 errors
compiling checkdisp.c...
compiling checkfunc.c...
compiling disp.c...
compiling eeprom.c...
compiling func.c...
compiling gprs.c...
..\HARDWARE\gprs.c(136): warning:  #167-D: argument of type "u8 *" is incompatible with parameter of type "const char *"
..\HARDWARE\gprs.c:     for(i=0;i<strlen(utstring);i++)                  //发送字符串
..\HARDWARE\gprs.c:                      ^
..\HARDWARE\gprs.c: ..\HARDWARE\gprs.c: 1 warning, 0 errors
compiling key.c...
compiling rtc.c...
compiling setdisp.c...
compiling setfunc.c...
compiling timer.c...
compiling usartx.c...
..\HARDWARE\usartx.c(29): warning:  #167-D: argument of type "u8 *" is incompatible with parameter of type "const char *"
..\HARDWARE\usartx.c:           for(i=0;i<strlen(utstring);i++)
..\HARDWARE\usartx.c:                            ^
..\HARDWARE\usartx.c: ..\HARDWARE\usartx.c: 1 warning, 0 errors
compiling beep.c...
compiling led.c...
compiling zigbeefunc.c...
compiling gprsfunc.c...
linking...
Program Size: Code=19746 RO-data=350 RW-data=72 ZI-data=912  
FromELF: creating hex file...
"..\OUTPUT\test.axf" - 0 Error(s), 3 Warning(s).
