ARM Linker, 4.1 [Build 481] [Professional]

==============================================================================

Section Cross References

    stm32f10x.o(STACK) refers (Special) to heapauxi.o(.text) for __use_two_region_memory
    stm32f10x.o(HEAP) refers (Special) to heapauxi.o(.text) for __use_two_region_memory
    stm32f10x.o(RESET) refers (Special) to heapauxi.o(.text) for __use_two_region_memory
    stm32f10x.o(RESET) refers to stm32f10x.o(STACK) for __initial_sp
    stm32f10x.o(RESET) refers to stm32f10x.o(.text) for Reset_Handler
    stm32f10x.o(RESET) refers to rtc.o(.text) for RTC_IRQHandler
    stm32f10x.o(RESET) refers to key.o(.text) for EXTI0_IRQHandler
    stm32f10x.o(RESET) refers to timer.o(.text) for TIM2_IRQHandler
    stm32f10x.o(RESET) refers to usart.o(.text) for USART1_IRQHandler
    stm32f10x.o(RESET) refers to usartx.o(.text) for USART2_IRQHandler
    stm32f10x.o(.text) refers (Special) to heapauxi.o(.text) for __use_two_region_memory
    stm32f10x.o(.text) refers to __main.o(!!!main) for __main
    stm32f10x.o(.text) refers to stm32f10x.o(HEAP) for Heap_Mem
    stm32f10x.o(.text) refers to stm32f10x.o(STACK) for Stack_Mem
    test.o(.text) refers to sys.o(.text) for Stm32Clock_Init
    test.o(.text) refers to delay.o(.text) for Delay_Init
    test.o(.text) refers to rtc.o(.text) for RTC_Init
    test.o(.text) refers to timer.o(.text) for Timer2_Init
    test.o(.text) refers to usart.o(.text) for uart1_init
    test.o(.text) refers to usartx.o(.text) for Usart2_Init
    test.o(.text) refers to beep.o(.text) for Beep_Init
    test.o(.text) refers to gprs.o(.text) for GprsPort_Init
    test.o(.text) refers to 12864.o(.text) for LCDPort_Init
    test.o(.text) refers to key.o(.text) for Key_Init
    test.o(.text) refers to eeprom.o(.text) for AT24CXX_Init
    test.o(.text) refers to led.o(.text) for Led_Init
    test.o(.text) refers to zigbeefunc.o(.text) for Zigbee_InitCheck
    test.o(.text) refers to disp.o(.text) for Normal_Page
    test.o(.text) refers to gprsfunc.o(.text) for Gprs_Receivefunc
    test.o(.text) refers to func.o(.text) for Normal_Func
    test.o(.text) refers to setfunc.o(.text) for Input_Code_Func
    test.o(.text) refers to checkfunc.o(.text) for Check_ID_Func
    test.o(.text) refers to test.o(.data) for GPRSSTATE
    test.o(.data) refers to test.o(.conststring) for .conststring
    delay.o(.text) refers to delay.o(.data) for fac_us
    sys.o(.text) refers to sys.o(.emb_text) for WFI_SET
    usart.o(.text) refers (Special) to use_no_semi_2.o(.text) for __use_no_semihosting
    usart.o(.text) refers to fflt_clz.o(x$fpl$ffltu) for __aeabi_ui2f
    usart.o(.text) refers to fdiv.o(x$fpl$fdiv) for __aeabi_fdiv
    usart.o(.text) refers to ffixu.o(x$fpl$ffixu) for __aeabi_f2uiz
    usart.o(.text) refers to faddsub_clz.o(x$fpl$frsb) for __aeabi_frsub
    usart.o(.text) refers to fmul.o(x$fpl$fmul) for __aeabi_fmul
    usart.o(.text) refers to sys.o(.text) for MY_NVIC_Init
    usart.o(.text) refers to usart.o(.data) for USART_RX_STA
    usart.o(.text) refers to usart.o(.bss) for USART_RX_BUF
    usart.o(.bss) refers (Special) to use_no_semi_2.o(.text) for __use_no_semihosting
    usart.o(.data) refers (Special) to use_no_semi_2.o(.text) for __use_no_semihosting
    12864.o(.text) refers to delay.o(.text) for Delay_Nus
    12864.o(.text) refers to sys.o(.text) for mstrlen
    12864.o(.text) refers to 12864.o(.data) for bLCDLine
    checkdisp.o(.text) refers to 12864.o(.text) for ClearLCD
    checkdisp.o(.text) refers to test.o(.data) for ee_gid
    checkfunc.o(.text) refers to disp.o(.text) for Function_CheckPage1
    checkfunc.o(.text) refers to test.o(.data) for key_value
    disp.o(.text) refers to 12864.o(.text) for WriteCommand
    disp.o(.text) refers to rtc.o(.bss) for timer
    eeprom.o(.text) refers to _printf_percent.o(.ARM.Collect$$_printf_percent$$00000000) for _printf_percent
    eeprom.o(.text) refers to _printf_d.o(.ARM.Collect$$_printf_percent$$00000009) for _printf_d
    eeprom.o(.text) refers to _printf_dec.o(.text) for _printf_int_dec
    eeprom.o(.text) refers to _printf_s.o(.ARM.Collect$$_printf_percent$$00000014) for _printf_s
    eeprom.o(.text) refers to _printf_str.o(.text) for _printf_str
    eeprom.o(.text) refers to delay.o(.text) for Delay_Nus
    eeprom.o(.text) refers to noretval__2printf.o(.text) for __2printf
    eeprom.o(.text) refers to test.o(.data) for ee_gid
    func.o(.text) refers to disp.o(.text) for Input_Code_Page
    func.o(.text) refers to 12864.o(.text) for ClearLCD
    func.o(.text) refers to setdisp.o(.text) for Set_GID_Page
    func.o(.text) refers to checkdisp.o(.text) for Check_ID_Page
    func.o(.text) refers to test.o(.data) for key_value
    gprs.o(.text) refers to usartx.o(.text) for Usart2_SendByte
    gprs.o(.text) refers to sys.o(.text) for mstrlen
    gprs.o(.text) refers to delay.o(.text) for Delay_Nms
[...]
    __printf_ss.o(.text) refers to _printf_percent.o(.ARM.Collect$$_printf_percent$$00000000) for _printf_percent
    __printf_flags_ss.o(.text) refers to _printf_percent.o(.ARM.Collect$$_printf_percent$$00000000) for _printf_percent
    __printf_flags_ss.o(.text) refers to __printf_flags_ss.o(.constdata) for .constdata
    __printf_wp.o(.text) refers to _printf_percent.o(.ARM.Collect$$_printf_percent$$00000000) for _printf_percent
    __printf_flags_wp.o(.text) refers to _printf_percent.o(.ARM.Collect$$_printf_percent$$00000000) for _printf_percent
    __printf_flags_wp.o(.text) refers to __printf_flags_wp.o(.constdata) for .constdata
    __printf_ss_wp.o(.text) refers to _printf_percent.o(.ARM.Collect$$_printf_percent$$00000000) for _printf_percent
    __printf_flags_ss_wp.o(.text) refers to _printf_percent.o(.ARM.Collect$$_printf_percent$$00000000) for _printf_percent
    __printf_flags_ss_wp.o(.text) refers to __printf_flags_ss_wp.o(.constdata) for .constdata
    _printf_s.o(.ARM.Collect$$_printf_percent$$00000014) refers (Weak) to _printf_char.o(.text) for _printf_string
    _printf_d.o(.ARM.Collect$$_printf_percent$$00000009) refers (Weak) to _printf_dec.o(.text) for _printf_int_dec
    _printf_percent.o(.ARM.Collect$$_printf_percent$$00000000) refers (Special) to _printf_percent_end.o(.ARM.Collect$$_printf_percent$$00000017) for _printf_percent_end
    rt_memcpy_v6.o(.text) refers to rt_memcpy_w.o(.text) for __aeabi_memcpy4
    __main.o(!!!main) refers to rtentry.o(.ARM.Collect$$rtentry$$00000000) for __rt_entry
    faddsub_clz.o(x$fpl$fadd) refers (Special) to usenofp.o(x$fpl$usenofp) for __I$use$fp
    faddsub_clz.o(x$fpl$fadd) refers to faddsub_clz.o(x$fpl$fsub) for _fsub1
    faddsub_clz.o(x$fpl$fadd) refers to fretinf.o(x$fpl$fretinf) for __fpl_fretinf
    faddsub_clz.o(x$fpl$fadd) refers to fnaninf.o(x$fpl$fnaninf) for __fpl_fnaninf
    faddsub_clz.o(x$fpl$frsb) refers (Special) to usenofp.o(x$fpl$usenofp) for __I$use$fp
    faddsub_clz.o(x$fpl$frsb) refers to faddsub_clz.o(x$fpl$fadd) for _fadd1
    faddsub_clz.o(x$fpl$frsb) refers to faddsub_clz.o(x$fpl$fsub) for _fsub1
    faddsub_clz.o(x$fpl$fsub) refers (Special) to usenofp.o(x$fpl$usenofp) for __I$use$fp
    faddsub_clz.o(x$fpl$fsub) refers to faddsub_clz.o(x$fpl$fadd) for _fadd1
    faddsub_clz.o(x$fpl$fsub) refers to fnaninf.o(x$fpl$fnaninf) for __fpl_fnaninf
    fdiv.o(x$fpl$frdiv) refers (Special) to usenofp.o(x$fpl$usenofp) for __I$use$fp
    fdiv.o(x$fpl$frdiv) refers to fdiv.o(x$fpl$fdiv) for _fdiv1
    fdiv.o(x$fpl$fdiv) refers (Special) to usenofp.o(x$fpl$usenofp) for __I$use$fp
    fdiv.o(x$fpl$fdiv) refers to fretinf.o(x$fpl$fretinf) for __fpl_fretinf
    fdiv.o(x$fpl$fdiv) refers to fnaninf.o(x$fpl$fnaninf) for __fpl_fnaninf
    ffixu.o(x$fpl$ffixu) refers (Special) to usenofp.o(x$fpl$usenofp) for __I$use$fp
    ffixu.o(x$fpl$ffixu) refers to fnaninf.o(x$fpl$fnaninf) for __fpl_fnaninf
    ffixu.o(x$fpl$ffixur) refers (Special) to usenofp.o(x$fpl$usenofp) for __I$use$fp
    ffixu.o(x$fpl$ffixur) refers to fnaninf.o(x$fpl$fnaninf) for __fpl_fnaninf
    fflt_clz.o(x$fpl$ffltu) refers (Special) to usenofp.o(x$fpl$usenofp) for __I$use$fp
    fflt_clz.o(x$fpl$fflt) refers (Special) to usenofp.o(x$fpl$usenofp) for __I$use$fp
    fflt_clz.o(x$fpl$ffltn) refers (Special) to usenofp.o(x$fpl$usenofp) for __I$use$fp
    fmul.o(x$fpl$fmul) refers (Special) to usenofp.o(x$fpl$usenofp) for __I$use$fp
    fmul.o(x$fpl$fmul) refers to fretinf.o(x$fpl$fretinf) for __fpl_fretinf
    fmul.o(x$fpl$fmul) refers to fnaninf.o(x$fpl$fnaninf) for __fpl_fnaninf
    rtentry.o(.ARM.Collect$$rtentry$$00000000) refers (Special) to rtentry2.o(.ARM.Collect$$rtentry$$0000000A) for __rt_entry_li
    rtentry.o(.ARM.Collect$$rtentry$$00000000) refers (Special) to rtentry2.o(.ARM.Collect$$rtentry$$0000000D) for __rt_entry_main
    rtentry.o(.ARM.Collect$$rtentry$$00000000) refers (Special) to rtentry2.o(.ARM.Collect$$rtentry$$0000000C) for __rt_entry_postli_1
    rtentry.o(.ARM.Collect$$rtentry$$00000000) refers (Special) to rtentry2.o(.ARM.Collect$$rtentry$$00000009) for __rt_entry_postsh_1
    rtentry.o(.ARM.Collect$$rtentry$$00000000) refers (Special) to rtentry2.o(.ARM.Collect$$rtentry$$00000002) for __rt_entry_presh_1
    rtentry.o(.ARM.Collect$$rtentry$$00000000) refers (Special) to rtentry4.o(.ARM.Collect$$rtentry$$00000004) for __rt_entry_sh
    rtentry.o(.ARM.exidx) refers (Special) to rtentry2.o(.ARM.Collect$$rtentry$$0000000A) for __rt_entry_li
    rtentry.o(.ARM.exidx) refers (Special) to rtentry2.o(.ARM.Collect$$rtentry$$0000000D) for __rt_entry_main
    rtentry.o(.ARM.exidx) refers (Special) to rtentry2.o(.ARM.Collect$$rtentry$$0000000C) for __rt_entry_postli_1
    rtentry.o(.ARM.exidx) refers (Special) to rtentry2.o(.ARM.Collect$$rtentry$$00000009) for __rt_entry_postsh_1
    rtentry.o(.ARM.exidx) refers (Special) to rtentry2.o(.ARM.Collect$$rtentry$$00000002) for __rt_entry_presh_1
    rtentry.o(.ARM.exidx) refers (Special) to rtentry4.o(.ARM.Collect$$rtentry$$00000004) for __rt_entry_sh
    rtentry.o(.ARM.exidx) refers to rtentry.o(.ARM.Collect$$rtentry$$00000000) for .ARM.Collect$$rtentry$$00000000
    _printf_char.o(.text) refers (Weak) to _printf_str.o(.text) for _printf_str
    _printf_char_file.o(.text) refers to _printf_char_common.o(.text) for _printf_char_common
    _printf_char_file.o(.text) refers to ferror.o(.text) for ferror
    _printf_char_file.o(.text) refers to usart.o(.text) for fputc
    fnaninf.o(x$fpl$fnaninf) refers (Special) to usenofp.o(x$fpl$usenofp) for __I$use$fp
    fretinf.o(x$fpl$fretinf) refers (Special) to usenofp.o(x$fpl$usenofp) for __I$use$fp
    rtentry2.o(.ARM.Collect$$rtentry$$00000008) refers to boardinit2.o(.text) for _platform_post_stackheap_init
    rtentry2.o(.ARM.Collect$$rtentry$$0000000A) refers to libinit.o(.ARM.Collect$$libinit$$00000000) for __rt_lib_init
    rtentry2.o(.ARM.Collect$$rtentry$$0000000B) refers to boardinit3.o(.text) for _platform_post_lib_init
    rtentry2.o(.ARM.Collect$$rtentry$$0000000D) refers to test.o(.text) for main
    rtentry2.o(.ARM.Collect$$rtentry$$0000000D) refers to exit.o(.text) for exit
    rtentry2.o(.ARM.exidx) refers to rtentry2.o(.ARM.Collect$$rtentry$$00000001) for .ARM.Collect$$rtentry$$00000001
    rtentry2.o(.ARM.exidx) refers to rtentry2.o(.ARM.Collect$$rtentry$$00000002) for .ARM.Collect$$rtentry$$00000002
    rtentry2.o(.ARM.exidx) refers to rtentry2.o(.ARM.Collect$$rtentry$$00000008) for .ARM.Collect$$rtentry$$00000008
    rtentry2.o(.ARM.exidx) refers to rtentry2.o(.ARM.Collect$$rtentry$$00000009) for .ARM.Collect$$rtentry$$00000009
    rtentry2.o(.ARM.exidx) refers to rtentry2.o(.ARM.Collect$$rtentry$$0000000A) for .ARM.Collect$$rtentry$$0000000A
    rtentry2.o(.ARM.exidx) refers to rtentry2.o(.ARM.Collect$$rtentry$$0000000B) for .ARM.Collect$$rtentry$$0000000B
    rtentry2.o(.ARM.exidx) refers to rtentry2.o(.ARM.Collect$$rtentry$$0000000C) for .ARM.Collect$$rtentry$$0000000C
    rtentry2.o(.ARM.exidx) refers to rtentry2.o(.ARM.Collect$$rtentry$$0000000D) for .ARM.Collect$$rtentry$$0000000D
    rtentry4.o(.ARM.Collect$$rtentry$$00000004) refers to sys_stackheap_outer.o(.text) for __user_setup_stackheap
    rtentry4.o(.ARM.exidx) refers to rtentry4.o(.ARM.Collect$$rtentry$$00000004) for .ARM.Collect$$rtentry$$00000004
    _printf_char_common.o(.text) refers to __printf.o(.text) for __printf
    sys_stackheap_outer.o(.text) refers to libspace.o(.text) for __user_perproc_libspace
    sys_stackheap_outer.o(.text) refers to stm32f10x.o(.text) for __user_initial_stackheap
    exit.o(.text) refers to rtexit.o(.ARM.Collect$$rtexit$$00000000) for __rt_exit
    libinit.o(.ARM.Collect$$libinit$$00000000) refers (Special) to libinit2.o(.ARM.Collect$$libinit$$0000002A) for __rt_lib_init_alloca_1
    libinit.o(.ARM.Collect$$libinit$$00000000) refers (Special) to libinit2.o(.ARM.Collect$$libinit$$00000028) for __rt_lib_init_argv_1
    libinit.o(.ARM.Collect$$libinit$$00000000) refers (Special) to libinit2.o(.ARM.Collect$$libinit$$00000017) for __rt_lib_init_atexit_1
    libinit.o(.ARM.Collect$$libinit$$00000000) refers (Special) to libinit2.o(.ARM.Collect$$libinit$$0000001D) for __rt_lib_init_clock_1
    libinit.o(.ARM.Collect$$libinit$$00000000) refers (Special) to libinit2.o(.ARM.Collect$$libinit$$0000002E) for __rt_lib_init_cpp_1
    libinit.o(.ARM.Collect$$libinit$$00000000) refers (Special) to libinit2.o(.ARM.Collect$$libinit$$0000002C) for __rt_lib_init_exceptions_1
    libinit.o(.ARM.Collect$$libinit$$00000000) refers (Special) to libinit2.o(.ARM.Collect$$libinit$$0000001B) for __rt_lib_init_fp_trap_1
    libinit.o(.ARM.Collect$$libinit$$00000000) refers (Special) to libinit2.o(.ARM.Collect$$libinit$$0000001F) for __rt_lib_init_getenv_1
    libinit.o(.ARM.Collect$$libinit$$00000000) refers (Special) to libinit2.o(.ARM.Collect$$libinit$$00000006) for __rt_lib_init_heap_1
    libinit.o(.ARM.Collect$$libinit$$00000000) refers (Special) to libinit2.o(.ARM.Collect$$libinit$$0000000D) for __rt_lib_init_lc_collate_1
    libinit.o(.ARM.Collect$$libinit$$00000000) refers (Special) to libinit2.o(.ARM.Collect$$libinit$$0000000F) for __rt_lib_init_lc_ctype_1
    libinit.o(.ARM.Collect$$libinit$$00000000) refers (Special) to libinit2.o(.ARM.Collect$$libinit$$00000011) for __rt_lib_init_lc_monetary_1
    libinit.o(.ARM.Collect$$libinit$$00000000) refers (Special) to libinit2.o(.ARM.Collect$$libinit$$00000013) for __rt_lib_init_lc_numeric_1
    libinit.o(.ARM.Collect$$libinit$$00000000) refers (Special) to libinit2.o(.ARM.Collect$$libinit$$00000015) for __rt_lib_init_lc_time_1
    libinit.o(.ARM.Collect$$libinit$$00000000) refers (Special) to libinit2.o(.ARM.Collect$$libinit$$0000000A) for __rt_lib_init_rand_1
    libinit.o(.ARM.Collect$$libinit$$00000000) refers (Special) to libinit2.o(.ARM.Collect$$libinit$$0000002F) for __rt_lib_init_return
    libinit.o(.ARM.Collect$$libinit$$00000000) refers (Special) to libinit2.o(.ARM.Collect$$libinit$$00000019) for __rt_lib_init_signal_1
    libinit.o(.ARM.Collect$$libinit$$00000000) refers (Special) to libinit2.o(.ARM.Collect$$libinit$$00000021) for __rt_lib_init_stdio_1
    libinit.o(.ARM.Collect$$libinit$$00000000) refers (Special) to libinit2.o(.ARM.Collect$$libinit$$00000008) for __rt_lib_init_user_alloc_1
    libinit.o(.ARM.Collect$$libinit$$00000000) refers to fpinit.o(x$fpl$fpinit) for _fp_init
    libspace.o(.text) refers to libspace.o(.bss) for __libspace_start
    rtexit.o(.ARM.Collect$$rtexit$$00000000) refers (Special) to rtexit2.o(.ARM.Collect$$rtexit$$00000004) for __rt_exit_exit
    rtexit.o(.ARM.Collect$$rtexit$$00000000) refers (Special) to rtexit2.o(.ARM.Collect$$rtexit$$00000003) for __rt_exit_ls
    rtexit.o(.ARM.Collect$$rtexit$$00000000) refers (Special) to rtexit2.o(.ARM.Collect$$rtexit$$00000002) for __rt_exit_prels_1
    rtexit.o(.ARM.exidx) refers (Special) to rtexit2.o(.ARM.Collect$$rtexit$$00000004) for __rt_exit_exit
    rtexit.o(.ARM.exidx) refers (Special) to rtexit2.o(.ARM.Collect$$rtexit$$00000003) for __rt_exit_ls
    rtexit.o(.ARM.exidx) refers (Special) to rtexit2.o(.ARM.Collect$$rtexit$$00000002) for __rt_exit_prels_1
    rtexit.o(.ARM.exidx) refers to rtexit.o(.ARM.Collect$$rtexit$$00000000) for .ARM.Collect$$rtexit$$00000000
    libinit2.o(.ARM.Collect$$libinit$$0000000C) refers to libinit2.o(.ARM.Collect$$libinit$$0000000B) for .ARM.Collect$$libinit$$0000000B
    libinit2.o(.ARM.Collect$$libinit$$0000000E) refers to libinit2.o(.ARM.Collect$$libinit$$0000000B) for .ARM.Collect$$libinit$$0000000B
    libinit2.o(.ARM.Collect$$libinit$$00000010) refers to libinit2.o(.ARM.Collect$$libinit$$0000000B) for .ARM.Collect$$libinit$$0000000B
    libinit2.o(.ARM.Collect$$libinit$$00000012) refers to libinit2.o(.ARM.Collect$$libinit$$0000000B) for .ARM.Collect$$libinit$$0000000B
    libinit2.o(.ARM.Collect$$libinit$$00000014) refers to libinit2.o(.ARM.Collect$$libinit$$0000000B) for .ARM.Collect$$libinit$$0000000B
    libinit2.o(.ARM.Collect$$libinit$$00000022) refers to argv_veneer.o(.emb_text) for __ARM_argv_veneer
    libinit2.o(.ARM.Collect$$libinit$$00000023) refers to argv_veneer.o(.emb_text) for __ARM_argv_veneer
    fpinit.o(x$fpl$fpinit) refers to rt_fp_status_addr_intlibspace.o(.text) for __rt_fp_status_addr
    rtexit2.o(.ARM.Collect$$rtexit$$00000003) refers to libshutdown.o(.ARM.Collect$$libshutdown$$00000000) for __rt_lib_shutdown
    rtexit2.o(.ARM.Collect$$rtexit$$00000004) refers to usart.o(.text) for _sys_exit
    rtexit2.o(.ARM.exidx) refers to rtexit2.o(.ARM.Collect$$rtexit$$00000001) for .ARM.Collect$$rtexit$$00000001
    rtexit2.o(.ARM.exidx) refers to rtexit2.o(.ARM.Collect$$rtexit$$00000002) for .ARM.Collect$$rtexit$$00000002
    rtexit2.o(.ARM.exidx) refers to rtexit2.o(.ARM.Collect$$rtexit$$00000003) for .ARM.Collect$$rtexit$$00000003
    rtexit2.o(.ARM.exidx) refers to rtexit2.o(.ARM.Collect$$rtexit$$00000004) for .ARM.Collect$$rtexit$$00000004
    rt_fp_status_addr.o(.text) refers to rt_fp_status_addr.o(.bss) for __rt_fp_status_addr_data
    rt_fp_status_addr_intlibspace.o(.text) refers to libspace.o(.bss) for __libspace_start
    argv_veneer.o(.emb_text) refers to no_argv.o(.text) for __ARM_get_argv
    _get_argv_nomalloc.o(.text) refers (Special) to hrguard.o(.text) for __heap_region$guard
    _get_argv_nomalloc.o(.text) refers to defsig_rtmem_outer.o(.text) for __rt_SIGRTMEM
    _get_argv_nomalloc.o(.text) refers to sys_command.o(.text) for _sys_command_string
    libshutdown.o(.ARM.Collect$$libshutdown$$00000000) refers (Special) to libshutdown2.o(.ARM.Collect$$libshutdown$$00000006) for __rt_lib_shutdown_fp_trap_1
    libshutdown.o(.ARM.Collect$$libshutdown$$00000000) refers (Special) to libshutdown2.o(.ARM.Collect$$libshutdown$$0000000E) for __rt_lib_shutdown_heap_1
    libshutdown.o(.ARM.Collect$$libshutdown$$00000000) refers (Special) to libshutdown2.o(.ARM.Collect$$libshutdown$$0000000F) for __rt_lib_shutdown_return
    libshutdown.o(.ARM.Collect$$libshutdown$$00000000) refers (Special) to libshutdown2.o(.ARM.Collect$$libshutdown$$00000009) for __rt_lib_shutdown_signal_1
    libshutdown.o(.ARM.Collect$$libshutdown$$00000000) refers (Special) to libshutdown2.o(.ARM.Collect$$libshutdown$$00000003) for __rt_lib_shutdown_stdio_1
    libshutdown.o(.ARM.Collect$$libshutdown$$00000000) refers (Special) to libshutdown2.o(.ARM.Collect$$libshutdown$$0000000B) for __rt_lib_shutdown_user_alloc_1
    sys_command.o(.text) refers (Special) to use_no_semi.o(.text) for __I$use$semihosting
    defsig_rtmem_outer.o(.text) refers to defsig_rtmem_inner.o(.text) for __rt_SIGRTMEM_inner
    defsig_rtmem_outer.o(.text) refers to defsig_exit.o(.text) for __sig_exit
    defsig_rtmem_formal.o(.text) refers to rt_raise.o(.text) for __rt_raise
    rt_raise.o(.text) refers to __raise.o(.text) for __raise
    rt_raise.o(.text) refers to usart.o(.text) for _sys_exit
    defsig_exit.o(.text) refers to usart.o(.text) for _sys_exit
    defsig_rtmem_inner.o(.text) refers to defsig_general.o(.text) for __default_signal_display
    __raise.o(.text) refers to defsig.o(CL$$defsig) for __default_signal_handler
    defsig_general.o(.text) refers to sys_wrch.o(.text) for _ttywrch
    sys_wrch.o(.text) refers (Special) to use_no_semi.o(.text) for __I$use$semihosting
    defsig.o(CL$$defsig) refers to defsig_rtmem_inner.o(.text) for __rt_SIGRTMEM_inner
    defsig_abrt_inner.o(.text) refers to defsig_general.o(.text) for __default_signal_display
    defsig_fpe_inner.o(.text) refers to defsig_general.o(.text) for __default_signal_display
    defsig_rtred_inner.o(.text) refers to defsig_general.o(.text) for __default_signal_display
    defsig_stak_inner.o(.text) refers to defsig_general.o(.text) for __default_signal_display
    defsig_pvfn_inner.o(.text) refers to defsig_general.o(.text) for __default_signal_display
    defsig_cppl_inner.o(.text) refers to defsig_general.o(.text) for __default_signal_display
    defsig_segv_inner.o(.text) refers to defsig_general.o(.text) for __default_signal_display
    defsig_other.o(.text) refers to defsig_general.o(.text) for __default_signal_display


==============================================================================

Image Symbol Table

    Local Symbols

    Symbol Name                              Value     Ov Type        Size  Object(Section)

    ../../angel/boardlib.s                   0x00000000   Number         0  boardinit2.o ABSOLUTE
    ../../angel/boardlib.s                   0x00000000   Number         0  boardinit1.o ABSOLUTE
    ../../angel/boardlib.s                   0x00000000   Number         0  boardinit3.o ABSOLUTE
    ../../angel/boardlib.s                   0x00000000   Number         0  boardshut.o ABSOLUTE
    ../../angel/handlers.s                   0x00000000   Number         0  __scatter_zi.o ABSOLUTE
    ../../angel/handlers.s                   0x00000000   Number         0  __scatter_copy.o ABSOLUTE
    ../../angel/kernel.s                     0x00000000   Number         0  rtexit2.o ABSOLUTE
    ../../angel/kernel.s                     0x00000000   Number         0  rtentry4.o ABSOLUTE
    ../../angel/kernel.s                     0x00000000   Number         0  rtentry.o ABSOLUTE
    ../../angel/kernel.s                     0x00000000   Number         0  rtexit.o ABSOLUTE
    ../../angel/kernel.s                     0x00000000   Number         0  rtentry2.o ABSOLUTE
    ../../angel/rt.s                         0x00000000   Number         0  rt_raise.o ABSOLUTE
    ../../angel/rt.s                         0x00000000   Number         0  rt_fp_status_addr_intlibspace.o ABSOLUTE
    ../../angel/rt.s                         0x00000000   Number         0  rt_fp_status_addr.o ABSOLUTE
    ../../angel/scatter.s                    0x00000000   Number         0  __scatter.o ABSOLUTE
    ../../angel/startup.s                    0x00000000   Number         0  __main.o ABSOLUTE
    ../../angel/sys.s                        0x00000000   Number         0  use_no_semi_2.o ABSOLUTE
    ../../angel/sys.s                        0x00000000   Number         0  libspace.o ABSOLUTE
    ../../angel/sys.s                        0x00000000   Number         0  use_no_semi.o ABSOLUTE
    ../../angel/sys.s                        0x00000000   Number         0  sys_stackheap_outer.o ABSOLUTE
    ../../angel/sysapp.c                     0x00000000   Number         0  sys_command.o ABSOLUTE
    ../../angel/sysapp.c                     0x00000000   Number         0  sys_wrch.o ABSOLUTE
    ../../armsys.c                           0x00000000   Number         0  argv_veneer.o ABSOLUTE
    ../../armsys.c                           0x00000000   Number         0  no_argv.o ABSOLUTE
    ../../armsys.c                           0x00000000   Number         0  _get_argv_nomalloc.o ABSOLUTE
    ../../armsys.c                           0x00000000   Number         0  argv_veneer.o ABSOLUTE
    ../../division_7m.s                      0x00000000   Number         0  rtudiv10.o ABSOLUTE
    ../../faddsub.s                          0x00000000   Number         0  faddsub_clz.o ABSOLUTE
    ../../fdiv.s                             0x00000000   Number         0  fdiv.o ABSOLUTE
    ../../ffixu.s                            0x00000000   Number         0  ffixu.o ABSOLUTE
    ../../fflt.s                             0x00000000   Number         0  fflt_clz.o ABSOLUTE
    ../../fmul.s                             0x00000000   Number         0  fmul.o ABSOLUTE
    ../../fnaninf.s                          0x00000000   Number         0  fnaninf.o ABSOLUTE
    ../../fpinit.s                           0x00000000   Number         0  fpinit.o ABSOLUTE
    ../../fretinf.s                          0x00000000   Number         0  fretinf.o ABSOLUTE
    ../../heapalloc.c                        0x00000000   Number         0  hrguard.o ABSOLUTE
    ../../heapaux.c                          0x00000000   Number         0  heapauxi.o ABSOLUTE
    ../../libinit.s                          0x00000000   Number         0  libshutdown.o ABSOLUTE
    ../../libinit.s                          0x00000000   Number         0  libshutdown2.o ABSOLUTE
    ../../libinit.s                          0x00000000   Number         0  libinit2.o ABSOLUTE
    ../../libinit.s                          0x00000000   Number         0  libinit.o ABSOLUTE
    ../../memcpset.s                         0x00000000   Number         0  rt_memcpy_w.o ABSOLUTE
    ../../memcpset.s                         0x00000000   Number         0  rt_memcpy_v6.o ABSOLUTE
    ../../printf.c                           0x00000000   Number         0  __printf.o ABSOLUTE
    ../../printf.c                           0x00000000   Number         0  __printf_nopercent.o ABSOLUTE
    ../../printf.c                           0x00000000   Number         0  _printf_char_common.o ABSOLUTE
    ../../printf.c                           0x00000000   Number         0  __2printf.o ABSOLUTE
    ../../printf.c                           0x00000000   Number         0  __printf_wp.o ABSOLUTE
    ../../printf.c                           0x00000000   Number         0  __printf_flags_ss_wp.o ABSOLUTE
    ../../printf.c                           0x00000000   Number         0  __printf_ss_wp.o ABSOLUTE
    ../../printf.c                           0x00000000   Number         0  noretval__2printf.o ABSOLUTE
    ../../printf.c                           0x00000000   Number         0  __printf_flags_wp.o ABSOLUTE
    ../../printf.c                           0x00000000   Number         0  _printf_char.o ABSOLUTE
    ../../printf.c                           0x00000000   Number         0  _printf_str.o ABSOLUTE
    ../../printf.c                           0x00000000   Number         0  __printf_flags_ss.o ABSOLUTE
    ../../printf.c                           0x00000000   Number         0  __printf_ss.o ABSOLUTE
    ../../printf.c                           0x00000000   Number         0  __printf_flags.o ABSOLUTE
    ../../printf.c                           0x00000000   Number         0  _printf_char_file.o ABSOLUTE
    ../../printf.c                           0x00000000   Number         0  _printf_dec.o ABSOLUTE
    ../../printf.c                           0x00000000   Number         0  _printf_intcommon.o ABSOLUTE
    ../../printf_percent.s                   0x00000000   Number         0  _printf_d.o ABSOLUTE
    ../../printf_percent.s                   0x00000000   Number         0  _printf_s.o ABSOLUTE
    ../../printf_percent.s                   0x00000000   Number         0  _printf_percent_end.o ABSOLUTE
    ../../printf_percent.s                   0x00000000   Number         0  _printf_percent.o ABSOLUTE
    ../../signal.c                           0x00000000   Number         0  defsig_rtmem_outer.o ABSOLUTE
    ../../signal.c                           0x00000000   Number         0  defsig_rtred_inner.o ABSOLUTE
    ../../signal.c                           0x00000000   Number         0  defsig_stak_inner.o ABSOLUTE
    ../../signal.c                           0x00000000   Number         0  defsig_pvfn_inner.o ABSOLUTE
    ../../signal.c                           0x00000000   Number         0  defsig_cppl_inner.o ABSOLUTE
    ../../signal.c                           0x00000000   Number         0  defsig_segv_inner.o ABSOLUTE
    ../../signal.c                           0x00000000   Number         0  defsig_other.o ABSOLUTE
    ../../signal.c                           0x00000000   Number         0  defsig_rtmem_formal.o ABSOLUTE
    ../../signal.c                           0x00000000   Number         0  defsig_exit.o ABSOLUTE
    ../../signal.c                           0x00000000   Number         0  defsig_rtmem_inner.o ABSOLUTE
    ../../signal.c                           0x00000000   Number         0  __raise.o ABSOLUTE
    ../../signal.c                           0x00000000   Number         0  defsig_general.o ABSOLUTE
    ../../signal.c                           0x00000000   Number         0  defsig_abrt_inner.o ABSOLUTE
    ../../signal.c                           0x00000000   Number         0  defsig_fpe_inner.o ABSOLUTE
    ../../signal.s                           0x00000000   Number         0  defsig.o ABSOLUTE
    ../../stdio.c                            0x00000000   Number         0  ferror.o ABSOLUTE
    ../../stdio.c                            0x00000000   Number         0  ferror_locked.o ABSOLUTE
    ../../stdlib.c                           0x00000000   Number         0  exit.o ABSOLUTE
    ../../usenofp.s                          0x00000000   Number         0  usenofp.o ABSOLUTE
    ..\HARDWARE\12864.c                      0x00000000   Number         0  12864.o ABSOLUTE
    ..\HARDWARE\beep.c                       0x00000000   Number         0  beep.o ABSOLUTE
    ..\HARDWARE\checkdisp.c                  0x00000000   Number         0  checkdisp.o ABSOLUTE
    ..\HARDWARE\checkfunc.c                  0x00000000   Number         0  checkfunc.o ABSOLUTE
    ..\HARDWARE\disp.c                       0x00000000   Number         0  disp.o ABSOLUTE
    ..\HARDWARE\eeprom.c                     0x00000000   Number         0  eeprom.o ABSOLUTE
    ..\HARDWARE\func.c                       0x00000000   Number         0  func.o ABSOLUTE
    ..\HARDWARE\gprs.c                       0x00000000   Number         0  gprs.o ABSOLUTE
    ..\HARDWARE\gprsfunc.c                   0x00000000   Number         0  gprsfunc.o ABSOLUTE
    ..\HARDWARE\key.c                        0x00000000   Number         0  key.o ABSOLUTE
    ..\HARDWARE\led.c                        0x00000000   Number         0  led.o ABSOLUTE
    ..\HARDWARE\rtc.c                        0x00000000   Number         0  rtc.o ABSOLUTE
    ..\HARDWARE\setdisp.c                    0x00000000   Number         0  setdisp.o ABSOLUTE
    ..\HARDWARE\setfunc.c                    0x00000000   Number         0  setfunc.o ABSOLUTE
    ..\HARDWARE\timer.c                      0x00000000   Number         0  timer.o ABSOLUTE
    ..\HARDWARE\usartx.c                     0x00000000   Number         0  usartx.o ABSOLUTE
    ..\HARDWARE\zigbeefunc.c                 0x00000000   Number         0  zigbeefunc.o ABSOLUTE
    ..\SYSTEM\delay.c                        0x00000000   Number         0  delay.o ABSOLUTE
    ..\SYSTEM\sys.c                          0x00000000   Number         0  sys.o ABSOLUTE
    ..\SYSTEM\usart.c                        0x00000000   Number         0  usart.o ABSOLUTE
    ..\\SYSTEM\\sys.c                        0x00000000   Number         0  sys.o ABSOLUTE
    STM32F10x.s                              0x00000000   Number         0  stm32f10x.o ABSOLUTE
    dc.s                                     0x00000000   Number         0  dc.o ABSOLUTE
    test.c                                   0x00000000   Number         0  test.o ABSOLUTE
    RESET                                    0x08000000   Section      236  stm32f10x.o(RESET)
    !!!main                                  0x080000ec   Section        8  __main.o(!!!main)
    !!!scatter                               0x080000f4   Section       52  __scatter.o(!!!scatter)
    !!handler_copy                           0x08000128   Section       26  __scatter_copy.o(!!handler_copy)
    !!handler_zi                             0x08000144   Section       28  __scatter_zi.o(!!handler_zi)
    .ARM.Collect$$_printf_percent$$00000000  0x08000160   Section        0  _printf_percent.o(.ARM.Collect$$_printf_percent$$00000000)
    .ARM.Collect$$_printf_percent$$00000009  0x08000160   Section        6  _printf_d.o(.ARM.Collect$$_printf_percent$$00000009)
    .ARM.Collect$$_printf_percent$$00000014  0x08000166   Section        6  _printf_s.o(.ARM.Collect$$_printf_percent$$00000014)
    .ARM.Collect$$_printf_percent$$00000017  0x0800016c   Section        4  _printf_percent_end.o(.ARM.Collect$$_printf_percent$$00000017)
    .ARM.Collect$$libinit$$00000000          0x08000170   Section        6  libinit.o(.ARM.Collect$$libinit$$00000000)
    .ARM.Collect$$libinit$$00000006          0x08000176   Section        0  libinit2.o(.ARM.Collect$$libinit$$00000006)
    .ARM.Collect$$libinit$$00000008          0x08000176   Section        0  libinit2.o(.ARM.Collect$$libinit$$00000008)
    .ARM.Collect$$libinit$$0000000A          0x08000176   Section        0  libinit2.o(.ARM.Collect$$libinit$$0000000A)
    .ARM.Collect$$libinit$$0000000D          0x08000176   Section        0  libinit2.o(.ARM.Collect$$libinit$$0000000D)
    .ARM.Collect$$libinit$$0000000F          0x08000176   Section        0  libinit2.o(.ARM.Collect$$libinit$$0000000F)
    .ARM.Collect$$libinit$$00000011          0x08000176   Section        0  libinit2.o(.ARM.Collect$$libinit$$00000011)
    .ARM.Collect$$libinit$$00000013          0x08000176   Section        0  libinit2.o(.ARM.Collect$$libinit$$00000013)
    .ARM.Collect$$libinit$$00000015          0x08000176   Section        0  libinit2.o(.ARM.Collect$$libinit$$00000015)
    .ARM.Collect$$libinit$$00000017          0x08000176   Section        0  libinit2.o(.ARM.Collect$$libinit$$00000017)
    .ARM.Collect$$libinit$$00000019          0x08000176   Section        0  libinit2.o(.ARM.Collect$$libinit$$00000019)
    .ARM.Collect$$libinit$$0000001B          0x08000176   Section        0  libinit2.o(.ARM.Collect$$libinit$$0000001B)
    .ARM.Collect$$libinit$$0000001D          0x08000176   Section        0  libinit2.o(.ARM.Collect$$libinit$$0000001D)
    .ARM.Collect$$libinit$$0000001F          0x08000176   Section        0  libinit2.o(.ARM.Collect$$libinit$$0000001F)
    .ARM.Collect$$libinit$$00000021          0x08000176   Section        0  libinit2.o(.ARM.Collect$$libinit$$00000021)
    .ARM.Collect$$libinit$$00000028          0x08000176   Section        0  libinit2.o(.ARM.Collect$$libinit$$00000028)
    .ARM.Collect$$libinit$$0000002A          0x08000176   Section        0  libinit2.o(.ARM.Collect$$libinit$$0000002A)
    .ARM.Collect$$libinit$$0000002C          0x08000176   Section        0  libinit2.o(.ARM.Collect$$libinit$$0000002C)
    .ARM.Collect$$libinit$$0000002E          0x08000176   Section        0  libinit2.o(.ARM.Collect$$libinit$$0000002E)
    .ARM.Collect$$libinit$$0000002F          0x08000176   Section        2  libinit2.o(.ARM.Collect$$libinit$$0000002F)
    .ARM.Collect$$libshutdown$$00000000      0x08000178   Section        2  libshutdown.o(.ARM.Collect$$libshutdown$$00000000)
    .ARM.Collect$$libshutdown$$00000003      0x0800017a   Section        0  libshutdown2.o(.ARM.Collect$$libshutdown$$00000003)
    .ARM.Collect$$libshutdown$$00000006      0x0800017a   Section        0  libshutdown2.o(.ARM.Collect$$libshutdown$$00000006)
    .ARM.Collect$$libshutdown$$00000009      0x0800017a   Section        0  libshutdown2.o(.ARM.Collect$$libshutdown$$00000009)
    .ARM.Collect$$libshutdown$$0000000B      0x0800017a   Section        0  libshutdown2.o(.ARM.Collect$$libshutdown$$0000000B)
    .ARM.Collect$$libshutdown$$0000000E      0x0800017a   Section        0  libshutdown2.o(.ARM.Collect$$libshutdown$$0000000E)
    .ARM.Collect$$libshutdown$$0000000F      0x0800017a   Section        2  libshutdown2.o(.ARM.Collect$$libshutdown$$0000000F)
    .ARM.Collect$$rtentry$$00000000          0x0800017c   Section        0  rtentry.o(.ARM.Collect$$rtentry$$00000000)
    .ARM.Collect$$rtentry$$00000002          0x0800017c   Section        0  rtentry2.o(.ARM.Collect$$rtentry$$00000002)
    .ARM.Collect$$rtentry$$00000004          0x0800017c   Section        6  rtentry4.o(.ARM.Collect$$rtentry$$00000004)
    .ARM.Collect$$rtentry$$00000009          0x08000182   Section        0  rtentry2.o(.ARM.Collect$$rtentry$$00000009)
    .ARM.Collect$$rtentry$$0000000A          0x08000182   Section        4  rtentry2.o(.ARM.Collect$$rtentry$$0000000A)
    .ARM.Collect$$rtentry$$0000000C          0x08000186   Section        0  rtentry2.o(.ARM.Collect$$rtentry$$0000000C)
    .ARM.Collect$$rtentry$$0000000D          0x08000186   Section        8  rtentry2.o(.ARM.Collect$$rtentry$$0000000D)
    .ARM.Collect$$rtexit$$00000000           0x0800018e   Section        2  rtexit.o(.ARM.Collect$$rtexit$$00000000)
    .ARM.Collect$$rtexit$$00000002           0x08000190   Section        0  rtexit2.o(.ARM.Collect$$rtexit$$00000002)
    .ARM.Collect$$rtexit$$00000003           0x08000190   Section        4  rtexit2.o(.ARM.Collect$$rtexit$$00000003)
    .ARM.Collect$$rtexit$$00000004           0x08000194   Section        6  rtexit2.o(.ARM.Collect$$rtexit$$00000004)
    .emb_text                                0x0800019c   Section        2  sys.o(.emb_text)
    .text                                    0x080001a0   Section       52  stm32f10x.o(.text)
    .text                                    0x080001d4   Section        0  test.o(.text)
    .text                                    0x080003c0   Section        0  delay.o(.text)
    .text                                    0x08000460   Section        0  sys.o(.text)
    .text                                    0x0800077c   Section        0  usart.o(.text)
    .text                                    0x08000928   Section        0  12864.o(.text)
    .text                                    0x08000b10   Section        0  checkdisp.o(.text)
    .text                                    0x08000e88   Section        0  checkfunc.o(.text)
    .text                                    0x08000f4c   Section        0  disp.o(.text)
    .text                                    0x08001264   Section        0  eeprom.o(.text)
    .text                                    0x08001768   Section        0  func.o(.text)
    .text                                    0x080019e8   Section        0  gprs.o(.text)
    .text                                    0x08002800   Section        0  key.o(.text)
    .text                                    0x08002ac0   Section        0  rtc.o(.text)
    .text                                    0x08003064   Section        0  setdisp.o(.text)
    .text                                    0x080032cc   Section        0  setfunc.o(.text)
    .text                                    0x08004c60   Section        0  timer.o(.text)
    .text                                    0x08004d94   Section        0  usartx.o(.text)
    .text                                    0x08005134   Section        0  beep.o(.text)
    .text                                    0x08005178   Section        0  led.o(.text)
    .text                                    0x080051b4   Section        0  zigbeefunc.o(.text)
    .text                                    0x08005388   Section        0  gprsfunc.o(.text)
    .text                                    0x080056cc   Section        2  use_no_semi_2.o(.text)
    .text                                    0x080056d0   Section        0  noretval__2printf.o(.text)
    .text                                    0x080056e8   Section        0  __printf.o(.text)
    .text                                    0x08005752   Section        0  _printf_str.o(.text)
    .text                                    0x080057a4   Section        0  _printf_dec.o(.text)
    .text                                    0x08005818   Section      138  rt_memcpy_v6.o(.text)
    .text                                    0x080058a2   Section        0  heapauxi.o(.text)
    .text                                    0x080058a8   Section        2  use_no_semi.o(.text)
    .text                                    0x080058aa   Section        0  _printf_intcommon.o(.text)
    .text                                    0x0800595e   Section        0  _printf_char.o(.text)
    .text                                    0x0800598c   Section        0  _printf_char_file.o(.text)
    .text                                    0x080059b0   Section      100  rt_memcpy_w.o(.text)
    .text                                    0x08005a14   Section       16  rtudiv10.o(.text)
    .text                                    0x08005a24   Section        0  _printf_char_common.o(.text)
    _printf_input_char                       0x08005a25   Thumb Code    10  _printf_char_common.o(.text)
    .text                                    0x08005a54   Section        0  ferror.o(.text)
    .text                                    0x08005a5c   Section       74  sys_stackheap_outer.o(.text)
    .text                                    0x08005aa6   Section        0  exit.o(.text)
    .text                                    0x08005ab4   Section        8  libspace.o(.text)
    .text                                    0x08005abc   Section       12  rt_fp_status_addr_intlibspace.o(.text)
    x$fpl$fadd                               0x08005ac8   Section      196  faddsub_clz.o(x$fpl$fadd)
    _fadd1                                   0x08005ad7   Thumb Code     0  faddsub_clz.o(x$fpl$fadd)
    x$fpl$fdiv                               0x08005b8c   Section      388  fdiv.o(x$fpl$fdiv)
    _fdiv1                                   0x08005b8d   Thumb Code     0  fdiv.o(x$fpl$fdiv)
    x$fpl$ffixu                              0x08005d10   Section       62  ffixu.o(x$fpl$ffixu)
    x$fpl$ffltu                              0x08005d50   Section       38  fflt_clz.o(x$fpl$ffltu)
    x$fpl$fmul                               0x08005d78   Section      258  fmul.o(x$fpl$fmul)
    x$fpl$fnaninf                            0x08005e7a   Section      140  fnaninf.o(x$fpl$fnaninf)
    x$fpl$fpinit                             0x08005f06   Section       14  fpinit.o(x$fpl$fpinit)
    x$fpl$fretinf                            0x08005f14   Section       10  fretinf.o(x$fpl$fretinf)
    x$fpl$frsb                               0x08005f1e   Section       20  faddsub_clz.o(x$fpl$frsb)
    x$fpl$fsub                               0x08005f34   Section      234  faddsub_clz.o(x$fpl$fsub)
    _fsub1                                   0x08005f43   Thumb Code     0  faddsub_clz.o(x$fpl$fsub)
    .constdata                               0x0800601e   Section       60  rtc.o(.constdata)
    x$fpl$usenofp                            0x0800601e   Section        0  usenofp.o(x$fpl$usenofp)
    .conststring                             0x0800605a   Section       21  test.o(.conststring)
    .data                                    0x20000000   Section       97  test.o(.data)
    .data                                    0x20000062   Section        4  delay.o(.data)
    fac_us                                   0x20000062   Data           1  delay.o(.data)
    fac_ms                                   0x20000064   Data           2  delay.o(.data)
    .data                                    0x20000068   Section        8  usart.o(.data)
    .data                                    0x20000070   Section        4  12864.o(.data)
    .data                                    0x20000074   Section        2  rtc.o(.data)
    daycnt                                   0x20000074   Data           2  rtc.o(.data)
    .data                                    0x20000076   Section        1  gprsfunc.o(.data)
    .bss                                     0x20000078   Section      249  test.o(.bss)
    .bss                                     0x20000171   Section       64  usart.o(.bss)
    .bss                                     0x200001b2   Section       10  rtc.o(.bss)
    .bss                                     0x200001bc   Section       96  libspace.o(.bss)
    HEAP                                     0x20000220   Section        0  stm32f10x.o(HEAP)
    STACK                                    0x20000220   Section      512  stm32f10x.o(STACK)
    Heap_Mem                                 0x20000220   Data           0  stm32f10x.o(HEAP)
    Stack_Mem                                0x20000220   Data         512  stm32f10x.o(STACK)
    __initial_sp                             0x20000420   Data           0  stm32f10x.o(STACK)

    Global Symbols

    Symbol Name                              Value     Ov Type        Size  Object(Section)

    BuildAttributes$$THM_ISAv4$P$D$K$B$S$PE$A:L22UL41UL21$X:L11$S22US41US21$IEEE1$IW$USESV6$~STKCKD$USESV7$~SHL$OSPACE$ROPI$EBA8$UX$STANDARDLIB$REQ8$PRES8$EABIv2 0x00000000   Number         0  anon$$obj.o ABSOLUTE
    __ARM_use_no_argv                        0x00000000   Number         0  test.o ABSOLUTE
    __ARM_exceptions_init                     - Undefined Weak Reference
    __alloca_initialize                       - Undefined Weak Reference
    __cpp_initialize__aeabi_                  - Undefined Weak Reference
    __cxa_finalize                            - Undefined Weak Reference
    __rt_locale                               - Undefined Weak Reference
    __sigvec_lookup                           - Undefined Weak Reference
    _atexit_init                              - Undefined Weak Reference
    _call_atexit_fns                          - Undefined Weak Reference
    _clock_init                               - Undefined Weak Reference
    _fp_trap_init                             - Undefined Weak Reference
    _fp_trap_shutdown                         - Undefined Weak Reference
    _get_lc_collate                           - Undefined Weak Reference
    _get_lc_ctype                             - Undefined Weak Reference
    _get_lc_monetary                          - Undefined Weak Reference
    _get_lc_numeric                           - Undefined Weak Reference
    _get_lc_time                              - Undefined Weak Reference
    _getenv_init                              - Undefined Weak Reference
    _handle_redirection                       - Undefined Weak Reference
    _init_alloc                               - Undefined Weak Reference
    _init_user_alloc                          - Undefined Weak Reference
    _initio                                   - Undefined Weak Reference
    _mutex_acquire                            - Undefined Weak Reference
    _mutex_release                            - Undefined Weak Reference
    _printf_mbtowc                            - Undefined Weak Reference
    _printf_post_padding                      - Undefined Weak Reference
    _printf_pre_padding                       - Undefined Weak Reference
    _printf_truncate_signed                   - Undefined Weak Reference
    _printf_truncate_unsigned                 - Undefined Weak Reference
    _rand_init                                - Undefined Weak Reference
    _signal_finish                            - Undefined Weak Reference
    _signal_init                              - Undefined Weak Reference
    _terminate_alloc                          - Undefined Weak Reference
    _terminate_user_alloc                     - Undefined Weak Reference
    _terminateio                              - Undefined Weak Reference
    __Vectors                                0x08000000   Data           4  stm32f10x.o(RESET)
    __main                                   0x080000ed   Thumb Code     8  __main.o(!!!main)
    __scatterload                            0x080000f5   Thumb Code     0  __scatter.o(!!!scatter)
    __scatterload_rt2                        0x080000f5   Thumb Code    44  __scatter.o(!!!scatter)
    __scatterload_rt2_thumb_only             0x080000f5   Thumb Code     0  __scatter.o(!!!scatter)
    __scatterload_null                       0x08000103   Thumb Code     0  __scatter.o(!!!scatter)
    __scatterload_copy                       0x08000129   Thumb Code    26  __scatter_copy.o(!!handler_copy)
    __scatterload_zeroinit                   0x08000145   Thumb Code    28  __scatter_zi.o(!!handler_zi)
    _printf_d                                0x08000161   Thumb Code     0  _printf_d.o(.ARM.Collect$$_printf_percent$$00000009)
    _printf_percent                          0x08000161   Thumb Code     0  _printf_percent.o(.ARM.Collect$$_printf_percent$$00000000)
    _printf_s                                0x08000167   Thumb Code     0  _printf_s.o(.ARM.Collect$$_printf_percent$$00000014)
    _printf_percent_end                      0x0800016d   Thumb Code     0  _printf_percent_end.o(.ARM.Collect$$_printf_percent$$00000017)
    __rt_lib_init                            0x08000171   Thumb Code     0  libinit.o(.ARM.Collect$$libinit$$00000000)
    __rt_lib_init_alloca_1                   0x08000177   Thumb Code     0  libinit2.o(.ARM.Collect$$libinit$$0000002A)
    __rt_lib_init_argv_1                     0x08000177   Thumb Code     0  libinit2.o(.ARM.Collect$$libinit$$00000028)
    __rt_lib_init_atexit_1                   0x08000177   Thumb Code     0  libinit2.o(.ARM.Collect$$libinit$$00000017)
    __rt_lib_init_clock_1                    0x08000177   Thumb Code     0  libinit2.o(.ARM.Collect$$libinit$$0000001D)
    __rt_lib_init_cpp_1                      0x08000177   Thumb Code     0  libinit2.o(.ARM.Collect$$libinit$$0000002E)
    __rt_lib_init_exceptions_1               0x08000177   Thumb Code     0  libinit2.o(.ARM.Collect$$libinit$$0000002C)
    __rt_lib_init_fp_trap_1                  0x08000177   Thumb Code     0  libinit2.o(.ARM.Collect$$libinit$$0000001B)
    __rt_lib_init_getenv_1                   0x08000177   Thumb Code     0  libinit2.o(.ARM.Collect$$libinit$$0000001F)
    __rt_lib_init_heap_1                     0x08000177   Thumb Code     0  libinit2.o(.ARM.Collect$$libinit$$00000006)
    __rt_lib_init_lc_collate_1               0x08000177   Thumb Code     0  libinit2.o(.ARM.Collect$$libinit$$0000000D)
    __rt_lib_init_lc_ctype_1                 0x08000177   Thumb Code     0  libinit2.o(.ARM.Collect$$libinit$$0000000F)
    __rt_lib_init_lc_monetary_1              0x08000177   Thumb Code     0  libinit2.o(.ARM.Collect$$libinit$$00000011)
    __rt_lib_init_lc_numeric_1               0x08000177   Thumb Code     0  libinit2.o(.ARM.Collect$$libinit$$00000013)
    __rt_lib_init_lc_time_1                  0x08000177   Thumb Code     0  libinit2.o(.ARM.Collect$$libinit$$00000015)
    __rt_lib_init_rand_1                     0x08000177   Thumb Code     0  libinit2.o(.ARM.Collect$$libinit$$0000000A)
    __rt_lib_init_return                     0x08000177   Thumb Code     0  libinit2.o(.ARM.Collect$$libinit$$0000002F)
    __rt_lib_init_signal_1                   0x08000177   Thumb Code     0  libinit2.o(.ARM.Collect$$libinit$$00000019)
    __rt_lib_init_stdio_1                    0x08000177   Thumb Code     0  libinit2.o(.ARM.Collect$$libinit$$00000021)
    __rt_lib_init_user_alloc_1               0x08000177   Thumb Code     0  libinit2.o(.ARM.Collect$$libinit$$00000008)
    __rt_lib_shutdown                        0x08000179   Thumb Code     0  libshutdown.o(.ARM.Collect$$libshutdown$$00000000)
    __rt_lib_shutdown_fp_trap_1              0x0800017b   Thumb Code     0  libshutdown2.o(.ARM.Collect$$libshutdown$$00000006)
    __rt_lib_shutdown_heap_1                 0x0800017b   Thumb Code     0  libshutdown2.o(.ARM.Collect$$libshutdown$$0000000E)
    __rt_lib_shutdown_return                 0x0800017b   Thumb Code     0  libshutdown2.o(.ARM.Collect$$libshutdown$$0000000F)
    __rt_lib_shutdown_signal_1               0x0800017b   Thumb Code     0  libshutdown2.o(.ARM.Collect$$libshutdown$$00000009)
    __rt_lib_shutdown_stdio_1                0x0800017b   Thumb Code     0  libshutdown2.o(.ARM.Collect$$libshutdown$$00000003)
    __rt_lib_shutdown_user_alloc_1           0x0800017b   Thumb Code     0  libshutdown2.o(.ARM.Collect$$libshutdown$$0000000B)
    __rt_entry                               0x0800017d   Thumb Code     0  rtentry.o(.ARM.Collect$$rtentry$$00000000)
    __rt_entry_presh_1                       0x0800017d   Thumb Code     0  rtentry2.o(.ARM.Collect$$rtentry$$00000002)
    __rt_entry_sh                            0x0800017d   Thumb Code     0  rtentry4.o(.ARM.Collect$$rtentry$$00000004)
    __rt_entry_li                            0x08000183   Thumb Code     0  rtentry2.o(.ARM.Collect$$rtentry$$0000000A)
    __rt_entry_postsh_1                      0x08000183   Thumb Code     0  rtentry2.o(.ARM.Collect$$rtentry$$00000009)
    __rt_entry_main                          0x08000187   Thumb Code     0  rtentry2.o(.ARM.Collect$$rtentry$$0000000D)
    __rt_entry_postli_1                      0x08000187   Thumb Code     0  rtentry2.o(.ARM.Collect$$rtentry$$0000000C)
    __rt_exit                                0x0800018f   Thumb Code     0  rtexit.o(.ARM.Collect$$rtexit$$00000000)
    __rt_exit_ls                             0x08000191   Thumb Code     0  rtexit2.o(.ARM.Collect$$rtexit$$00000003)
    __rt_exit_prels_1                        0x08000191   Thumb Code     0  rtexit2.o(.ARM.Collect$$rtexit$$00000002)
    __rt_exit_exit                           0x08000195   Thumb Code     0  rtexit2.o(.ARM.Collect$$rtexit$$00000004)
    WFI_SET                                  0x0800019d   Thumb Code     2  sys.o(.emb_text)
    Reset_Handler                            0x080001a1   Thumb Code     4  stm32f10x.o(.text)
    NMI_Handler                              0x080001a5   Thumb Code     2  stm32f10x.o(.text)
    HardFault_Handler                        0x080001a7   Thumb Code     2  stm32f10x.o(.text)
    MemManage_Handler                        0x080001a9   Thumb Code     2  stm32f10x.o(.text)
    BusFault_Handler                         0x080001ab   Thumb Code     2  stm32f10x.o(.text)
    UsageFault_Handler                       0x080001ad   Thumb Code     2  stm32f10x.o(.text)
    SVC_Handler                              0x080001af   Thumb Code     2  stm32f10x.o(.text)
    DebugMon_Handler                         0x080001b1   Thumb Code     2  stm32f10x.o(.text)
    PendSV_Handler                           0x080001b3   Thumb Code     2  stm32f10x.o(.text)
    SysTick_Handler                          0x080001b5   Thumb Code     2  stm32f10x.o(.text)
    ADC_IRQHandler                           0x080001b7   Thumb Code     0  stm32f10x.o(.text)
    CAN_RX1_IRQHandler                       0x080001b7   Thumb Code     0  stm32f10x.o(.text)
    CAN_SCE_IRQHandler                       0x080001b7   Thumb Code     0  stm32f10x.o(.text)
    DMAChannel1_IRQHandler                   0x080001b7   Thumb Code     0  stm32f10x.o(.text)
    DMAChannel2_IRQHandler                   0x080001b7   Thumb Code     0  stm32f10x.o(.text)
    DMAChannel3_IRQHandler                   0x080001b7   Thumb Code     0  stm32f10x.o(.text)
    DMAChannel4_IRQHandler                   0x080001b7   Thumb Code     0  stm32f10x.o(.text)
    DMAChannel5_IRQHandler                   0x080001b7   Thumb Code     0  stm32f10x.o(.text)
    DMAChannel6_IRQHandler                   0x080001b7   Thumb Code     0  stm32f10x.o(.text)
    DMAChannel7_IRQHandler                   0x080001b7   Thumb Code     0  stm32f10x.o(.text)
    EXTI15_10_IRQHandler                     0x080001b7   Thumb Code     0  stm32f10x.o(.text)
    EXTI4_IRQHandler                         0x080001b7   Thumb Code     0  stm32f10x.o(.text)
    EXTI9_5_IRQHandler                       0x080001b7   Thumb Code     0  stm32f10x.o(.text)
    FLASH_IRQHandler                         0x080001b7   Thumb Code     0  stm32f10x.o(.text)
    I2C1_ER_IRQHandler                       0x080001b7   Thumb Code     0  stm32f10x.o(.text)
    I2C1_EV_IRQHandler                       0x080001b7   Thumb Code     0  stm32f10x.o(.text)
    I2C2_ER_IRQHandler                       0x080001b7   Thumb Code     0  stm32f10x.o(.text)
    I2C2_EV_IRQHandler                       0x080001b7   Thumb Code     0  stm32f10x.o(.text)
    PVD_IRQHandler                           0x080001b7   Thumb Code     0  stm32f10x.o(.text)
    RCC_IRQHandler                           0x080001b7   Thumb Code     0  stm32f10x.o(.text)
    RTCAlarm_IRQHandler                      0x080001b7   Thumb Code     0  stm32f10x.o(.text)
    SPI1_IRQHandler                          0x080001b7   Thumb Code     0  stm32f10x.o(.text)
    SPI2_IRQHandler                          0x080001b7   Thumb Code     0  stm32f10x.o(.text)
    TAMPER_IRQHandler                        0x080001b7   Thumb Code     0  stm32f10x.o(.text)
    TIM1_BRK_IRQHandler                      0x080001b7   Thumb Code     0  stm32f10x.o(.text)
    TIM1_CC_IRQHandler                       0x080001b7   Thumb Code     0  stm32f10x.o(.text)
    TIM1_TRG_COM_IRQHandler                  0x080001b7   Thumb Code     0  stm32f10x.o(.text)
    TIM1_UP_IRQHandler                       0x080001b7   Thumb Code     0  stm32f10x.o(.text)
    TIM4_IRQHandler                          0x080001b7   Thumb Code     0  stm32f10x.o(.text)
    USBWakeUp_IRQHandler                     0x080001b7   Thumb Code     0  stm32f10x.o(.text)
    USB_HP_CAN_TX_IRQHandler                 0x080001b7   Thumb Code     0  stm32f10x.o(.text)
    USB_LP_CAN_RX0_IRQHandler                0x080001b7   Thumb Code     0  stm32f10x.o(.text)
    WWDG_IRQHandler                          0x080001b7   Thumb Code     0  stm32f10x.o(.text)
    __user_initial_stackheap                 0x080001b9   Thumb Code     0  stm32f10x.o(.text)
    main                                     0x080001d5   Thumb Code   456  test.o(.text)
    Delay_Init                               0x080003c1   Thumb Code    44  delay.o(.text)
    Delay_Nms                                0x080003ed   Thumb Code    54  delay.o(.text)
    Delay_Nus                                0x08000423   Thumb Code    54  delay.o(.text)
    MY_NVIC_SetVectorTable                   0x08000461   Thumb Code    12  sys.o(.text)
    MY_NVIC_PriorityGroupConfig              0x0800046d   Thumb Code    42  sys.o(.text)
    MY_NVIC_Init                             0x08000497   Thumb Code   154  sys.o(.text)
    Ex_NVIC_Config                           0x08000531   Thumb Code   160  sys.o(.text)
    MYRCC_DeInit                             0x080005d1   Thumb Code    90  sys.o(.text)
    Sys_Standby                              0x0800062b   Thumb Code    68  sys.o(.text)
    Sys_Soft_Reset                           0x0800066f   Thumb Code    10  sys.o(.text)
    JTAG_Set                                 0x08000679   Thumb Code    38  sys.o(.text)
    Stm32Clock_Init                          0x0800069f   Thumb Code   130  sys.o(.text)
    mstrlen                                  0x08000721   Thumb Code    20  sys.o(.text)
    _sys_exit                                0x0800077d   Thumb Code     6  usart.o(.text)
    fputc                                    0x08000783   Thumb Code    20  usart.o(.text)
    USART1_IRQHandler                        0x08000797   Thumb Code   116  usart.o(.text)
    uart1_init                               0x0800080b   Thumb Code   244  usart.o(.text)
    WriteBit                                 0x08000929   Thumb Code    60  12864.o(.text)
    WriteByte                                0x08000965   Thumb Code    42  12864.o(.text)
    WriteCommand                             0x0800098f   Thumb Code    76  12864.o(.text)
    WriteData                                0x080009db   Thumb Code    66  12864.o(.text)
    LCDInit                                  0x08000a1d   Thumb Code    54  12864.o(.text)
    LCDClear                                 0x08000a53   Thumb Code    16  12864.o(.text)
    ClearLCD                                 0x08000a63   Thumb Code    20  12864.o(.text)
    WriteLCDData                             0x08000a77   Thumb Code    52  12864.o(.text)
    LCDPort_Init                             0x08000aab   Thumb Code    70  12864.o(.text)
    Check_ID_Page                            0x08000b11   Thumb Code   176  checkdisp.o(.text)
    Check_IP_Page                            0x08000bc1   Thumb Code   456  checkdisp.o(.text)
    Check_CT_Page                            0x08000d89   Thumb Code   184  checkdisp.o(.text)
    Check_ID_Func                            0x08000e89   Thumb Code    62  checkfunc.o(.text)
    Check_IP_Func                            0x08000ec7   Thumb Code    62  checkfunc.o(.text)
    Check_CT_Func                            0x08000f05   Thumb Code    62  checkfunc.o(.text)
    Normal_Page                              0x08000f4d   Thumb Code   342  disp.o(.text)
    Input_Code_Page                          0x080010a3   Thumb Code    18  disp.o(.text)
    Function_SetPage1                        0x080010b5   Thumb Code    48  disp.o(.text)
    Function_SetPage2                        0x080010e5   Thumb Code    48  disp.o(.text)
    Function_SetPage3                        0x08001115   Thumb Code    48  disp.o(.text)
    Function_CheckPage1                      0x08001145   Thumb Code    38  disp.o(.text)
    IIC_Init                                 0x08001265   Thumb Code    56  eeprom.o(.text)
    IIC_Start                                0x0800129d   Thumb Code    76  eeprom.o(.text)
    IIC_Stop                                 0x080012e9   Thumb Code    74  eeprom.o(.text)
    IIC_Wait_Ack                             0x08001333   Thumb Code    90  eeprom.o(.text)
    IIC_Ack                                  0x0800138d   Thumb Code    80  eeprom.o(.text)
    IIC_NAck                                 0x080013dd   Thumb Code    80  eeprom.o(.text)
    IIC_Send_Byte                            0x0800142d   Thumb Code   104  eeprom.o(.text)
    IIC_Read_Byte                            0x08001495   Thumb Code   106  eeprom.o(.text)
    AT24CXX_ReadOneByte                      0x080014ff   Thumb Code    84  eeprom.o(.text)
    AT24CXX_WriteOneByte                     0x08001553   Thumb Code    76  eeprom.o(.text)
    AT24CXX_WriteLenByte                     0x0800159f   Thumb Code    42  eeprom.o(.text)
    AT24CXX_ReadLenByte                      0x080015c9   Thumb Code    44  eeprom.o(.text)
    AT24CXX_Check                            0x080015f5   Thumb Code    46  eeprom.o(.text)
    AT24CXX_Read                             0x08001623   Thumb Code    62  eeprom.o(.text)
    AT24CXX_Write                            0x08001661   Thumb Code    36  eeprom.o(.text)
    AT24CXX_Init                             0x08001685   Thumb Code   142  eeprom.o(.text)
    Normal_Func                              0x08001769   Thumb Code    88  func.o(.text)
    Function_Set1                            0x080017c1   Thumb Code   160  func.o(.text)
    Function_Set2                            0x08001861   Thumb Code   182  func.o(.text)
    Function_Set3                            0x08001917   Thumb Code    90  func.o(.text)
    Function_Check1                          0x08001971   Thumb Code   112  func.o(.text)
    GprsPort_Init                            0x080019e9   Thumb Code    56  gprs.o(.text)
    AT_Command                               0x08001a21   Thumb Code    32  gprs.o(.text)
    Send_ATCommand                           0x08001a41   Thumb Code    28  gprs.o(.text)
    Check_OK                                 0x08001a5d   Thumb Code    86  gprs.o(.text)
    Gprs_Command                             0x08001ab3   Thumb Code   176  gprs.o(.text)
    Mc52i_Init                               0x08001b63   Thumb Code   522  gprs.o(.text)
    Csq_Detec                                0x08001d6d   Thumb Code   350  gprs.o(.text)
    Gprs_Open                                0x08001ecb   Thumb Code   184  gprs.o(.text)
    Gprs_Init                                0x08001f83   Thumb Code   582  gprs.o(.text)
    Gprs_Send                                0x080021c9   Thumb Code   800  gprs.o(.text)
    HeartBeat                                0x080024e9   Thumb Code   298  gprs.o(.text)
    Gprs_Rec                                 0x08002613   Thumb Code   214  gprs.o(.text)
    Gprs_Close                               0x080026e9   Thumb Code    24  gprs.o(.text)
    Key_Init                                 0x08002801   Thumb Code    46  key.o(.text)
    Read_Row                                 0x0800282f   Thumb Code    86  key.o(.text)
    KeyEXTI_Init                             0x08002885   Thumb Code    92  key.o(.text)
    EXTI0_IRQHandler                         0x080028e1   Thumb Code   112  key.o(.text)
    EXTI1_IRQHandler                         0x08002951   Thumb Code   112  key.o(.text)
    EXTI2_IRQHandler                         0x080029c1   Thumb Code   112  key.o(.text)
    EXTI3_IRQHandler                         0x08002a31   Thumb Code   112  key.o(.text)
    RTC_Get_Week                             0x08002ac1   Thumb Code   114  rtc.o(.text)
    Is_Leap_Year                             0x08002b33   Thumb Code    58  rtc.o(.text)
    RTC_Get                                  0x08002b6d   Thumb Code   246  rtc.o(.text)
    RTC_Set                                  0x08002c63   Thumb Code   244  rtc.o(.text)
    str_cmpx                                 0x08002d57   Thumb Code    36  rtc.o(.text)
    Auto_Time_Set                            0x08002d7b   Thumb Code   256  rtc.o(.text)
    RTC_Init                                 0x08002e7b   Thumb Code   400  rtc.o(.text)
    RTC_IRQHandler                           0x0800300b   Thumb Code    72  rtc.o(.text)
    Set_GID_Page                             0x08003065   Thumb Code    34  setdisp.o(.text)
    Set_TID_Page                             0x08003087   Thumb Code    34  setdisp.o(.text)
    Set_Date_Page                            0x080030a9   Thumb Code    54  setdisp.o(.text)
    Set_Time_Page                            0x080030df   Thumb Code    54  setdisp.o(.text)
    Set_IP_Page                              0x08003115   Thumb Code    38  setdisp.o(.text)
    Set_CT_Page                              0x0800313b   Thumb Code    38  setdisp.o(.text)
    Connect_Net_Page                         0x08003161   Thumb Code    28  setdisp.o(.text)
    Detach_Net_Page                          0x0800317d   Thumb Code    28  setdisp.o(.text)
    Set_Code_Page                            0x08003199   Thumb Code    18  setdisp.o(.text)
    Input_Code_Func                          0x080032cd   Thumb Code   406  setfunc.o(.text)
    Set_GID_Func                             0x08003463   Thumb Code   350  setfunc.o(.text)
    Set_TID_Func                             0x080035c1   Thumb Code   420  setfunc.o(.text)
    Set_Date_Func                            0x08003765   Thumb Code  1264  setfunc.o(.text)
    Set_Time_Func                            0x08003c55   Thumb Code   598  setfunc.o(.text)
    Set_IP_Func                              0x08003eab   Thumb Code  1802  setfunc.o(.text)
    Set_CT_Func                              0x080045b5   Thumb Code   590  setfunc.o(.text)
    Connect_Net_Func                         0x08004803   Thumb Code   198  setfunc.o(.text)
    Detach_Net_Func                          0x080048c9   Thumb Code   188  setfunc.o(.text)
    Set_Code_Func                            0x08004985   Thumb Code   732  setfunc.o(.text)
    Timer2_Init                              0x08004c61   Thumb Code    58  timer.o(.text)
    TIM2_IRQHandler                          0x08004c9b   Thumb Code    40  timer.o(.text)
    Timer3_Init                              0x08004cc3   Thumb Code    82  timer.o(.text)
    TIM3_IRQHandler                          0x08004d15   Thumb Code   102  timer.o(.text)
    Usart1_SendByte                          0x08004d95   Thumb Code    18  usartx.o(.text)
    Usart1_SendString                        0x08004da7   Thumb Code    32  usartx.o(.text)
    Usart2_Init                              0x08004dc7   Thumb Code   248  usartx.o(.text)
    USART2_IRQHandler                        0x08004ebf   Thumb Code   102  usartx.o(.text)
    Usart2_SendByte                          0x08004f25   Thumb Code    18  usartx.o(.text)
    Clear_U2rxbuf                            0x08004f37   Thumb Code    28  usartx.o(.text)
    Usart3_Init                              0x08004f53   Thumb Code   246  usartx.o(.text)
    USART3_IRQHandler                        0x08005049   Thumb Code    86  usartx.o(.text)
    Usart3_SendByte                          0x0800509f   Thumb Code    18  usartx.o(.text)
    Usart3_Sendstring                        0x080050b1   Thumb Code    28  usartx.o(.text)
    Clear_U3rxbuf                            0x080050cd   Thumb Code    28  usartx.o(.text)
    Beep_Init                                0x08005135   Thumb Code    56  beep.o(.text)
    Led_Init                                 0x08005179   Thumb Code    42  led.o(.text)
    Zigbee_InitCheck                         0x080051b5   Thumb Code   228  zigbeefunc.o(.text)
    Xor                                      0x08005299   Thumb Code    28  zigbeefunc.o(.text)
    Zigbee_Alarmessage                       0x080052b5   Thumb Code    58  zigbeefunc.o(.text)
    Gprs_FirstMessage                        0x08005389   Thumb Code    32  gprsfunc.o(.text)
    Gprs_Receivefunc                         0x080053a9   Thumb Code    58  gprsfunc.o(.text)
    Gprs_Heartbeatfunc                       0x080053e3   Thumb Code    32  gprsfunc.o(.text)
    Gprs_DealReceiveMessage                  0x08005403   Thumb Code   500  gprsfunc.o(.text)
    __use_no_semihosting                     0x080056cd   Thumb Code     2  use_no_semi_2.o(.text)
    __2printf                                0x080056d1   Thumb Code    20  noretval__2printf.o(.text)
    __printf                                 0x080056e9   Thumb Code   106  __printf.o(.text)
    _printf_str                              0x08005753   Thumb Code    82  _printf_str.o(.text)
    _printf_int_dec                          0x080057a5   Thumb Code    98  _printf_dec.o(.text)
    __aeabi_memcpy                           0x08005819   Thumb Code     0  rt_memcpy_v6.o(.text)
    __rt_memcpy                              0x08005819   Thumb Code   138  rt_memcpy_v6.o(.text)
    _memcpy_lastbytes                        0x0800587f   Thumb Code     0  rt_memcpy_v6.o(.text)
    __use_two_region_memory                  0x080058a3   Thumb Code     2  heapauxi.o(.text)
    __rt_heap_escrow$2region                 0x080058a5   Thumb Code     2  heapauxi.o(.text)
    __rt_heap_expand$2region                 0x080058a7   Thumb Code     2  heapauxi.o(.text)
    __I$use$semihosting                      0x080058a9   Thumb Code     0  use_no_semi.o(.text)
    __use_no_semihosting_swi                 0x080058a9   Thumb Code     2  use_no_semi.o(.text)
    _printf_int_common                       0x080058ab   Thumb Code   180  _printf_intcommon.o(.text)
    _printf_cs_common                        0x0800595f   Thumb Code    20  _printf_char.o(.text)
    _printf_char                             0x08005973   Thumb Code    16  _printf_char.o(.text)
    _printf_string                           0x08005983   Thumb Code     8  _printf_char.o(.text)
    _printf_char_file                        0x0800598d   Thumb Code    32  _printf_char_file.o(.text)
    __aeabi_memcpy4                          0x080059b1   Thumb Code     0  rt_memcpy_w.o(.text)
    __aeabi_memcpy8                          0x080059b1   Thumb Code     0  rt_memcpy_w.o(.text)
    __rt_memcpy_w                            0x080059b1   Thumb Code   100  rt_memcpy_w.o(.text)
    _memcpy_lastbytes_aligned                0x080059f9   Thumb Code     0  rt_memcpy_w.o(.text)
    __rt_udiv10                              0x08005a15   Thumb Code    16  rtudiv10.o(.text)
    _printf_char_common                      0x08005a2f   Thumb Code    32  _printf_char_common.o(.text)
    ferror                                   0x08005a55   Thumb Code     8  ferror.o(.text)
    __user_setup_stackheap                   0x08005a5d   Thumb Code    74  sys_stackheap_outer.o(.text)
    exit                                     0x08005aa7   Thumb Code    12  exit.o(.text)
    __user_libspace                          0x08005ab5   Thumb Code     8  libspace.o(.text)
    __user_perproc_libspace                  0x08005ab5   Thumb Code     0  libspace.o(.text)
    __user_perthread_libspace                0x08005ab5   Thumb Code     0  libspace.o(.text)
    __rt_fp_status_addr                      0x08005abd   Thumb Code    12  rt_fp_status_addr_intlibspace.o(.text)
    __aeabi_fadd                             0x08005ac9   Thumb Code     0  faddsub_clz.o(x$fpl$fadd)
    _fadd                                    0x08005ac9   Thumb Code   196  faddsub_clz.o(x$fpl$fadd)
    __aeabi_fdiv                             0x08005b8d   Thumb Code     0  fdiv.o(x$fpl$fdiv)
    _fdiv                                    0x08005b8d   Thumb Code   384  fdiv.o(x$fpl$fdiv)
    __aeabi_f2uiz                            0x08005d11   Thumb Code     0  ffixu.o(x$fpl$ffixu)
    _ffixu                                   0x08005d11   Thumb Code    62  ffixu.o(x$fpl$ffixu)
    __aeabi_ui2f                             0x08005d51   Thumb Code     0  fflt_clz.o(x$fpl$ffltu)
    _ffltu                                   0x08005d51   Thumb Code    38  fflt_clz.o(x$fpl$ffltu)
    __aeabi_fmul                             0x08005d79   Thumb Code     0  fmul.o(x$fpl$fmul)
    _fmul                                    0x08005d79   Thumb Code   258  fmul.o(x$fpl$fmul)
    __fpl_fnaninf                            0x08005e7b   Thumb Code   140  fnaninf.o(x$fpl$fnaninf)
    _fp_init                                 0x08005f07   Thumb Code    14  fpinit.o(x$fpl$fpinit)
    __fplib_config_pureend_doubles           0x08005f13   Thumb Code     0  fpinit.o(x$fpl$fpinit)
    __fpl_fretinf                            0x08005f15   Thumb Code    10  fretinf.o(x$fpl$fretinf)
    __aeabi_frsub                            0x08005f1f   Thumb Code     0  faddsub_clz.o(x$fpl$frsb)
    _frsb                                    0x08005f1f   Thumb Code    20  faddsub_clz.o(x$fpl$frsb)
    __aeabi_fsub                             0x08005f35   Thumb Code     0  faddsub_clz.o(x$fpl$fsub)
    _fsub                                    0x08005f35   Thumb Code   234  faddsub_clz.o(x$fpl$fsub)
    __I$use$fp                               0x0800601f   Thumb Code     0  usenofp.o(x$fpl$usenofp)
    table_week                               0x0800601e   Data          12  rtc.o(.constdata)
    mon_table                                0x0800602a   Data          12  rtc.o(.constdata)
    Month_Tab                                0x08006036   Data          36  rtc.o(.constdata)
    Region$$Table$$Base                      0x08006070   Number         0  anon$$obj.o(Region$$Table)
    Region$$Table$$Limit                     0x08006090   Number         0  anon$$obj.o(Region$$Table)
    COMPILED_DATE                            0x20000000   Data           4  test.o(.data)
    COMPILED_TIME                            0x20000004   Data           4  test.o(.data)
    U2_K                                     0x20000008   Data           1  test.o(.data)
    U3_K                                     0x20000009   Data           1  test.o(.data)
    STATE                                    0x2000000a   Data           1  test.o(.data)
    key_value                                0x2000000b   Data           1  test.o(.data)
    cursorbit                                0x2000000c   Data           1  test.o(.data)
    ee_gid                                   0x2000000d   Data           1  test.o(.data)
    ee_tid                                   0x2000000e   Data           1  test.o(.data)
    ee_ip                                    0x2000000f   Data           6  test.o(.data)
    ee_code                                  0x20000015   Data           3  test.o(.data)
    ee_ct                                    0x20000018   Data           4  test.o(.data)
    waitmessagebacktime                      0x2000001c   Data           2  test.o(.data)
    ZIGBEESTATE                              0x2000001e   Data           1  test.o(.data)
    zigbee_connect                           0x2000001f   Data           1  test.o(.data)
    GPRSSTATE                                0x20000020   Data           1  test.o(.data)
    IP                                       0x20000021   Data          20  test.o(.data)
    gprssendmessagetiming                    0x20000036   Data           2  test.o(.data)
    mc52i_ok                                 0x20000038   Data           1  test.o(.data)
    gprssend                                 0x20000039   Data          19  test.o(.data)
    zigbeesend                               0x2000004c   Data          21  test.o(.data)
    USART_RX_STA                             0x20000068   Data           1  usart.o(.data)
    __stdout                                 0x2000006c   Data           4  usart.o(.data)
    bLCDLine                                 0x20000070   Data           4  12864.o(.data)
    zigbee_checkwrong                        0x20000076   Data           1  gprsfunc.o(.data)
    USART2_RXBUF                             0x20000078   Data         128  test.o(.bss)
    USART2_TXBUF                             0x200000f8   Data          21  test.o(.bss)
    set_data                                 0x2000010d   Data          16  test.o(.bss)
    gprsaccept                               0x2000011d   Data          21  test.o(.bss)
    zigbeeaccept                             0x20000132   Data          21  test.o(.bss)
    USART3_RXBUF                             0x20000147   Data          21  test.o(.bss)
    USART3_TXBUF                             0x2000015c   Data          21  test.o(.bss)
    USART_RX_BUF                             0x20000171   Data          64  usart.o(.bss)
    timer                                    0x200001b2   Data          10  rtc.o(.bss)
    __libspace_start                         0x200001bc   Data          96  libspace.o(.bss)
    __temporary_stack_top$libspace           0x2000021c   Data           0  libspace.o(.bss)



==============================================================================

Memory Map of the image

  Image Entry point : 0x080000ed

  Load Region LR_IROM1 (Base: 0x08000000, Size: 0x00006108, Max: 0x00080000, ABSOLUTE)

    Execution Region ER_IROM1 (Base: 0x08000000, Size: 0x00006090, Max: 0x00080000, ABSOLUTE)

    Base Addr    Size         Type   Attr      Idx    E Section Name        Object

    0x08000000   0x000000ec   Data   RO            3    RESET               stm32f10x.o
    0x080000ec   0x00000008   Code   RO          509  * !!!main             c_w.l(__main.o)(c_w.l)
    0x080000f4   0x00000034   Code   RO          715    !!!scatter          c_w.l(__scatter.o)(c_w.l)
    0x08000128   0x0000001a   Code   RO          717    !!handler_copy      c_w.l(__scatter_copy.o)(c_w.l)
    0x08000142   0x00000002   PAD
    0x08000144   0x0000001c   Code   RO          719    !!handler_zi        c_w.l(__scatter_zi.o)(c_w.l)
    0x08000160   0x00000000   Code   RO          504    .ARM.Collect$$_printf_percent$$00000000  c_w.l(_printf_percent.o)(c_w.l)
    0x08000160   0x00000006   Code   RO          503    .ARM.Collect$$_printf_percent$$00000009  c_w.l(_printf_d.o)(c_w.l)
    0x08000166   0x00000006   Code   RO          502    .ARM.Collect$$_printf_percent$$00000014  c_w.l(_printf_s.o)(c_w.l)
    0x0800016c   0x00000004   Code   RO          543    .ARM.Collect$$_printf_percent$$00000017  c_w.l(_printf_percent_end.o)(c_w.l)
    0x08000170   0x00000006   Code   RO          589    .ARM.Collect$$libinit$$00000000  c_w.l(libinit.o)(c_w.l)
    0x08000176   0x00000000   Code   RO          597    .ARM.Collect$$libinit$$00000006  c_w.l(libinit2.o)(c_w.l)
    0x08000176   0x00000000   Code   RO          599    .ARM.Collect$$libinit$$00000008  c_w.l(libinit2.o)(c_w.l)
    0x08000176   0x00000000   Code   RO          601    .ARM.Collect$$libinit$$0000000A  c_w.l(libinit2.o)(c_w.l)
    0x08000176   0x00000000   Code   RO          604    .ARM.Collect$$libinit$$0000000D  c_w.l(libinit2.o)(c_w.l)
    0x08000176   0x00000000   Code   RO          606    .ARM.Collect$$libinit$$0000000F  c_w.l(libinit2.o)(c_w.l)
    0x08000176   0x00000000   Code   RO          608    .ARM.Collect$$libinit$$00000011  c_w.l(libinit2.o)(c_w.l)
    0x08000176   0x00000000   Code   RO          610    .ARM.Collect$$libinit$$00000013  c_w.l(libinit2.o)(c_w.l)
    0x08000176   0x00000000   Code   RO          612    .ARM.Collect$$libinit$$00000015  c_w.l(libinit2.o)(c_w.l)
    0x08000176   0x00000000   Code   RO          614    .ARM.Collect$$libinit$$00000017  c_w.l(libinit2.o)(c_w.l)
    0x08000176   0x00000000   Code   RO          616    .ARM.Collect$$libinit$$00000019  c_w.l(libinit2.o)(c_w.l)
    0x08000176   0x00000000   Code   RO          618    .ARM.Collect$$libinit$$0000001B  c_w.l(libinit2.o)(c_w.l)
    0x08000176   0x00000000   Code   RO          620    .ARM.Collect$$libinit$$0000001D  c_w.l(libinit2.o)(c_w.l)
    0x08000176   0x00000000   Code   RO          622    .ARM.Collect$$libinit$$0000001F  c_w.l(libinit2.o)(c_w.l)
    0x08000176   0x00000000   Code   RO          624    .ARM.Collect$$libinit$$00000021  c_w.l(libinit2.o)(c_w.l)
    0x08000176   0x00000000   Code   RO          628    .ARM.Collect$$libinit$$00000028  c_w.l(libinit2.o)(c_w.l)
    0x08000176   0x00000000   Code   RO          630    .ARM.Collect$$libinit$$0000002A  c_w.l(libinit2.o)(c_w.l)
    0x08000176   0x00000000   Code   RO          632    .ARM.Collect$$libinit$$0000002C  c_w.l(libinit2.o)(c_w.l)
    0x08000176   0x00000000   Code   RO          634    .ARM.Collect$$libinit$$0000002E  c_w.l(libinit2.o)(c_w.l)
    0x08000176   0x00000002   Code   RO          635    .ARM.Collect$$libinit$$0000002F  c_w.l(libinit2.o)(c_w.l)
    0x08000178   0x00000002   Code   RO          659    .ARM.Collect$$libshutdown$$00000000  c_w.l(libshutdown.o)(c_w.l)
    0x0800017a   0x00000000   Code   RO          670    .ARM.Collect$$libshutdown$$00000003  c_w.l(libshutdown2.o)(c_w.l)
    0x0800017a   0x00000000   Code   RO          673    .ARM.Collect$$libshutdown$$00000006  c_w.l(libshutdown2.o)(c_w.l)
    0x0800017a   0x00000000   Code   RO          676    .ARM.Collect$$libshutdown$$00000009  c_w.l(libshutdown2.o)(c_w.l)
    0x0800017a   0x00000000   Code   RO          678    .ARM.Collect$$libshutdown$$0000000B  c_w.l(libshutdown2.o)(c_w.l)
    0x0800017a   0x00000000   Code   RO          681    .ARM.Collect$$libshutdown$$0000000E  c_w.l(libshutdown2.o)(c_w.l)
    0x0800017a   0x00000002   Code   RO          682    .ARM.Collect$$libshutdown$$0000000F  c_w.l(libshutdown2.o)(c_w.l)
    0x0800017c   0x00000000   Code   RO          535    .ARM.Collect$$rtentry$$00000000  c_w.l(rtentry.o)(c_w.l)
    0x0800017c   0x00000000   Code   RO          554    .ARM.Collect$$rtentry$$00000002  c_w.l(rtentry2.o)(c_w.l)
    0x0800017c   0x00000006   Code   RO          569    .ARM.Collect$$rtentry$$00000004  c_w.l(rtentry4.o)(c_w.l)
    0x08000182   0x00000000   Code   RO          556    .ARM.Collect$$rtentry$$00000009  c_w.l(rtentry2.o)(c_w.l)
    0x08000182   0x00000004   Code   RO          557    .ARM.Collect$$rtentry$$0000000A  c_w.l(rtentry2.o)(c_w.l)
    0x08000186   0x00000000   Code   RO          559    .ARM.Collect$$rtentry$$0000000C  c_w.l(rtentry2.o)(c_w.l)
    0x08000186   0x00000008   Code   RO          560    .ARM.Collect$$rtentry$$0000000D  c_w.l(rtentry2.o)(c_w.l)
    0x0800018e   0x00000002   Code   RO          593    .ARM.Collect$$rtexit$$00000000  c_w.l(rtexit.o)(c_w.l)
    0x08000190   0x00000000   Code   RO          639    .ARM.Collect$$rtexit$$00000002  c_w.l(rtexit2.o)(c_w.l)
    0x08000190   0x00000004   Code   RO          640    .ARM.Collect$$rtexit$$00000003  c_w.l(rtexit2.o)(c_w.l)
    0x08000194   0x00000006   Code   RO          641    .ARM.Collect$$rtexit$$00000004  c_w.l(rtexit2.o)(c_w.l)
    0x0800019a   0x00000002   PAD
    0x0800019c   0x00000002   Code   RO          198    .emb_text           sys.o
    0x0800019e   0x00000002   PAD
    0x080001a0   0x00000034   Code   RO            4    .text               stm32f10x.o
    0x080001d4   0x000001ec   Code   RO           10    .text               test.o
    0x080003c0   0x000000a0   Code   RO          184    .text               delay.o
    0x08000460   0x0000031c   Code   RO          199    .text               sys.o
    0x0800077c   0x000001ac   Code   RO          214    .text               usart.o
    0x08000928   0x000001e8   Code   RO          237    .text               12864.o
    0x08000b10   0x00000378   Code   RO          255    .text               checkdisp.o
    0x08000e88   0x000000c4   Code   RO          268    .text               checkfunc.o
    0x08000f4c   0x00000318   Code   RO          281    .text               disp.o
    0x08001264   0x00000504   Code   RO          293    .text               eeprom.o
    0x08001768   0x00000280   Code   RO          306    .text               func.o
    0x080019e8   0x00000e18   Code   RO          319    .text               gprs.o
    0x08002800   0x000002c0   Code   RO          332    .text               key.o
    0x08002ac0   0x000005a4   Code   RO          345    .text               rtc.o
    0x08003064   0x00000268   Code   RO          366    .text               setdisp.o
    0x080032cc   0x00001994   Code   RO          378    .text               setfunc.o
    0x08004c60   0x00000134   Code   RO          391    .text               timer.o
    0x08004d94   0x000003a0   Code   RO          404    .text               usartx.o
    0x08005134   0x00000044   Code   RO          417    .text               beep.o
    0x08005178   0x0000003c   Code   RO          429    .text               led.o
    0x080051b4   0x000001d4   Code   RO          441    .text               zigbeefunc.o
    0x08005388   0x00000344   Code   RO          454    .text               gprsfunc.o
    0x080056cc   0x00000002   Code   RO          472    .text               c_w.l(use_no_semi_2.o)(c_w.l)
    0x080056ce   0x00000002   PAD
    0x080056d0   0x00000018   Code   RO          476    .text               c_w.l(noretval__2printf.o)(c_w.l)
    0x080056e8   0x0000006a   Code   RO          478    .text               c_w.l(__printf.o)(c_w.l)
    0x08005752   0x00000052   Code   RO          480    .text               c_w.l(_printf_str.o)(c_w.l)
    0x080057a4   0x00000074   Code   RO          482    .text               c_w.l(_printf_dec.o)(c_w.l)
    0x08005818   0x0000008a   Code   RO          505    .text               c_w.l(rt_memcpy_v6.o)(c_w.l)
    0x080058a2   0x00000006   Code   RO          507    .text               c_w.l(heapauxi.o)(c_w.l)
    0x080058a8   0x00000002   Code   RO          533    .text               c_w.l(use_no_semi.o)(c_w.l)
    0x080058aa   0x000000b4   Code   RO          537    .text               c_w.l(_printf_intcommon.o)(c_w.l)
    0x0800595e   0x0000002c   Code   RO          539    .text               c_w.l(_printf_char.o)(c_w.l)
    0x0800598a   0x00000002   PAD
    0x0800598c   0x00000024   Code   RO          541    .text               c_w.l(_printf_char_file.o)(c_w.l)
    0x080059b0   0x00000064   Code   RO          544    .text               c_w.l(rt_memcpy_w.o)(c_w.l)
    0x08005a14   0x00000010   Code   RO          546    .text               c_w.l(rtudiv10.o)(c_w.l)
    0x08005a24   0x00000030   Code   RO          571    .text               c_w.l(_printf_char_common.o)(c_w.l)
    0x08005a54   0x00000008   Code   RO          573    .text               c_w.l(ferror.o)(c_w.l)
    0x08005a5c   0x0000004a   Code   RO          577    .text               c_w.l(sys_stackheap_outer.o)(c_w.l)
    0x08005aa6   0x0000000c   Code   RO          581    .text               c_w.l(exit.o)(c_w.l)
    0x08005ab2   0x00000002   PAD
    0x08005ab4   0x00000008   Code   RO          590    .text               c_w.l(libspace.o)(c_w.l)
    0x08005abc   0x0000000c   Code   RO          649    .text               c_w.l(rt_fp_status_addr_intlibspace.o)(c_w.l)
    0x08005ac8   0x000000c4   Code   RO          511    x$fpl$fadd          fz_ws.l(faddsub_clz.o)(fz_ws.l)
    0x08005b8c   0x00000184   Code   RO          518    x$fpl$fdiv          fz_ws.l(fdiv.o)(fz_ws.l)
    0x08005d10   0x0000003e   Code   RO          521    x$fpl$ffixu         fz_ws.l(ffixu.o)(fz_ws.l)
    0x08005d4e   0x00000002   PAD
    0x08005d50   0x00000026   Code   RO          525    x$fpl$ffltu         fz_ws.l(fflt_clz.o)(fz_ws.l)
    0x08005d76   0x00000002   PAD
    0x08005d78   0x00000102   Code   RO          531    x$fpl$fmul          fz_ws.l(fmul.o)(fz_ws.l)
    0x08005e7a   0x0000008c   Code   RO          548    x$fpl$fnaninf       fz_ws.l(fnaninf.o)(fz_ws.l)
    0x08005f06   0x0000000e   Code   RO          636    x$fpl$fpinit        fz_ws.l(fpinit.o)(fz_ws.l)
    0x08005f14   0x0000000a   Code   RO          550    x$fpl$fretinf       fz_ws.l(fretinf.o)(fz_ws.l)
    0x08005f1e   0x00000014   Code   RO          512    x$fpl$frsb          fz_ws.l(faddsub_clz.o)(fz_ws.l)
    0x08005f32   0x00000002   PAD
    0x08005f34   0x000000ea   Code   RO          513    x$fpl$fsub          fz_ws.l(faddsub_clz.o)(fz_ws.l)
    0x0800601e   0x00000000   Code   RO          552    x$fpl$usenofp       fz_ws.l(usenofp.o)(fz_ws.l)
    0x0800601e   0x0000003c   Data   RO          347    .constdata          rtc.o
    0x0800605a   0x00000015   Data   RO           12    .conststring        test.o
    0x0800606f   0x00000001   PAD
    0x08006070   0x00000020   Data   RO          713    Region$$Table       anon$$obj.o


    Execution Region RW_IRAM1 (Base: 0x20000000, Size: 0x00000420, Max: 0x00010000, ABSOLUTE)

    Base Addr    Size         Type   Attr      Idx    E Section Name        Object

    0x20000000   0x00000061   Data   RW           13    .data               test.o
    0x20000061   0x00000001   PAD
    0x20000062   0x00000004   Data   RW          185    .data               delay.o
    0x20000066   0x00000002   PAD
    0x20000068   0x00000008   Data   RW          216    .data               usart.o
    0x20000070   0x00000004   Data   RW          238    .data               12864.o
    0x20000074   0x00000002   Data   RW          348    .data               rtc.o
    0x20000076   0x00000001   Data   RW          455    .data               gprsfunc.o
    0x20000077   0x00000001   PAD
    0x20000078   0x000000f9   Zero   RW           11    .bss                test.o
    0x20000171   0x00000040   Zero   RW          215    .bss                usart.o
    0x200001b1   0x00000001   PAD
    0x200001b2   0x0000000a   Zero   RW          346    .bss                rtc.o
    0x200001bc   0x00000060   Zero   RW          591    .bss                c_w.l(libspace.o)(c_w.l)
    0x2000021c   0x00000004   PAD
    0x20000220   0x00000000   Zero   RW            2    HEAP                stm32f10x.o
    0x20000220   0x00000200   Zero   RW            1    STACK               stm32f10x.o


==============================================================================

Image component sizes


      Code (inc. data)   RO Data    RW Data    ZI Data      Debug   Object Name

       488         32          0          4          0          0   12864.o
        68         12          0          0          0          0   beep.o
       888         72          0          0          0          0   checkdisp.o
       196         10          0          0          0          0   checkfunc.o
       160          8          0          4          0          0   delay.o
       792        250          0          0          0          0   disp.o
      1284        114          0          0          0          0   eeprom.o
       640          8          0          0          0          0   func.o
      3608        922          0          0          0          0   gprs.o
       836        214          0          1          0          0   gprsfunc.o
       704         32          0          0          0          0   key.o
        60         18          0          0          0          0   led.o
      1444         94         60          2         10          0   rtc.o
       616        290          0          0          0          0   setdisp.o
      6548        430          0          0          0          0   setfunc.o
        52         18        236          0        512          0   stm32f10x.o
       798         72          0          0          0          0   sys.o
       492         36         21         97        249          0   test.o
       308         26          0          0          0          0   timer.o
       428         42          0          8         64          0   usart.o
       928         76          0          0          0          0   usartx.o
       468        154          0          0          0          0   zigbeefunc.o

    ----------------------------------------------------------------------
     21808       2930        350        120        836          0   Object Totals
         0          0         32          0          0          0   (incl. Generated)
         2          0          1          4          1          0   (incl. Padding)

    ----------------------------------------------------------------------

      Code (inc. data)   RO Data    RW Data    ZI Data      Debug   Library Member Name

         8          0          0          0          0          0   __main.o
       106          0          0          0          0          0   __printf.o
        52          8          0          0          0          0   __scatter.o
        26          0          0          0          0          0   __scatter_copy.o
        28          0          0          0          0          0   __scatter_zi.o
        44          0          0          0          0          0   _printf_char.o
        48          6          0          0          0          0   _printf_char_common.o
        36          4          0          0          0          0   _printf_char_file.o
         6          0          0          0          0          0   _printf_d.o
       116         18          0          0          0          0   _printf_dec.o
       180          0          0          0          0          0   _printf_intcommon.o
         0          0          0          0          0          0   _printf_percent.o
         4          0          0          0          0          0   _printf_percent_end.o
         6          0          0          0          0          0   _printf_s.o
        82          0          0          0          0          0   _printf_str.o
        12          0          0          0          0          0   exit.o
         8          0          0          0          0          0   ferror.o
         6          0          0          0          0          0   heapauxi.o
         6          0          0          0          0          0   libinit.o
         2          0          0          0          0          0   libinit2.o
         2          0          0          0          0          0   libshutdown.o
         2          0          0          0          0          0   libshutdown2.o
         8          4          0          0         96          0   libspace.o
        24          4          0          0          0          0   noretval__2printf.o
        12          4          0          0          0          0   rt_fp_status_addr_intlibspace.o
       138          0          0          0          0          0   rt_memcpy_v6.o
       100          0          0          0          0          0   rt_memcpy_w.o
         0          0          0          0          0          0   rtentry.o
        12          0          0          0          0          0   rtentry2.o
         6          0          0          0          0          0   rtentry4.o
         2          0          0          0          0          0   rtexit.o
        10          0          0          0          0          0   rtexit2.o
        16          0          0          0          0          0   rtudiv10.o
        74          0          0          0          0          0   sys_stackheap_outer.o
         2          0          0          0          0          0   use_no_semi.o
         2          0          0          0          0          0   use_no_semi_2.o
       450          8          0          0          0          0   faddsub_clz.o
       388         76          0          0          0          0   fdiv.o
        62          4          0          0          0          0   ffixu.o
        38          0          0          0          0          0   fflt_clz.o
       258          4          0          0          0          0   fmul.o
       140          4          0          0          0          0   fnaninf.o
        14          0          0          0          0          0   fpinit.o
        10          0          0          0          0          0   fretinf.o
         0          0          0          0          0          0   usenofp.o

    ----------------------------------------------------------------------
      2562        144          0          0        100          0   Library Totals
        16          0          0          0          4          0   (incl. Padding)

    ----------------------------------------------------------------------

      Code (inc. data)   RO Data    RW Data    ZI Data      Debug   Library Name

      1186         48          0          0         96       1636   c_w.l
      1360         96          0          0          0        796   fz_ws.l

    ----------------------------------------------------------------------
      2562        144          0          0        100          0   Library Totals

    ----------------------------------------------------------------------

==============================================================================


      Code (inc. data)   RO Data    RW Data    ZI Data      Debug   

     24370       3074        350        120        936      52796   Grand Totals
     24370       3074        350        120        936      52796   ELF Image Totals
     24370       3074        350        120          0          0   ROM Totals

==============================================================================

    Total RO  Size (Code + RO Data)                24720 (  24.14kB)
    Total RW  Size (RW Data + ZI Data)              1056 (   1.03kB)
    Total ROM Size (Code + RO Data + RW Data)      24840 (  24.26kB)

==============================================================================

