<html>
<body>
<pre>
<h1>礦ision Build Log</h1>
<h2>Project:</h2>
E:\HDU\智能照明集中控制系统\照明系统程序\2012.01.10\USER\test.uvproj
Project File Date:  01/04/2012

<h2>Output:</h2>
Load "..\\OUTPUT\\test.AXF" 
Load "..\\OUTPUT\\test.AXF" 
Set JLink Project File to "E:\HDU\智能照明集中控制系统\照明系统程序\2012.01.10\USER\JLinkSettings.ini"
 
JLink info:
------------
DLL: V4.15n, compiled Jun 18 2010 19:55:09
Firmware: J-Link ARM V8 compiled Oct  7 2010 10:56:54
Hardware: V8.00
S/N : 20090626 
Feature(s) : RDI,FlashDL,FlashBP,JFlash,GDBFull 
 
* JLink Info: Found SWD-DP with ID 0x1BA01477
* JLink Info: TPIU fitted.
* JLink Info: ETM fitted.
* JLink Info:   FPUnit: 6 code (BP) slots and 2 literal slots
ROMTableAddr = 0xE00FF003
 
Target info:
------------
Device: STM32F103ZE
VTarget = 3.338V
State of Pins: 
TCK: 0, TDI: 1, TDO: 1, TMS: 0, TRES: 1, TRST: 1
* JLink Info: Found SWD-DP with ID 0x1BA01477
* JLink Info: TPIU fitted.
* JLink Info: ETM fitted.
* JLink Info:   FPUnit: 6 code (BP) slots and 2 literal slots
Hardware-Breakpoints: 6
Software-Breakpoints: 2048
Watchpoints:          4
JTAG speed: 4000 kHz
 
Erase Done.
Programming Done.
Verify OK.
* JLink Info: Found SWD-DP with ID 0x1BA01477
* JLink Info: TPIU fitted.
* JLink Info: ETM fitted.
* JLink Info:   FPUnit: 6 code (BP) slots and 2 literal slots
Application running ...
Build target 'Target 1'
assembling STM32F10x.s...
compiling test.c...
compiling delay.c...
compiling sys.c...
compiling usart.c...
compiling 12864.c...
compiling checkdisp.c...
compiling checkfunc.c...
compiling disp.c...
compiling eeprom.c...
compiling func.c...
compiling gprs.c...
compiling key.c...
compiling rtc.c...
compiling setdisp.c...
compiling setfunc.c...
compiling timer.c...
compiling usartx.c...
compiling beep.c...
compiling led.c...
compiling zigbeefunc.c...
compiling gprsfunc.c...
linking...
Program Size: Code=24330 RO-data=350 RW-data=120 ZI-data=936  
FromELF: creating hex file...
"..\OUTPUT\test.axf" - 0 Error(s), 0 Warning(s).
Load "..\\OUTPUT\\test.AXF" 
Set JLink Project File to "E:\HDU\智能照明集中控制系统\照明系统程序\2012.01.10\USER\JLinkSettings.ini"
 
JLink info:
------------
DLL: V4.15n, compiled Jun 18 2010 19:55:09
Firmware: J-Link ARM V8 compiled Oct  7 2010 10:56:54
Hardware: V8.00
S/N : 20090626 
Feature(s) : RDI,FlashDL,FlashBP,JFlash,GDBFull 
 
* JLink Info: Found SWD-DP with ID 0x1BA01477
* JLink Info: TPIU fitted.
* JLink Info: ETM fitted.
* JLink Info:   FPUnit: 6 code (BP) slots and 2 literal slots
ROMTableAddr = 0xE00FF003
 
Target info:
------------
Device: STM32F103ZE
VTarget = 3.338V
State of Pins: 
TCK: 0, TDI: 1, TDO: 1, TMS: 0, TRES: 1, TRST: 1
* JLink Info: Found SWD-DP with ID 0x1BA01477
* JLink Info: TPIU fitted.
* JLink Info: ETM fitted.
* JLink Info:   FPUnit: 6 code (BP) slots and 2 literal slots
Hardware-Breakpoints: 6
Software-Breakpoints: 2048
Watchpoints:          4
JTAG speed: 4000 kHz
 
Erase Done.
Programming Done.
Verify OK.
* JLink Info: Found SWD-DP with ID 0x1BA01477
* JLink Info: TPIU fitted.
* JLink Info: ETM fitted.
* JLink Info:   FPUnit: 6 code (BP) slots and 2 literal slots
Application running ...
Build target 'Target 1'
assembling STM32F10x.s...
compiling test.c...
compiling delay.c...
compiling sys.c...
compiling usart.c...
compiling 12864.c...
compiling checkdisp.c...
compiling checkfunc.c...
compiling disp.c...
compiling eeprom.c...
compiling func.c...
compiling gprs.c...
compiling key.c...
compiling rtc.c...
compiling setdisp.c...
compiling setfunc.c...
compiling timer.c...
compiling usartx.c...
compiling beep.c...
compiling led.c...
compiling zigbeefunc.c...
compiling gprsfunc.c...
linking...
Program Size: Code=24350 RO-data=350 RW-data=120 ZI-data=936  
FromELF: creating hex file...
"..\OUTPUT\test.axf" - 0 Error(s), 0 Warning(s).
Load "..\\OUTPUT\\test.AXF" 
Set JLink Project File to "E:\HDU\智能照明集中控制系统\照明系统程序\2012.01.10\USER\JLinkSettings.ini"
 
JLink info:
------------
DLL: V4.15n, compiled Jun 18 2010 19:55:09
Firmware: J-Link ARM V8 compiled Oct  7 2010 10:56:54
Hardware: V8.00
S/N : 20090626 
Feature(s) : RDI,FlashDL,FlashBP,JFlash,GDBFull 
 
* JLink Info: Found SWD-DP with ID 0x1BA01477
* JLink Info: TPIU fitted.
* JLink Info: ETM fitted.
* JLink Info:   FPUnit: 6 code (BP) slots and 2 literal slots
ROMTableAddr = 0xE00FF003
 
Target info:
------------
Device: STM32F103ZE
VTarget = 3.338V
State of Pins: 
TCK: 0, TDI: 1, TDO: 1, TMS: 0, TRES: 1, TRST: 1
* JLink Info: Found SWD-DP with ID 0x1BA01477
* JLink Info: TPIU fitted.
* JLink Info: ETM fitted.
* JLink Info:   FPUnit: 6 code (BP) slots and 2 literal slots
Hardware-Breakpoints: 6
Software-Breakpoints: 2048
Watchpoints:          4
JTAG speed: 4000 kHz
 
Erase Done.
Programming Done.
Verify OK.
* JLink Info: Found SWD-DP with ID 0x1BA01477
* JLink Info: TPIU fitted.
* JLink Info: ETM fitted.
* JLink Info:   FPUnit: 6 code (BP) slots and 2 literal slots
Application running ...
Build target 'Target 1'
assembling STM32F10x.s...
compiling test.c...
compiling delay.c...
compiling sys.c...
compiling usart.c...
compiling 12864.c...
compiling checkdisp.c...
compiling checkfunc.c...
compiling disp.c...
compiling eeprom.c...
compiling func.c...
compiling gprs.c...
compiling key.c...
compiling rtc.c...
compiling setdisp.c...
compiling setfunc.c...
compiling timer.c...
compiling usartx.c...
compiling beep.c...
compiling led.c...
compiling zigbeefunc.c...
compiling gprsfunc.c...
linking...
Program Size: Code=24366 RO-data=350 RW-data=120 ZI-data=936  
FromELF: creating hex file...
"..\OUTPUT\test.axf" - 0 Error(s), 0 Warning(s).
Load "..\\OUTPUT\\test.AXF" 
Set JLink Project File to "E:\HDU\智能照明集中控制系统\照明系统程序\2012.01.10\USER\JLinkSettings.ini"
 
JLink info:
------------
DLL: V4.15n, compiled Jun 18 2010 19:55:09
Firmware: J-Link ARM V8 compiled Oct  7 2010 10:56:54
Hardware: V8.00
S/N : 20090626 
Feature(s) : RDI,FlashDL,FlashBP,JFlash,GDBFull 
 
* JLink Info: Found SWD-DP with ID 0x1BA01477
* JLink Info: TPIU fitted.
* JLink Info: ETM fitted.
* JLink Info:   FPUnit: 6 code (BP) slots and 2 literal slots
ROMTableAddr = 0xE00FF003
 
Target info:
------------
Device: STM32F103ZE
VTarget = 3.338V
State of Pins: 
TCK: 0, TDI: 1, TDO: 1, TMS: 0, TRES: 1, TRST: 1
* JLink Info: Found SWD-DP with ID 0x1BA01477
* JLink Info: TPIU fitted.
* JLink Info: ETM fitted.
* JLink Info:   FPUnit: 6 code (BP) slots and 2 literal slots
Hardware-Breakpoints: 6
Software-Breakpoints: 2048
Watchpoints:          4
JTAG speed: 4000 kHz
 
Erase Done.
Programming Done.
Verify OK.
* JLink Info: Found SWD-DP with ID 0x1BA01477
* JLink Info: TPIU fitted.
* JLink Info: ETM fitted.
* JLink Info:   FPUnit: 6 code (BP) slots and 2 literal slots
Application running ...
Build target 'Target 1'
assembling STM32F10x.s...
compiling test.c...
compiling delay.c...
compiling sys.c...
compiling usart.c...
compiling 12864.c...
compiling checkdisp.c...
compiling checkfunc.c...
compiling disp.c...
compiling eeprom.c...
compiling func.c...
compiling gprs.c...
compiling key.c...
compiling rtc.c...
compiling setdisp.c...
compiling setfunc.c...
compiling timer.c...
compiling usartx.c...
compiling beep.c...
compiling led.c...
compiling zigbeefunc.c...
compiling gprsfunc.c...
linking...
Program Size: Code=24370 RO-data=350 RW-data=120 ZI-data=936  
FromELF: creating hex file...
"..\OUTPUT\test.axf" - 0 Error(s), 0 Warning(s).
Load "..\\OUTPUT\\test.AXF" 
Set JLink Project File to "E:\HDU\智能照明集中控制系统\照明系统程序\2012.01.10\USER\JLinkSettings.ini"
 
JLink info:
------------
DLL: V4.15n, compiled Jun 18 2010 19:55:09
Firmware: J-Link ARM V8 compiled Oct  7 2010 10:56:54
Hardware: V8.00
S/N : 20090626 
Feature(s) : RDI,FlashDL,FlashBP,JFlash,GDBFull 
 
* JLink Info: Found SWD-DP with ID 0x1BA01477
* JLink Info: TPIU fitted.
* JLink Info: ETM fitted.
* JLink Info:   FPUnit: 6 code (BP) slots and 2 literal slots
ROMTableAddr = 0xE00FF003
 
Target info:
------------
Device: STM32F103ZE
VTarget = 3.338V
State of Pins: 
TCK: 0, TDI: 1, TDO: 1, TMS: 0, TRES: 1, TRST: 1
* JLink Info: Found SWD-DP with ID 0x1BA01477
* JLink Info: TPIU fitted.
* JLink Info: ETM fitted.
* JLink Info:   FPUnit: 6 code (BP) slots and 2 literal slots
Hardware-Breakpoints: 6
Software-Breakpoints: 2048
Watchpoints:          4
JTAG speed: 4000 kHz
 
Erase Done.
Programming Done.
Verify OK.
* JLink Info: Found SWD-DP with ID 0x1BA01477
* JLink Info: TPIU fitted.
* JLink Info: ETM fitted.
* JLink Info:   FPUnit: 6 code (BP) slots and 2 literal slots
Application running ...
Build target 'Target 1'
assembling STM32F10x.s...
compiling test.c...
compiling delay.c...
compiling sys.c...
compiling usart.c...
compiling 12864.c...
compiling checkdisp.c...
compiling checkfunc.c...
compiling disp.c...
compiling eeprom.c...
compiling func.c...
compiling gprs.c...
compiling key.c...
compiling rtc.c...
compiling setdisp.c...
compiling setfunc.c...
compiling timer.c...
compiling usartx.c...
compiling beep.c...
compiling led.c...
compiling zigbeefunc.c...
compiling gprsfunc.c...
linking...
Program Size: Code=24370 RO-data=350 RW-data=120 ZI-data=936  
FromELF: creating hex file...
"..\OUTPUT\test.axf" - 0 Error(s), 0 Warning(s).
Load "..\\OUTPUT\\test.AXF" 
Set JLink Project File to "E:\HDU\智能照明集中控制系统\照明系统程序\2012.01.10\USER\JLinkSettings.ini"
 
JLink info:
------------
DLL: V4.15n, compiled Jun 18 2010 19:55:09
Firmware: J-Link ARM V8 compiled Oct  7 2010 10:56:54
Hardware: V8.00
S/N : 20090626 
Feature(s) : RDI,FlashDL,FlashBP,JFlash,GDBFull 
 
* JLink Info: Found SWD-DP with ID 0x1BA01477
* JLink Info: TPIU fitted.
* JLink Info: ETM fitted.
* JLink Info:   FPUnit: 6 code (BP) slots and 2 literal slots
ROMTableAddr = 0xE00FF003
 
Target info:
------------
Device: STM32F103ZE
VTarget = 3.332V
State of Pins: 
TCK: 0, TDI: 1, TDO: 1, TMS: 0, TRES: 1, TRST: 1
* JLink Info: Found SWD-DP with ID 0x1BA01477
* JLink Info: TPIU fitted.
* JLink Info: ETM fitted.
* JLink Info:   FPUnit: 6 code (BP) slots and 2 literal slots
Hardware-Breakpoints: 6
Software-Breakpoints: 2048
Watchpoints:          4
JTAG speed: 4000 kHz
 
Erase Done.
Programming Done.
Verify OK.
* JLink Info: Found SWD-DP with ID 0x1BA01477
* JLink Info: TPIU fitted.
* JLink Info: ETM fitted.
* JLink Info:   FPUnit: 6 code (BP) slots and 2 literal slots
Application running ...
Build target 'Target 1'
assembling STM32F10x.s...
compiling test.c...
compiling delay.c...
compiling sys.c...
compiling usart.c...
compiling 12864.c...
compiling checkdisp.c...
compiling checkfunc.c...
compiling disp.c...
compiling eeprom.c...
compiling func.c...
compiling gprs.c...
compiling key.c...
compiling rtc.c...
compiling setdisp.c...
compiling setfunc.c...
compiling timer.c...
compiling usartx.c...
compiling beep.c...
compiling led.c...
compiling zigbeefunc.c...
compiling gprsfunc.c...
linking...
Program Size: Code=24370 RO-data=350 RW-data=120 ZI-data=936  
FromELF: creating hex file...
"..\OUTPUT\test.axf" - 0 Error(s), 0 Warning(s).
Load "..\\OUTPUT\\test.AXF" 
Set JLink Project File to "E:\HDU\智能照明集中控制系统\照明系统程序\2012.01.10\USER\JLinkSettings.ini"
 
JLink info:
------------
DLL: V4.15n, compiled Jun 18 2010 19:55:09
Firmware: J-Link ARM V8 compiled Oct  7 2010 10:56:54
Hardware: V8.00
S/N : 20090626 
Feature(s) : RDI,FlashDL,FlashBP,JFlash,GDBFull 
 
**JLink Warning: RESET (pin 15) high, but should be low. Please check target hardware.
**JLink Warning: No matching core found.
***JLink Error: Supply voltage too low (1 Volt is required, Measured: 0.0 Volt).
Please check target power.
Load "..\\OUTPUT\\test.AXF" 
Set JLink Project File to "E:\HDU\智能照明集中控制系统\照明系统程序\2012.01.10\USER\JLinkSettings.ini"
 
JLink info:
------------
DLL: V4.15n, compiled Jun 18 2010 19:55:09
Firmware: J-Link ARM V8 compiled Oct  7 2010 10:56:54
Hardware: V8.00
S/N : 20090626 
Feature(s) : RDI,FlashDL,FlashBP,JFlash,GDBFull 
 
* JLink Info: Found SWD-DP with ID 0x1BA01477
* JLink Info: TPIU fitted.
* JLink Info: ETM fitted.
* JLink Info:   FPUnit: 6 code (BP) slots and 2 literal slots
ROMTableAddr = 0xE00FF003
 
Target info:
------------
Device: STM32F103ZE
VTarget = 3.338V
State of Pins: 
TCK: 0, TDI: 1, TDO: 1, TMS: 0, TRES: 1, TRST: 1
* JLink Info: Found SWD-DP with ID 0x1BA01477
* JLink Info: TPIU fitted.
* JLink Info: ETM fitted.
* JLink Info:   FPUnit: 6 code (BP) slots and 2 literal slots
Hardware-Breakpoints: 6
Software-Breakpoints: 2048
Watchpoints:          4
JTAG speed: 4000 kHz
 
Erase Done.
Programming Done.
Verify OK.
* JLink Info: Found SWD-DP with ID 0x1BA01477
* JLink Info: TPIU fitted.
* JLink Info: ETM fitted.
* JLink Info:   FPUnit: 6 code (BP) slots and 2 literal slots
Application running ...
